Archive member included because of file (symbol)

C:\Users\Thanh\AppData\Local\Temp\VMicroBuilds\cc3200_smartconfig\energia_energia_cc3200_CC3200-LAUNCHXL/core.a(startup_gcc.c.o)
                              (ResetISR)
C:\Users\Thanh\AppData\Local\Temp\VMicroBuilds\cc3200_smartconfig\energia_energia_cc3200_CC3200-LAUNCHXL/core.a(wiring.c.o)
                              C:\Users\Thanh\AppData\Local\Temp\VMicroBuilds\cc3200_smartconfig\energia_energia_cc3200_CC3200-LAUNCHXL\cc3200_smartconfig.cpp.o (delay)
C:\Users\Thanh\AppData\Local\Temp\VMicroBuilds\cc3200_smartconfig\energia_energia_cc3200_CC3200-LAUNCHXL/core.a(HardwareSerial.cpp.o)
                              C:\Users\Thanh\AppData\Local\Temp\VMicroBuilds\cc3200_smartconfig\energia_energia_cc3200_CC3200-LAUNCHXL\cc3200_smartconfig.cpp.o (HardwareSerial::begin(unsigned long))
C:\Users\Thanh\AppData\Local\Temp\VMicroBuilds\cc3200_smartconfig\energia_energia_cc3200_CC3200-LAUNCHXL/core.a(IPAddress.cpp.o)
                              C:\Users\Thanh\AppData\Local\Temp\VMicroBuilds\cc3200_smartconfig\energia_energia_cc3200_CC3200-LAUNCHXL\WiFi\WiFi.cpp.o (IPAddress::IPAddress())
C:\Users\Thanh\AppData\Local\Temp\VMicroBuilds\cc3200_smartconfig\energia_energia_cc3200_CC3200-LAUNCHXL/core.a(MACAddress.cpp.o)
                              C:\Users\Thanh\AppData\Local\Temp\VMicroBuilds\cc3200_smartconfig\energia_energia_cc3200_CC3200-LAUNCHXL\WiFi\WiFi.cpp.o (MACAddress::MACAddress(unsigned char const*))
C:\Users\Thanh\AppData\Local\Temp\VMicroBuilds\cc3200_smartconfig\energia_energia_cc3200_CC3200-LAUNCHXL/core.a(main.cpp.o)
                              C:\Users\Thanh\AppData\Local\Temp\VMicroBuilds\cc3200_smartconfig\energia_energia_cc3200_CC3200-LAUNCHXL/core.a(startup_gcc.c.o) (_init)
C:\Users\Thanh\AppData\Local\Temp\VMicroBuilds\cc3200_smartconfig\energia_energia_cc3200_CC3200-LAUNCHXL/core.a(new.cpp.o)
                              C:\Users\Thanh\AppData\Local\Temp\VMicroBuilds\cc3200_smartconfig\energia_energia_cc3200_CC3200-LAUNCHXL\WiFi\SLFS.cpp.o (operator new(unsigned int))
C:\Users\Thanh\AppData\Local\Temp\VMicroBuilds\cc3200_smartconfig\energia_energia_cc3200_CC3200-LAUNCHXL/core.a(Print.cpp.o)
                              C:\Users\Thanh\AppData\Local\Temp\VMicroBuilds\cc3200_smartconfig\energia_energia_cc3200_CC3200-LAUNCHXL\WiFi\SLFS.cpp.o (Print::write(unsigned char const*, unsigned int))
C:\Users\Thanh\AppData\Local\Temp\VMicroBuilds\cc3200_smartconfig\energia_energia_cc3200_CC3200-LAUNCHXL/core.a(WString.cpp.o)
                              C:\Users\Thanh\AppData\Local\Temp\VMicroBuilds\cc3200_smartconfig\energia_energia_cc3200_CC3200-LAUNCHXL\WiFi\SLFS.cpp.o (String::~String())
C:\Users\Thanh\AppData\Local\Temp\VMicroBuilds\cc3200_smartconfig\energia_energia_cc3200_CC3200-LAUNCHXL/core.a(itoa.c.o)
                              C:\Users\Thanh\AppData\Local\Temp\VMicroBuilds\cc3200_smartconfig\energia_energia_cc3200_CC3200-LAUNCHXL/core.a(WString.cpp.o) (ltoa)
C:\Users\Thanh\AppData\Local\Temp\VMicroBuilds\cc3200_smartconfig\energia_energia_cc3200_CC3200-LAUNCHXL/core.a(dtostrf.c.o)
                              C:\Users\Thanh\AppData\Local\Temp\VMicroBuilds\cc3200_smartconfig\energia_energia_cc3200_CC3200-LAUNCHXL/core.a(WString.cpp.o) (dtostrf)
C:\Users\Thanh\AppData\Local\Energia15\packages\energia\hardware\cc3200\1.0.2\system/driverlib/libdriverlib.a(cpu.o)
                              C:\Users\Thanh\AppData\Local\Temp\VMicroBuilds\cc3200_smartconfig\energia_energia_cc3200_CC3200-LAUNCHXL\WiFi\utility\cc_pm_ops.c.o (CPUcpsid)
C:\Users\Thanh\AppData\Local\Energia15\packages\energia\hardware\cc3200\1.0.2\system/driverlib/libdriverlib.a(gpio.o)
                              C:\Users\Thanh\AppData\Local\Temp\VMicroBuilds\cc3200_smartconfig\energia_energia_cc3200_CC3200-LAUNCHXL\WiFi\utility\gpio_hal.c.o (GPIODirModeSet)
C:\Users\Thanh\AppData\Local\Energia15\packages\energia\hardware\cc3200\1.0.2\system/driverlib/libdriverlib.a(interrupt.o)
                              C:\Users\Thanh\AppData\Local\Temp\VMicroBuilds\cc3200_smartconfig\energia_energia_cc3200_CC3200-LAUNCHXL/core.a(HardwareSerial.cpp.o) (IntMasterEnable)
C:\Users\Thanh\AppData\Local\Energia15\packages\energia\hardware\cc3200\1.0.2\system/driverlib/libdriverlib.a(pin.o)
                              C:\Users\Thanh\AppData\Local\Temp\VMicroBuilds\cc3200_smartconfig\energia_energia_cc3200_CC3200-LAUNCHXL\WiFi\utility\cc_io_park.c.o (PinModeSet)
C:\Users\Thanh\AppData\Local\Energia15\packages\energia\hardware\cc3200\1.0.2\system/driverlib/libdriverlib.a(prcm.o)
                              C:\Users\Thanh\AppData\Local\Temp\VMicroBuilds\cc3200_smartconfig\energia_energia_cc3200_CC3200-LAUNCHXL\WiFi\utility\cc_pal.c.o (PRCMPeripheralClkEnable)
C:\Users\Thanh\AppData\Local\Energia15\packages\energia\hardware\cc3200\1.0.2\system/driverlib/libdriverlib.a(spi.o)
[...]
Memory Configuration

Name             Origin             Length             Attributes
SRAM             0x20004000         0x00030000         xrw
*default*        0x00000000         0xffffffff

Linker script and memory map

START GROUP
LOAD C:\Users\Thanh\AppData\Local\Temp\VMicroBuilds\cc3200_smartconfig\energia_energia_cc3200_CC3200-LAUNCHXL\cc3200_smartconfig.cpp.o
LOAD C:\Users\Thanh\AppData\Local\Temp\VMicroBuilds\cc3200_smartconfig\energia_energia_cc3200_CC3200-LAUNCHXL\WiFi\SLFS.cpp.o
LOAD C:\Users\Thanh\AppData\Local\Temp\VMicroBuilds\cc3200_smartconfig\energia_energia_cc3200_CC3200-LAUNCHXL\WiFi\WiFi.cpp.o
LOAD C:\Users\Thanh\AppData\Local\Temp\VMicroBuilds\cc3200_smartconfig\energia_energia_cc3200_CC3200-LAUNCHXL\WiFi\WiFiClient.cpp.o
LOAD C:\Users\Thanh\AppData\Local\Temp\VMicroBuilds\cc3200_smartconfig\energia_energia_cc3200_CC3200-LAUNCHXL\WiFi\WiFiServer.cpp.o
LOAD C:\Users\Thanh\AppData\Local\Temp\VMicroBuilds\cc3200_smartconfig\energia_energia_cc3200_CC3200-LAUNCHXL\WiFi\WiFiUdp.cpp.o
LOAD C:\Users\Thanh\AppData\Local\Temp\VMicroBuilds\cc3200_smartconfig\energia_energia_cc3200_CC3200-LAUNCHXL\WiFi\utility\cc_io_park.c.o
LOAD C:\Users\Thanh\AppData\Local\Temp\VMicroBuilds\cc3200_smartconfig\energia_energia_cc3200_CC3200-LAUNCHXL\WiFi\utility\cc_pal.c.o
LOAD C:\Users\Thanh\AppData\Local\Temp\VMicroBuilds\cc3200_smartconfig\energia_energia_cc3200_CC3200-LAUNCHXL\WiFi\utility\cc_pm.c.o
LOAD C:\Users\Thanh\AppData\Local\Temp\VMicroBuilds\cc3200_smartconfig\energia_energia_cc3200_CC3200-LAUNCHXL\WiFi\utility\cc_pm_ops.c.o
LOAD C:\Users\Thanh\AppData\Local\Temp\VMicroBuilds\cc3200_smartconfig\energia_energia_cc3200_CC3200-LAUNCHXL\WiFi\utility\device.c.o
LOAD C:\Users\Thanh\AppData\Local\Temp\VMicroBuilds\cc3200_smartconfig\energia_energia_cc3200_CC3200-LAUNCHXL\WiFi\utility\driver.c.o
LOAD C:\Users\Thanh\AppData\Local\Temp\VMicroBuilds\cc3200_smartconfig\energia_energia_cc3200_CC3200-LAUNCHXL\WiFi\utility\flowcont.c.o
LOAD C:\Users\Thanh\AppData\Local\Temp\VMicroBuilds\cc3200_smartconfig\energia_energia_cc3200_CC3200-LAUNCHXL\WiFi\utility\fs.c.o
LOAD C:\Users\Thanh\AppData\Local\Temp\VMicroBuilds\cc3200_smartconfig\energia_energia_cc3200_CC3200-LAUNCHXL\WiFi\utility\gpio_hal.c.o
LOAD C:\Users\Thanh\AppData\Local\Temp\VMicroBuilds\cc3200_smartconfig\energia_energia_cc3200_CC3200-LAUNCHXL\WiFi\utility\interrupt_hal.c.o
LOAD C:\Users\Thanh\AppData\Local\Temp\VMicroBuilds\cc3200_smartconfig\energia_energia_cc3200_CC3200-LAUNCHXL\WiFi\utility\netapp.c.o
LOAD C:\Users\Thanh\AppData\Local\Temp\VMicroBuilds\cc3200_smartconfig\energia_energia_cc3200_CC3200-LAUNCHXL\WiFi\utility\netcfg.c.o
LOAD C:\Users\Thanh\AppData\Local\Temp\VMicroBuilds\cc3200_smartconfig\energia_energia_cc3200_CC3200-LAUNCHXL\WiFi\utility\nonos.c.o
LOAD C:\Users\Thanh\AppData\Local\Temp\VMicroBuilds\cc3200_smartconfig\energia_energia_cc3200_CC3200-LAUNCHXL\WiFi\utility\socket.c.o
LOAD C:\Users\Thanh\AppData\Local\Temp\VMicroBuilds\cc3200_smartconfig\energia_energia_cc3200_CC3200-LAUNCHXL\WiFi\utility\spawn.c.o
LOAD C:\Users\Thanh\AppData\Local\Temp\VMicroBuilds\cc3200_smartconfig\energia_energia_cc3200_CC3200-LAUNCHXL\WiFi\utility\udma_if.c.o
LOAD C:\Users\Thanh\AppData\Local\Temp\VMicroBuilds\cc3200_smartconfig\energia_energia_cc3200_CC3200-LAUNCHXL\WiFi\utility\wlan.c.o
LOAD C:\Users\Thanh\AppData\Local\Temp\VMicroBuilds\cc3200_smartconfig\energia_energia_cc3200_CC3200-LAUNCHXL\WiFi\utility\SimpleLinkCallbacks.cpp.o
LOAD C:\Users\Thanh\AppData\Local\Temp\VMicroBuilds\cc3200_smartconfig\energia_energia_cc3200_CC3200-LAUNCHXL/core.a
END GROUP
LOAD C:\Users\Thanh\AppData\Local\Energia15\packages\energia\hardware\cc3200\1.0.2\system/driverlib/libdriverlib.a
LOAD c:/users/thanh/appdata/local/energia15/packages/energia/tools/arm-none-eabi-gcc/4.8.4-20140725/bin/../lib/gcc/arm-none-eabi/4.8.4/../../../../arm-none-eabi/lib/armv7e-m\libm.a
LOAD c:/users/thanh/appdata/local/energia15/packages/energia/tools/arm-none-eabi-gcc/4.8.4-20140725/bin/../lib/gcc/arm-none-eabi/4.8.4/../../../../arm-none-eabi/lib/armv7e-m\libc.a
LOAD c:/users/thanh/appdata/local/energia15/packages/energia/tools/arm-none-eabi-gcc/4.8.4-20140725/bin/../lib/gcc/arm-none-eabi/4.8.4/armv7e-m\libgcc.a
                0x00010000                HEAP_SIZE = 0x10000

.text           0x20004000     0x5220
                0x20004000                _text = .
 *(.intvecs)
 .intvecs       0x20004000      0x400 C:\Users\Thanh\AppData\Local\Temp\VMicroBuilds\cc3200_smartconfig\energia_energia_cc3200_CC3200-LAUNCHXL/core.a(startup_gcc.c.o)
                0x20004000                g_pfnVectors
 *(.text*)
 .text.setup    0x20004400       0x9c C:\Users\Thanh\AppData\Local\Temp\VMicroBuilds\cc3200_smartconfig\energia_energia_cc3200_CC3200-LAUNCHXL\cc3200_smartconfig.cpp.o
                0x20004400                setup
 .text.loop     0x2000449c        0x2 C:\Users\Thanh\AppData\Local\Temp\VMicroBuilds\cc3200_smartconfig\energia_energia_cc3200_CC3200-LAUNCHXL\cc3200_smartconfig.cpp.o
                0x2000449c                loop
 *fill*         0x2000449e        0x2 
 .text._ZN4SLFS4seekEl
                0x200044a0       0x20 C:\Users\Thanh\AppData\Local\Temp\VMicroBuilds\cc3200_smartconfig\energia_energia_cc3200_CC3200-LAUNCHXL\WiFi\SLFS.cpp.o
                0x200044a0                SLFS::seek(long)
 .text._ZN4SLFS4sizeEv
                0x200044c0        0x4 C:\Users\Thanh\AppData\Local\Temp\VMicroBuilds\cc3200_smartconfig\energia_energia_cc3200_CC3200-LAUNCHXL\WiFi\SLFS.cpp.o
                0x200044c0                SLFS::size()
 .text._ZN4SLFS5flushEv
                0x200044c4        0x2 C:\Users\Thanh\AppData\Local\Temp\VMicroBuilds\cc3200_smartconfig\energia_energia_cc3200_CC3200-LAUNCHXL\WiFi\SLFS.cpp.o
                0x200044c4                SLFS::flush()
 .text._ZN4SLFS5writeEPKvj
                0x200044c6        0xa C:\Users\Thanh\AppData\Local\Temp\VMicroBuilds\cc3200_smartconfig\energia_energia_cc3200_CC3200-LAUNCHXL\WiFi\SLFS.cpp.o
                0x200044c6                SLFS::write(void const*, unsigned int)
 .text._ZN4SLFS5writeE6String
                0x200044d0       0x10 C:\Users\Thanh\AppData\Local\Temp\VMicroBuilds\cc3200_smartconfig\energia_energia_cc3200_CC3200-LAUNCHXL\WiFi\SLFS.cpp.o
                0x200044d0                SLFS::write(String)
 .text._ZN4SLFS4peekEv
                0x200044e0       0x44 C:\Users\Thanh\AppData\Local\Temp\VMicroBuilds\cc3200_smartconfig\energia_energia_cc3200_CC3200-LAUNCHXL\WiFi\SLFS.cpp.o
                0x200044e0                SLFS::peek()
 .text._ZN4SLFS4readEv
                0x20004524       0x4c C:\Users\Thanh\AppData\Local\Temp\VMicroBuilds\cc3200_smartconfig\energia_energia_cc3200_CC3200-LAUNCHXL\WiFi\SLFS.cpp.o
                0x20004524                SLFS::read()
 .text._ZN4SLFS5writeEh
                0x20004570       0x50 C:\Users\Thanh\AppData\Local\Temp\VMicroBuilds\cc3200_smartconfig\energia_energia_cc3200_CC3200-LAUNCHXL\WiFi\SLFS.cpp.o
                0x20004570                SLFS::write(unsigned char)
 .text._ZN4SLFS5writeEPKhj
                0x200045c0       0x48 C:\Users\Thanh\AppData\Local\Temp\VMicroBuilds\cc3200_smartconfig\energia_energia_cc3200_CC3200-LAUNCHXL\WiFi\SLFS.cpp.o
                0x200045c0                SLFS::write(unsigned char const*, unsigned int)
 .text._ZN4SLFS9availableEv
                0x20004608       0x30 C:\Users\Thanh\AppData\Local\Temp\VMicroBuilds\cc3200_smartconfig\energia_energia_cc3200_CC3200-LAUNCHXL\WiFi\SLFS.cpp.o
                0x20004608                SLFS::available()
 .text._ZN4SLFSC2Ev
                0x20004638       0x24 C:\Users\Thanh\AppData\Local\Temp\VMicroBuilds\cc3200_smartconfig\energia_energia_cc3200_CC3200-LAUNCHXL\WiFi\SLFS.cpp.o
                0x20004638                SLFS::SLFS()
                0x20004638                SLFS::SLFS()
 .text.startup._GLOBAL__sub_I_SerFlash
                0x2000465c        0xc C:\Users\Thanh\AppData\Local\Temp\VMicroBuilds\cc3200_smartconfig\energia_energia_cc3200_CC3200-LAUNCHXL\WiFi\SLFS.cpp.o
 .text.__tcf_0  0x20004668       0x1c C:\Users\Thanh\AppData\Local\Temp\VMicroBuilds\cc3200_smartconfig\energia_energia_cc3200_CC3200-LAUNCHXL\WiFi\WiFi.cpp.o
 .text._ZN9WiFiClassC2Ev
                0x20004684       0x30 C:\Users\Thanh\AppData\Local\Temp\VMicroBuilds\cc3200_smartconfig\energia_energia_cc3200_CC3200-LAUNCHXL\WiFi\WiFi.cpp.o
                0x20004684                WiFiClass::WiFiClass()
                0x20004684                WiFiClass::WiFiClass()
 .text._ZN9WiFiClass4initEv
                0x200046b4       0x5c C:\Users\Thanh\AppData\Local\Temp\VMicroBuilds\cc3200_smartconfig\energia_energia_cc3200_CC3200-LAUNCHXL\WiFi\WiFi.cpp.o
                0x200046b4                WiFiClass::init()
 .text._ZN9WiFiClass9getSocketEv
                0x20004710       0x1c C:\Users\Thanh\AppData\Local\Temp\VMicroBuilds\cc3200_smartconfig\energia_energia_cc3200_CC3200-LAUNCHXL\WiFi\WiFi.cpp.o
                0x20004710                WiFiClass::getSocket()
 .text._ZN9WiFiClass7localIPEv
                0x2000472c       0x4c C:\Users\Thanh\AppData\Local\Temp\VMicroBuilds\cc3200_smartconfig\energia_energia_cc3200_CC3200-LAUNCHXL\WiFi\WiFi.cpp.o
                0x2000472c                WiFiClass::localIP()
 .text._ZN9WiFiClass4SSIDEv
                0x20004778       0x50 C:\Users\Thanh\AppData\Local\Temp\VMicroBuilds\cc3200_smartconfig\energia_energia_cc3200_CC3200-LAUNCHXL\WiFi\WiFi.cpp.o
                0x20004778                WiFiClass::SSID()
 .text._ZN9WiFiClass6statusEv
                0x200047c8       0x34 C:\Users\Thanh\AppData\Local\Temp\VMicroBuilds\cc3200_smartconfig\energia_energia_cc3200_CC3200-LAUNCHXL\WiFi\WiFi.cpp.o
                0x200047c8                WiFiClass::status()
 .text._ZN9WiFiClass10hostByNameEPcR9IPAddress
                0x200047fc       0x44 C:\Users\Thanh\AppData\Local\Temp\VMicroBuilds\cc3200_smartconfig\energia_energia_cc3200_CC3200-LAUNCHXL\WiFi\WiFi.cpp.o
                0x200047fc                WiFiClass::hostByName(char*, IPAddress&)
 .text._ZN9WiFiClass16startSmartConfigEb
                0x20004840       0x64 C:\Users\Thanh\AppData\Local\Temp\VMicroBuilds\cc3200_smartconfig\energia_energia_cc3200_CC3200-LAUNCHXL\WiFi\WiFi.cpp.o
                0x20004840                WiFiClass::startSmartConfig(bool)
 .text._ZN9WiFiClass20_registerNewDeviceIPEPhS0_
                0x200048a4       0x78 C:\Users\Thanh\AppData\Local\Temp\VMicroBuilds\cc3200_smartconfig\energia_energia_cc3200_CC3200-LAUNCHXL\WiFi\WiFi.cpp.o
                0x200048a4                WiFiClass::_registerNewDeviceIP(unsigned char*, unsigned char*)
 .text._ZN9WiFiClass17_unregisterDeviceEPh
                0x2000491c       0x34 C:\Users\Thanh\AppData\Local\Temp\VMicroBuilds\cc3200_smartconfig\energia_energia_cc3200_CC3200-LAUNCHXL\WiFi\WiFi.cpp.o
                0x2000491c                WiFiClass::_unregisterDevice(unsigned char*)
 .text.startup._GLOBAL__sub_I__ZN9WiFiClass11WiFi_statusE
                0x20004950       0x44 C:\Users\Thanh\AppData\Local\Temp\VMicroBuilds\cc3200_smartconfig\energia_energia_cc3200_CC3200-LAUNCHXL\WiFi\WiFi.cpp.o
 .text._ZN10WiFiClient5writeEh
                0x20004994       0x22 C:\Users\Thanh\AppData\Local\Temp\VMicroBuilds\cc3200_smartconfig\energia_energia_cc3200_CC3200-LAUNCHXL\WiFi\WiFiClient.cpp.o
                0x20004994                WiFiClient::write(unsigned char)
 .text._ZN10WiFiClient4readEv
                0x200049b6       0x22 C:\Users\Thanh\AppData\Local\Temp\VMicroBuilds\cc3200_smartconfig\energia_energia_cc3200_CC3200-LAUNCHXL\WiFi\WiFiClient.cpp.o
                0x200049b6                WiFiClient::read()
 .text._ZN10WiFiClient4peekEv
                0x200049d8       0x16 C:\Users\Thanh\AppData\Local\Temp\VMicroBuilds\cc3200_smartconfig\energia_energia_cc3200_CC3200-LAUNCHXL\WiFi\WiFiClient.cpp.o
                0x200049d8                WiFiClient::peek()
 .text._ZN10WiFiClientcvbEv
                0x200049ee        0xa C:\Users\Thanh\AppData\Local\Temp\VMicroBuilds\cc3200_smartconfig\energia_energia_cc3200_CC3200-LAUNCHXL\WiFi\WiFiClient.cpp.o
                0x200049ee                WiFiClient::operator bool()
 .text._ZN10WiFiClient7connectEPKct
                0x200049f8       0x44 C:\Users\Thanh\AppData\Local\Temp\VMicroBuilds\cc3200_smartconfig\energia_energia_cc3200_CC3200-LAUNCHXL\WiFi\WiFiClient.cpp.o
                0x200049f8                WiFiClient::connect(char const*, unsigned short)
 .text._ZN10WiFiClient10sslConnectEPKct
                0x20004a3c       0x44 C:\Users\Thanh\AppData\Local\Temp\VMicroBuilds\cc3200_smartconfig\energia_energia_cc3200_CC3200-LAUNCHXL\WiFi\WiFiClient.cpp.o
                0x20004a3c                WiFiClient::sslConnect(char const*, unsigned short)
 .text._ZN10WiFiClient5flushEv
                0x20004a80       0x1a C:\Users\Thanh\AppData\Local\Temp\VMicroBuilds\cc3200_smartconfig\energia_energia_cc3200_CC3200-LAUNCHXL\WiFi\WiFiClient.cpp.o
                0x20004a80                WiFiClient::flush()
 *fill*         0x20004a9a        0x2 
 .text._ZN10WiFiClient9availableEv
                0x20004a9c       0xc4 C:\Users\Thanh\AppData\Local\Temp\VMicroBuilds\cc3200_smartconfig\energia_energia_cc3200_CC3200-LAUNCHXL\WiFi\WiFiClient.cpp.o
                0x20004a9c                WiFiClient::available()
 .text._ZN10WiFiClient4readEPhj
                0x20004b60       0x3c C:\Users\Thanh\AppData\Local\Temp\VMicroBuilds\cc3200_smartconfig\energia_energia_cc3200_CC3200-LAUNCHXL\WiFi\WiFiClient.cpp.o
                0x20004b60                WiFiClient::read(unsigned char*, unsigned int)
 .text._ZN10WiFiClient4stopEv
                0x20004b9c       0x40 C:\Users\Thanh\AppData\Local\Temp\VMicroBuilds\cc3200_smartconfig\energia_energia_cc3200_CC3200-LAUNCHXL\WiFi\WiFiClient.cpp.o
                0x20004b9c                WiFiClient::stop()
 .text._ZN10WiFiClient5writeEPKhj
                0x20004bdc       0x54 C:\Users\Thanh\AppData\Local\Temp\VMicroBuilds\cc3200_smartconfig\energia_energia_cc3200_CC3200-LAUNCHXL\WiFi\WiFiClient.cpp.o
                0x20004bdc                WiFiClient::write(unsigned char const*, unsigned int)
 .text._ZN10WiFiClient7connectE9IPAddresst
                0x20004c30       0xb8 C:\Users\Thanh\AppData\Local\Temp\VMicroBuilds\cc3200_smartconfig\energia_energia_cc3200_CC3200-LAUNCHXL\WiFi\WiFiClient.cpp.o
                0x20004c30                WiFiClient::connect(IPAddress, unsigned short)
 .text._ZN10WiFiClient10sslConnectE9IPAddresst
                0x20004ce8      0x100 C:\Users\Thanh\AppData\Local\Temp\VMicroBuilds\cc3200_smartconfig\energia_energia_cc3200_CC3200-LAUNCHXL\WiFi\WiFiClient.cpp.o
                0x20004ce8                WiFiClient::sslConnect(IPAddress, unsigned short)
 .text._ZN10WiFiClientC2Ev
                0x20004de8       0x2c C:\Users\Thanh\AppData\Local\Temp\VMicroBuilds\cc3200_smartconfig\energia_energia_cc3200_CC3200-LAUNCHXL\WiFi\WiFiClient.cpp.o
                0x20004de8                WiFiClient::WiFiClient()
                0x20004de8                WiFiClient::WiFiClient()
 .text._ZN10WiFiClientD2Ev
                0x20004e14       0x2c C:\Users\Thanh\AppData\Local\Temp\VMicroBuilds\cc3200_smartconfig\energia_energia_cc3200_CC3200-LAUNCHXL\WiFi\WiFiClient.cpp.o
                0x20004e14                WiFiClient::~WiFiClient()
                0x20004e14                WiFiClient::~WiFiClient()
 .text._ZN10WiFiClient6statusEv
                0x20004e40       0x14 C:\Users\Thanh\AppData\Local\Temp\VMicroBuilds\cc3200_smartconfig\energia_energia_cc3200_CC3200-LAUNCHXL\WiFi\WiFiClient.cpp.o
                0x20004e40                WiFiClient::status()
 .text._ZN10WiFiClient9connectedEv
                0x20004e54        0xe C:\Users\Thanh\AppData\Local\Temp\VMicroBuilds\cc3200_smartconfig\energia_energia_cc3200_CC3200-LAUNCHXL\WiFi\WiFiClient.cpp.o
                0x20004e54                WiFiClient::connected()
 *fill*         0x20004e62        0x2 
 .text.DmaSpiSwIntHandler
                0x20004e64       0x24 C:\Users\Thanh\AppData\Local\Temp\VMicroBuilds\cc3200_smartconfig\energia_energia_cc3200_CC3200-LAUNCHXL\WiFi\utility\cc_pal.c.o
                0x20004e64                DmaSpiSwIntHandler
 .text.SetupDMAReceive
                0x20004e88       0x74 C:\Users\Thanh\AppData\Local\Temp\VMicroBuilds\cc3200_smartconfig\energia_energia_cc3200_CC3200-LAUNCHXL\WiFi\utility\cc_pal.c.o
 .text.spi_Open
                0x20004efc      0x128 C:\Users\Thanh\AppData\Local\Temp\VMicroBuilds\cc3200_smartconfig\energia_energia_cc3200_CC3200-LAUNCHXL\WiFi\utility\cc_pal.c.o
                0x20004efc                spi_Open
 .text.spi_Close
                0x20005024       0x70 C:\Users\Thanh\AppData\Local\Temp\VMicroBuilds\cc3200_smartconfig\energia_energia_cc3200_CC3200-LAUNCHXL\WiFi\utility\cc_pal.c.o
                0x20005024                spi_Close
 .text.spi_Read
                0x20005094       0xd8 C:\Users\Thanh\AppData\Local\Temp\VMicroBuilds\cc3200_smartconfig\energia_energia_cc3200_CC3200-LAUNCHXL\WiFi\utility\cc_pal.c.o
                0x20005094                spi_Read
 .text.spi_Write
                0x2000516c       0xf4 C:\Users\Thanh\AppData\Local\Temp\VMicroBuilds\cc3200_smartconfig\energia_energia_cc3200_CC3200-LAUNCHXL\WiFi\utility\cc_pal.c.o
                0x2000516c                spi_Write
 .text.NwpRegisterInterruptHandler
                0x20005260       0x36 C:\Users\Thanh\AppData\Local\Temp\VMicroBuilds\cc3200_smartconfig\energia_energia_cc3200_CC3200-LAUNCHXL\WiFi\utility\cc_pal.c.o
                0x20005260                NwpRegisterInterruptHandler
 *fill*         0x20005296        0x2 
 .text.NwpMaskInterrupt
                0x20005298        0xc C:\Users\Thanh\AppData\Local\Temp\VMicroBuilds\cc3200_smartconfig\energia_energia_cc3200_CC3200-LAUNCHXL\WiFi\utility\cc_pal.c.o
                0x20005298                NwpMaskInterrupt
 .text.NwpUnMaskInterrupt
                0x200052a4        0xc C:\Users\Thanh\AppData\Local\Temp\VMicroBuilds\cc3200_smartconfig\energia_energia_cc3200_CC3200-LAUNCHXL\WiFi\utility\cc_pal.c.o
                0x200052a4                NwpUnMaskInterrupt
 .text.NwpPowerOn
                0x200052b0       0x30 C:\Users\Thanh\AppData\Local\Temp\VMicroBuilds\cc3200_smartconfig\energia_energia_cc3200_CC3200-LAUNCHXL\WiFi\utility\cc_pal.c.o
                0x200052b0                NwpPowerOn
 .text.NwpPowerOff
                0x200052e0       0x3c C:\Users\Thanh\AppData\Local\Temp\VMicroBuilds\cc3200_smartconfig\energia_energia_cc3200_CC3200-LAUNCHXL\WiFi\utility\cc_pal.c.o
                0x200052e0                NwpPowerOff
 .text.NwpPowerOnPreamble
                0x2000531c       0x60 C:\Users\Thanh\AppData\Local\Temp\VMicroBuilds\cc3200_smartconfig\energia_energia_cc3200_CC3200-LAUNCHXL\WiFi\utility\cc_pal.c.o
                0x2000531c                NwpPowerOnPreamble
 .text.sl_Task  0x2000537c        0x4 C:\Users\Thanh\AppData\Local\Temp\VMicroBuilds\cc3200_smartconfig\energia_energia_cc3200_CC3200-LAUNCHXL\WiFi\utility\device.c.o
                0x2000537c                sl_Task
 .text.sl_Start
                0x20005380       0xa0 C:\Users\Thanh\AppData\Local\Temp\VMicroBuilds\cc3200_smartconfig\energia_energia_cc3200_CC3200-LAUNCHXL\WiFi\utility\device.c.o
                0x20005380                sl_Start
 .text._sl_HandleAsync_InitComplete
                0x20005420       0x60 C:\Users\Thanh\AppData\Local\Temp\VMicroBuilds\cc3200_smartconfig\energia_energia_cc3200_CC3200-LAUNCHXL\WiFi\utility\device.c.o
                0x20005420                _sl_HandleAsync_InitComplete
 .text._sl_HandleAsync_Stop
                0x20005480       0x38 C:\Users\Thanh\AppData\Local\Temp\VMicroBuilds\cc3200_smartconfig\energia_energia_cc3200_CC3200-LAUNCHXL\WiFi\utility\device.c.o
                0x20005480                _sl_HandleAsync_Stop
 .text.sl_Stop  0x200054b8       0x98 C:\Users\Thanh\AppData\Local\Temp\VMicroBuilds\cc3200_smartconfig\energia_energia_cc3200_CC3200-LAUNCHXL\WiFi\utility\device.c.o
                0x200054b8                sl_Stop
 .text._SlDrvDeviceEventHandler
                0x20005550       0x14 C:\Users\Thanh\AppData\Local\Temp\VMicroBuilds\cc3200_smartconfig\energia_energia_cc3200_CC3200-LAUNCHXL\WiFi\utility\device.c.o
                0x20005550                _SlDrvDeviceEventHandler
 .text._SlDrvDriverCBDeinit
                0x20005564       0x84 C:\Users\Thanh\AppData\Local\Temp\VMicroBuilds\cc3200_smartconfig\energia_energia_cc3200_CC3200-LAUNCHXL\WiFi\utility\driver.c.o
                0x20005564                _SlDrvDriverCBDeinit
 .text._SlDrvRxIrqHandler
                0x200055e8       0x44 C:\Users\Thanh\AppData\Local\Temp\VMicroBuilds\cc3200_smartconfig\energia_energia_cc3200_CC3200-LAUNCHXL\WiFi\utility\driver.c.o
                0x200055e8                _SlDrvRxIrqHandler
 .text._SlDrvMsgWrite
                0x2000562c      0x108 C:\Users\Thanh\AppData\Local\Temp\VMicroBuilds\cc3200_smartconfig\energia_energia_cc3200_CC3200-LAUNCHXL\WiFi\utility\driver.c.o
                0x2000562c                _SlDrvMsgWrite
 .text._SlAsyncEventGenericHandler
                0x20005734       0x40 C:\Users\Thanh\AppData\Local\Temp\VMicroBuilds\cc3200_smartconfig\energia_energia_cc3200_CC3200-LAUNCHXL\WiFi\utility\driver.c.o
                0x20005734                _SlAsyncEventGenericHandler
 .text._SlDrvClassifyRxMsg
                0x20005774       0x7c C:\Users\Thanh\AppData\Local\Temp\VMicroBuilds\cc3200_smartconfig\energia_energia_cc3200_CC3200-LAUNCHXL\WiFi\utility\driver.c.o
                0x20005774                _SlDrvClassifyRxMsg
 .text._SlDrvRxHdrRead
                0x200057f0      0x150 C:\Users\Thanh\AppData\Local\Temp\VMicroBuilds\cc3200_smartconfig\energia_energia_cc3200_CC3200-LAUNCHXL\WiFi\utility\driver.c.o
                0x200057f0                _SlDrvRxHdrRead
 .text._SlDrvCmdSend
                0x20005940       0x74 C:\Users\Thanh\AppData\Local\Temp\VMicroBuilds\cc3200_smartconfig\energia_energia_cc3200_CC3200-LAUNCHXL\WiFi\utility\driver.c.o
                0x20005940                _SlDrvCmdSend
 .text._SlRemoveFromList
                0x200059b4       0x44 C:\Users\Thanh\AppData\Local\Temp\VMicroBuilds\cc3200_smartconfig\energia_energia_cc3200_CC3200-LAUNCHXL\WiFi\utility\driver.c.o
                0x200059b4                _SlRemoveFromList
 .text._SlFindAndSetActiveObj
                0x200059f8       0x8c C:\Users\Thanh\AppData\Local\Temp\VMicroBuilds\cc3200_smartconfig\energia_energia_cc3200_CC3200-LAUNCHXL\WiFi\utility\driver.c.o
                0x200059f8                _SlFindAndSetActiveObj
 .text._SlDrvSyncObjWaitForever
                0x20005a84       0x12 C:\Users\Thanh\AppData\Local\Temp\VMicroBuilds\cc3200_smartconfig\energia_energia_cc3200_CC3200-LAUNCHXL\WiFi\utility\driver.c.o
                0x20005a84                _SlDrvSyncObjWaitForever
 .text._SlDrvSyncObjSignal
                0x20005a96        0xe C:\Users\Thanh\AppData\Local\Temp\VMicroBuilds\cc3200_smartconfig\energia_energia_cc3200_CC3200-LAUNCHXL\WiFi\utility\driver.c.o
                0x20005a96                _SlDrvSyncObjSignal
 .text._SlDrvObjLockWaitForever
                0x20005aa4       0x12 C:\Users\Thanh\AppData\Local\Temp\VMicroBuilds\cc3200_smartconfig\energia_energia_cc3200_CC3200-LAUNCHXL\WiFi\utility\driver.c.o
                0x20005aa4                _SlDrvObjLockWaitForever
 *fill*         0x20005ab6        0x2 
 .text._SlDrvProtectionObjLockWaitForever
                0x20005ab8       0x1c C:\Users\Thanh\AppData\Local\Temp\VMicroBuilds\cc3200_smartconfig\energia_energia_cc3200_CC3200-LAUNCHXL\WiFi\utility\driver.c.o
                0x20005ab8                _SlDrvProtectionObjLockWaitForever
 .text._SlDrvObjUnLock
                0x20005ad4        0xe C:\Users\Thanh\AppData\Local\Temp\VMicroBuilds\cc3200_smartconfig\energia_energia_cc3200_CC3200-LAUNCHXL\WiFi\utility\driver.c.o
                0x20005ad4                _SlDrvObjUnLock
 *fill*         0x20005ae2        0x2 
 .text._SlDrvDataWriteOp
                0x20005ae4       0xbc C:\Users\Thanh\AppData\Local\Temp\VMicroBuilds\cc3200_smartconfig\energia_energia_cc3200_CC3200-LAUNCHXL\WiFi\utility\driver.c.o
                0x20005ae4                _SlDrvDataWriteOp
 .text._SlDrvProtectionObjUnLock
                0x20005ba0       0x18 C:\Users\Thanh\AppData\Local\Temp\VMicroBuilds\cc3200_smartconfig\energia_energia_cc3200_CC3200-LAUNCHXL\WiFi\utility\driver.c.o
                0x20005ba0                _SlDrvProtectionObjUnLock
 .text._SlDrvWaitForPoolObj
                0x20005bb8       0xc4 C:\Users\Thanh\AppData\Local\Temp\VMicroBuilds\cc3200_smartconfig\energia_energia_cc3200_CC3200-LAUNCHXL\WiFi\utility\driver.c.o
                0x20005bb8                _SlDrvWaitForPoolObj
 .text._SlDrvProtectAsyncRespSetting
                0x20005c7c       0x30 C:\Users\Thanh\AppData\Local\Temp\VMicroBuilds\cc3200_smartconfig\energia_energia_cc3200_CC3200-LAUNCHXL\WiFi\utility\driver.c.o
                0x20005c7c                _SlDrvProtectAsyncRespSetting
 .text._SlDrvReleasePoolObj
                0x20005cac       0xcc C:\Users\Thanh\AppData\Local\Temp\VMicroBuilds\cc3200_smartconfig\energia_energia_cc3200_CC3200-LAUNCHXL\WiFi\utility\driver.c.o
                0x20005cac                _SlDrvReleasePoolObj
 .text._SlDrvDataReadOp
                0x20005d78       0xd8 C:\Users\Thanh\AppData\Local\Temp\VMicroBuilds\cc3200_smartconfig\energia_energia_cc3200_CC3200-LAUNCHXL\WiFi\utility\driver.c.o
                0x20005d78                _SlDrvDataReadOp
 .text._SlDrvMemZero
                0x20005e50        0x8 C:\Users\Thanh\AppData\Local\Temp\VMicroBuilds\cc3200_smartconfig\energia_energia_cc3200_CC3200-LAUNCHXL\WiFi\utility\driver.c.o
                0x20005e50                _SlDrvMemZero
 .text._SlDrvDriverCBInit
                0x20005e58       0xd8 C:\Users\Thanh\AppData\Local\Temp\VMicroBuilds\cc3200_smartconfig\energia_energia_cc3200_CC3200-LAUNCHXL\WiFi\utility\driver.c.o
                0x20005e58                _SlDrvDriverCBInit
 .text._SlDrvMsgRead
                0x20005f30      0x368 C:\Users\Thanh\AppData\Local\Temp\VMicroBuilds\cc3200_smartconfig\energia_energia_cc3200_CC3200-LAUNCHXL\WiFi\utility\driver.c.o
                0x20005f30                _SlDrvMsgRead
 .text._SlDrvMsgReadCmdCtx
                0x20006298       0x90 C:\Users\Thanh\AppData\Local\Temp\VMicroBuilds\cc3200_smartconfig\energia_energia_cc3200_CC3200-LAUNCHXL\WiFi\utility\driver.c.o
                0x20006298                _SlDrvMsgReadCmdCtx
 .text._SlDrvCmdOp
                0x20006328       0x68 C:\Users\Thanh\AppData\Local\Temp\VMicroBuilds\cc3200_smartconfig\energia_energia_cc3200_CC3200-LAUNCHXL\WiFi\utility\driver.c.o
                0x20006328                _SlDrvCmdOp
 .text._SlDrvBasicCmd
                0x20006390       0x2c C:\Users\Thanh\AppData\Local\Temp\VMicroBuilds\cc3200_smartconfig\energia_energia_cc3200_CC3200-LAUNCHXL\WiFi\utility\driver.c.o
                0x20006390                _SlDrvBasicCmd
 .text._SlDrvMsgReadSpawnCtx
                0x200063bc       0x6c C:\Users\Thanh\AppData\Local\Temp\VMicroBuilds\cc3200_smartconfig\energia_energia_cc3200_CC3200-LAUNCHXL\WiFi\utility\driver.c.o
                0x200063bc                _SlDrvMsgReadSpawnCtx
 .text._SlDrvResetCmdExt
                0x20006428        0x6 C:\Users\Thanh\AppData\Local\Temp\VMicroBuilds\cc3200_smartconfig\energia_energia_cc3200_CC3200-LAUNCHXL\WiFi\utility\driver.c.o
                0x20006428                _SlDrvResetCmdExt
 *fill*         0x2000642e        0x2 
 .text.sl_FsRead
                0x20006430       0x88 C:\Users\Thanh\AppData\Local\Temp\VMicroBuilds\cc3200_smartconfig\energia_energia_cc3200_CC3200-LAUNCHXL\WiFi\utility\fs.c.o
                0x20006430                sl_FsRead
 .text.sl_FsWrite
                0x200064b8       0x88 C:\Users\Thanh\AppData\Local\Temp\VMicroBuilds\cc3200_smartconfig\energia_energia_cc3200_CC3200-LAUNCHXL\WiFi\utility\fs.c.o
                0x200064b8                sl_FsWrite
 .text.sl_NetAppMDNSRegisterUnregisterService
                0x20006540       0x7c C:\Users\Thanh\AppData\Local\Temp\VMicroBuilds\cc3200_smartconfig\energia_energia_cc3200_CC3200-LAUNCHXL\WiFi\utility\netapp.c.o
                0x20006540                sl_NetAppMDNSRegisterUnregisterService
 .text.sl_NetAppMDNSUnRegisterService
                0x200065bc       0x16 C:\Users\Thanh\AppData\Local\Temp\VMicroBuilds\cc3200_smartconfig\energia_energia_cc3200_CC3200-LAUNCHXL\WiFi\utility\netapp.c.o
                0x200065bc                sl_NetAppMDNSUnRegisterService
 *fill*         0x200065d2        0x2 
 .text._sl_HandleAsync_DnsGetHostByService
                0x200065d4       0x5c C:\Users\Thanh\AppData\Local\Temp\VMicroBuilds\cc3200_smartconfig\energia_energia_cc3200_CC3200-LAUNCHXL\WiFi\utility\netapp.c.o
                0x200065d4                _sl_HandleAsync_DnsGetHostByService
 .text.sl_NetAppDnsGetHostByName
                0x20006630       0xac C:\Users\Thanh\AppData\Local\Temp\VMicroBuilds\cc3200_smartconfig\energia_energia_cc3200_CC3200-LAUNCHXL\WiFi\utility\netapp.c.o
                0x20006630                sl_NetAppDnsGetHostByName
 .text._sl_HandleAsync_DnsGetHostByName
                0x200066dc       0x60 C:\Users\Thanh\AppData\Local\Temp\VMicroBuilds\cc3200_smartconfig\energia_energia_cc3200_CC3200-LAUNCHXL\WiFi\utility\netapp.c.o
                0x200066dc                _sl_HandleAsync_DnsGetHostByName
 .text.CopyPingResultsToReport
                0x2000673c       0x1a C:\Users\Thanh\AppData\Local\Temp\VMicroBuilds\cc3200_smartconfig\energia_energia_cc3200_CC3200-LAUNCHXL\WiFi\utility\netapp.c.o
                0x2000673c                CopyPingResultsToReport
 *fill*         0x20006756        0x2 
 .text._sl_HandleAsync_PingResponse
                0x20006758       0x6c C:\Users\Thanh\AppData\Local\Temp\VMicroBuilds\cc3200_smartconfig\energia_energia_cc3200_CC3200-LAUNCHXL\WiFi\utility\netapp.c.o
                0x20006758                _sl_HandleAsync_PingResponse
 .text._sl_NetAppSendTokenValue
                0x200067c4       0x50 C:\Users\Thanh\AppData\Local\Temp\VMicroBuilds\cc3200_smartconfig\energia_energia_cc3200_CC3200-LAUNCHXL\WiFi\utility\netapp.c.o
                0x200067c4                _sl_NetAppSendTokenValue
 .text._SlDrvNetAppEventHandler
                0x20006814       0xd6 C:\Users\Thanh\AppData\Local\Temp\VMicroBuilds\cc3200_smartconfig\energia_energia_cc3200_CC3200-LAUNCHXL\WiFi\utility\netapp.c.o
                0x20006814                _SlDrvNetAppEventHandler
 *fill*         0x200068ea        0x2 
 .text.sl_NetCfgGet
                0x200068ec       0x78 C:\Users\Thanh\AppData\Local\Temp\VMicroBuilds\cc3200_smartconfig\energia_energia_cc3200_CC3200-LAUNCHXL\WiFi\utility\netcfg.c.o
                0x200068ec                sl_NetCfgGet
 .text._SlNonOsSemSet
                0x20006964        0x6 C:\Users\Thanh\AppData\Local\Temp\VMicroBuilds\cc3200_smartconfig\energia_energia_cc3200_CC3200-LAUNCHXL\WiFi\utility\nonos.c.o
                0x20006964                _SlNonOsSemSet
 *fill*         0x2000696a        0x2 
 .text._SlNonOsSpawn
                0x2000696c       0x20 C:\Users\Thanh\AppData\Local\Temp\VMicroBuilds\cc3200_smartconfig\energia_energia_cc3200_CC3200-LAUNCHXL\WiFi\utility\nonos.c.o
                0x2000696c                _SlNonOsSpawn
 .text._SlNonOsMainLoopTask
                0x2000698c       0x40 C:\Users\Thanh\AppData\Local\Temp\VMicroBuilds\cc3200_smartconfig\energia_energia_cc3200_CC3200-LAUNCHXL\WiFi\utility\nonos.c.o
                0x2000698c                _SlNonOsMainLoopTask
 .text._SlNonOsSemGet
                0x200069cc       0x2e C:\Users\Thanh\AppData\Local\Temp\VMicroBuilds\cc3200_smartconfig\energia_energia_cc3200_CC3200-LAUNCHXL\WiFi\utility\nonos.c.o
                0x200069cc                _SlNonOsSemGet
 .text._sl_BuildAddress
                0x200069fa       0x28 C:\Users\Thanh\AppData\Local\Temp\VMicroBuilds\cc3200_smartconfig\energia_energia_cc3200_CC3200-LAUNCHXL\WiFi\utility\socket.c.o
                0x200069fa                _sl_BuildAddress
 *fill*         0x20006a22        0x2 
 .text._sl_TruncatePayloadByProtocol
                0x20006a24       0x1c C:\Users\Thanh\AppData\Local\Temp\VMicroBuilds\cc3200_smartconfig\energia_energia_cc3200_CC3200-LAUNCHXL\WiFi\utility\socket.c.o
                0x20006a24                _sl_TruncatePayloadByProtocol
 .text.sl_Socket
                0x20006a40       0x34 C:\Users\Thanh\AppData\Local\Temp\VMicroBuilds\cc3200_smartconfig\energia_energia_cc3200_CC3200-LAUNCHXL\WiFi\utility\socket.c.o
                0x20006a40                sl_Socket
 .text.sl_Close
                0x20006a74       0x24 C:\Users\Thanh\AppData\Local\Temp\VMicroBuilds\cc3200_smartconfig\energia_energia_cc3200_CC3200-LAUNCHXL\WiFi\utility\socket.c.o
                0x20006a74                sl_Close
 .text.sl_Connect
                0x20006a98       0xac C:\Users\Thanh\AppData\Local\Temp\VMicroBuilds\cc3200_smartconfig\energia_energia_cc3200_CC3200-LAUNCHXL\WiFi\utility\socket.c.o
                0x20006a98                sl_Connect
 .text._sl_HandleAsync_Connect
                0x20006b44       0x50 C:\Users\Thanh\AppData\Local\Temp\VMicroBuilds\cc3200_smartconfig\energia_energia_cc3200_CC3200-LAUNCHXL\WiFi\utility\socket.c.o
                0x20006b44                _sl_HandleAsync_Connect
 .text.sl_Send  0x20006b94       0xa4 C:\Users\Thanh\AppData\Local\Temp\VMicroBuilds\cc3200_smartconfig\energia_energia_cc3200_CC3200-LAUNCHXL\WiFi\utility\socket.c.o
                0x20006b94                sl_Send
 .text.sl_Htonl
                0x20006c38       0x22 C:\Users\Thanh\AppData\Local\Temp\VMicroBuilds\cc3200_smartconfig\energia_energia_cc3200_CC3200-LAUNCHXL\WiFi\utility\socket.c.o
                0x20006c38                sl_Htonl
 .text.sl_Htons
                0x20006c5a       0x14 C:\Users\Thanh\AppData\Local\Temp\VMicroBuilds\cc3200_smartconfig\energia_energia_cc3200_CC3200-LAUNCHXL\WiFi\utility\socket.c.o
                0x20006c5a                sl_Htons
 *fill*         0x20006c6e        0x2 
 .text._sl_HandleAsync_Accept
                0x20006c70       0x50 C:\Users\Thanh\AppData\Local\Temp\VMicroBuilds\cc3200_smartconfig\energia_energia_cc3200_CC3200-LAUNCHXL\WiFi\utility\socket.c.o
                0x20006c70                _sl_HandleAsync_Accept
 .text._sl_HandleAsync_Select
                0x20006cc0       0x40 C:\Users\Thanh\AppData\Local\Temp\VMicroBuilds\cc3200_smartconfig\energia_energia_cc3200_CC3200-LAUNCHXL\WiFi\utility\socket.c.o
                0x20006cc0                _sl_HandleAsync_Select
 .text.sl_Recv  0x20006d00       0x44 C:\Users\Thanh\AppData\Local\Temp\VMicroBuilds\cc3200_smartconfig\energia_energia_cc3200_CC3200-LAUNCHXL\WiFi\utility\socket.c.o
                0x20006d00                sl_Recv
 .text.sl_SetSockOpt
                0x20006d44       0x4c C:\Users\Thanh\AppData\Local\Temp\VMicroBuilds\cc3200_smartconfig\energia_energia_cc3200_CC3200-LAUNCHXL\WiFi\utility\socket.c.o
                0x20006d44                sl_SetSockOpt
 .text.SL_FD_SET
                0x20006d90       0x12 C:\Users\Thanh\AppData\Local\Temp\VMicroBuilds\cc3200_smartconfig\energia_energia_cc3200_CC3200-LAUNCHXL\WiFi\utility\socket.c.o
                0x20006d90                SL_FD_SET
 .text.SL_FD_ZERO
                0x20006da2        0x6 C:\Users\Thanh\AppData\Local\Temp\VMicroBuilds\cc3200_smartconfig\energia_energia_cc3200_CC3200-LAUNCHXL\WiFi\utility\socket.c.o
                0x20006da2                SL_FD_ZERO
 .text.DmaSwIntHandler
                0x20006da8       0x18 C:\Users\Thanh\AppData\Local\Temp\VMicroBuilds\cc3200_smartconfig\energia_energia_cc3200_CC3200-LAUNCHXL\WiFi\utility\udma_if.c.o
                0x20006da8                DmaSwIntHandler
 .text.DmaErrorIntHandler
                0x20006dc0        0xe C:\Users\Thanh\AppData\Local\Temp\VMicroBuilds\cc3200_smartconfig\energia_energia_cc3200_CC3200-LAUNCHXL\WiFi\utility\udma_if.c.o
                0x20006dc0                DmaErrorIntHandler
 *fill*         0x20006dce        0x2 
 .text.UDMAInit
                0x20006dd0       0x58 C:\Users\Thanh\AppData\Local\Temp\VMicroBuilds\cc3200_smartconfig\energia_energia_cc3200_CC3200-LAUNCHXL\WiFi\utility\udma_if.c.o
                0x20006dd0                UDMAInit
 .text.sl_WlanDisconnect
                0x20006e28        0x8 C:\Users\Thanh\AppData\Local\Temp\VMicroBuilds\cc3200_smartconfig\energia_energia_cc3200_CC3200-LAUNCHXL\WiFi\utility\wlan.c.o
                0x20006e28                sl_WlanDisconnect
 .text.sl_WlanPolicySet
                0x20006e30       0x40 C:\Users\Thanh\AppData\Local\Temp\VMicroBuilds\cc3200_smartconfig\energia_energia_cc3200_CC3200-LAUNCHXL\WiFi\utility\wlan.c.o
                0x20006e30                sl_WlanPolicySet
 .text.sl_WlanProfileDel
                0x20006e70       0x24 C:\Users\Thanh\AppData\Local\Temp\VMicroBuilds\cc3200_smartconfig\energia_energia_cc3200_CC3200-LAUNCHXL\WiFi\utility\wlan.c.o
                0x20006e70                sl_WlanProfileDel
 .text.sl_WlanRxStatStart
                0x20006e94        0x8 C:\Users\Thanh\AppData\Local\Temp\VMicroBuilds\cc3200_smartconfig\energia_energia_cc3200_CC3200-LAUNCHXL\WiFi\utility\wlan.c.o
                0x20006e94                sl_WlanRxStatStart
 .text.sl_WlanSmartConfigStart
                0x20006e9c       0x6c C:\Users\Thanh\AppData\Local\Temp\VMicroBuilds\cc3200_smartconfig\energia_energia_cc3200_CC3200-LAUNCHXL\WiFi\utility\wlan.c.o
                0x20006e9c                sl_WlanSmartConfigStart
 .text.sl_WlanSetMode
                0x20006f08       0x24 C:\Users\Thanh\AppData\Local\Temp\VMicroBuilds\cc3200_smartconfig\energia_energia_cc3200_CC3200-LAUNCHXL\WiFi\utility\wlan.c.o
                0x20006f08                sl_WlanSetMode
 .text.sl_WlanGet
                0x20006f2c       0x74 C:\Users\Thanh\AppData\Local\Temp\VMicroBuilds\cc3200_smartconfig\energia_energia_cc3200_CC3200-LAUNCHXL\WiFi\utility\wlan.c.o
                0x20006f2c                sl_WlanGet
 .text.SimpleLinkWlanEventHandler
                0x20006fa0       0xb0 C:\Users\Thanh\AppData\Local\Temp\VMicroBuilds\cc3200_smartconfig\energia_energia_cc3200_CC3200-LAUNCHXL\WiFi\utility\SimpleLinkCallbacks.cpp.o
                0x20006fa0                SimpleLinkWlanEventHandler
 .text.SimpleLinkNetAppEventHandler
                0x20007050       0x4c C:\Users\Thanh\AppData\Local\Temp\VMicroBuilds\cc3200_smartconfig\energia_energia_cc3200_CC3200-LAUNCHXL\WiFi\utility\SimpleLinkCallbacks.cpp.o
                0x20007050                SimpleLinkNetAppEventHandler
 .text.SimpleLinkSockEventHandler
                0x2000709c        0x2 C:\Users\Thanh\AppData\Local\Temp\VMicroBuilds\cc3200_smartconfig\energia_energia_cc3200_CC3200-LAUNCHXL\WiFi\utility\SimpleLinkCallbacks.cpp.o
                0x2000709c                SimpleLinkSockEventHandler
 .text.SimpleLinkHttpServerCallback
                0x2000709e        0x2 C:\Users\Thanh\AppData\Local\Temp\VMicroBuilds\cc3200_smartconfig\energia_energia_cc3200_CC3200-LAUNCHXL\WiFi\utility\SimpleLinkCallbacks.cpp.o
                0x2000709e                SimpleLinkHttpServerCallback
 .text.NmiSR    0x200070a0        0x2 C:\Users\Thanh\AppData\Local\Temp\VMicroBuilds\cc3200_smartconfig\energia_energia_cc3200_CC3200-LAUNCHXL/core.a(startup_gcc.c.o)
 .text.FaultISR
                0x200070a2        0x2 C:\Users\Thanh\AppData\Local\Temp\VMicroBuilds\cc3200_smartconfig\energia_energia_cc3200_CC3200-LAUNCHXL/core.a(startup_gcc.c.o)
 .text.BusFaultHandler
                0x200070a4        0x2 C:\Users\Thanh\AppData\Local\Temp\VMicroBuilds\cc3200_smartconfig\energia_energia_cc3200_CC3200-LAUNCHXL/core.a(startup_gcc.c.o)
 .text.IntDefaultHandler
                0x200070a6        0x2 C:\Users\Thanh\AppData\Local\Temp\VMicroBuilds\cc3200_smartconfig\energia_energia_cc3200_CC3200-LAUNCHXL/core.a(startup_gcc.c.o)
 .text.ResetISR
                0x200070a8       0x90 C:\Users\Thanh\AppData\Local\Temp\VMicroBuilds\cc3200_smartconfig\energia_energia_cc3200_CC3200-LAUNCHXL/core.a(startup_gcc.c.o)
                0x200070a8                ResetISR
 .text._sbrk    0x20007138       0x2c C:\Users\Thanh\AppData\Local\Temp\VMicroBuilds\cc3200_smartconfig\energia_energia_cc3200_CC3200-LAUNCHXL/core.a(startup_gcc.c.o)
                0x20007138                _sbrk
 .text.delay    0x20007164       0x18 C:\Users\Thanh\AppData\Local\Temp\VMicroBuilds\cc3200_smartconfig\energia_energia_cc3200_CC3200-LAUNCHXL/core.a(wiring.c.o)
                0x20007164                delay
 .text.delayMicroseconds
                0x2000717c       0x50 C:\Users\Thanh\AppData\Local\Temp\VMicroBuilds\cc3200_smartconfig\energia_energia_cc3200_CC3200-LAUNCHXL/core.a(wiring.c.o)
                0x2000717c                delayMicroseconds
 .text.SysTickIntHandler
                0x200071cc       0x28 C:\Users\Thanh\AppData\Local\Temp\VMicroBuilds\cc3200_smartconfig\energia_energia_cc3200_CC3200-LAUNCHXL/core.a(wiring.c.o)
                0x200071cc                SysTickIntHandler
 .text._ZN14HardwareSerial9availableEv
                0x200071f4       0x16 C:\Users\Thanh\AppData\Local\Temp\VMicroBuilds\cc3200_smartconfig\energia_energia_cc3200_CC3200-LAUNCHXL/core.a(HardwareSerial.cpp.o)
                0x200071f4                HardwareSerial::available()
 .text._ZN14HardwareSerial4peekEv
                0x2000720a       0x18 C:\Users\Thanh\AppData\Local\Temp\VMicroBuilds\cc3200_smartconfig\energia_energia_cc3200_CC3200-LAUNCHXL/core.a(HardwareSerial.cpp.o)
                0x2000720a                HardwareSerial::peek()
 .text._ZN14HardwareSerial4readEv
                0x20007222       0x26 C:\Users\Thanh\AppData\Local\Temp\VMicroBuilds\cc3200_smartconfig\energia_energia_cc3200_CC3200-LAUNCHXL/core.a(HardwareSerial.cpp.o)
                0x20007222                HardwareSerial::read()
 .text._ZN14HardwareSerial5flushEv
                0x20007248       0x10 C:\Users\Thanh\AppData\Local\Temp\VMicroBuilds\cc3200_smartconfig\energia_energia_cc3200_CC3200-LAUNCHXL/core.a(HardwareSerial.cpp.o)
                0x20007248                HardwareSerial::flush()
 .text._ZN14HardwareSerialC2Ev
                0x20007258       0x34 C:\Users\Thanh\AppData\Local\Temp\VMicroBuilds\cc3200_smartconfig\energia_energia_cc3200_CC3200-LAUNCHXL/core.a(HardwareSerial.cpp.o)
                0x20007258                HardwareSerial::HardwareSerial()
                0x20007258                HardwareSerial::HardwareSerial()
 .text._ZN14HardwareSerialC2Em
                0x2000728c       0x38 C:\Users\Thanh\AppData\Local\Temp\VMicroBuilds\cc3200_smartconfig\energia_energia_cc3200_CC3200-LAUNCHXL/core.a(HardwareSerial.cpp.o)
                0x2000728c                HardwareSerial::HardwareSerial(unsigned long)
                0x2000728c                HardwareSerial::HardwareSerial(unsigned long)
 .text._ZN14HardwareSerial8flushAllEv
                0x200072c4       0x22 C:\Users\Thanh\AppData\Local\Temp\VMicroBuilds\cc3200_smartconfig\energia_energia_cc3200_CC3200-LAUNCHXL/core.a(HardwareSerial.cpp.o)
                0x200072c4                HardwareSerial::flushAll()
 *fill*         0x200072e6        0x2 
 .text._ZN14HardwareSerial13primeTransmitEm
                0x200072e8       0x88 C:\Users\Thanh\AppData\Local\Temp\VMicroBuilds\cc3200_smartconfig\energia_energia_cc3200_CC3200-LAUNCHXL/core.a(HardwareSerial.cpp.o)
                0x200072e8                HardwareSerial::primeTransmit(unsigned long)
 .text._ZN14HardwareSerial5writeEh
                0x20007370       0x3c C:\Users\Thanh\AppData\Local\Temp\VMicroBuilds\cc3200_smartconfig\energia_energia_cc3200_CC3200-LAUNCHXL/core.a(HardwareSerial.cpp.o)
                0x20007370                HardwareSerial::write(unsigned char)
 .text._ZN14HardwareSerial5beginEm
                0x200073ac       0xac C:\Users\Thanh\AppData\Local\Temp\VMicroBuilds\cc3200_smartconfig\energia_energia_cc3200_CC3200-LAUNCHXL/core.a(HardwareSerial.cpp.o)
                0x200073ac                HardwareSerial::begin(unsigned long)
 .text._ZN14HardwareSerial14UARTIntHandlerEv
                0x20007458       0xac C:\Users\Thanh\AppData\Local\Temp\VMicroBuilds\cc3200_smartconfig\energia_energia_cc3200_CC3200-LAUNCHXL/core.a(HardwareSerial.cpp.o)
                0x20007458                HardwareSerial::UARTIntHandler()
 .text.UARTIntHandler
                0x20007504        0xc C:\Users\Thanh\AppData\Local\Temp\VMicroBuilds\cc3200_smartconfig\energia_energia_cc3200_CC3200-LAUNCHXL/core.a(HardwareSerial.cpp.o)
                0x20007504                UARTIntHandler
 .text.UARTIntHandler1
                0x20007510        0xc C:\Users\Thanh\AppData\Local\Temp\VMicroBuilds\cc3200_smartconfig\energia_energia_cc3200_CC3200-LAUNCHXL/core.a(HardwareSerial.cpp.o)
                0x20007510                UARTIntHandler1
 .text._Z11serialEventv
                0x2000751c        0x2 C:\Users\Thanh\AppData\Local\Temp\VMicroBuilds\cc3200_smartconfig\energia_energia_cc3200_CC3200-LAUNCHXL/core.a(HardwareSerial.cpp.o)
                0x2000751c                serialEvent()
 .text._Z12serialEvent1v
                0x2000751e        0x2 C:\Users\Thanh\AppData\Local\Temp\VMicroBuilds\cc3200_smartconfig\energia_energia_cc3200_CC3200-LAUNCHXL/core.a(HardwareSerial.cpp.o)
                0x2000751e                serialEvent1()
 .text._Z14serialEventRunv
                0x20007520       0x24 C:\Users\Thanh\AppData\Local\Temp\VMicroBuilds\cc3200_smartconfig\energia_energia_cc3200_CC3200-LAUNCHXL/core.a(HardwareSerial.cpp.o)
                0x20007520                serialEventRun()
 .text.startup._GLOBAL__sub_I_g_UARTIntHandlers
                0x20007544       0x1c C:\Users\Thanh\AppData\Local\Temp\VMicroBuilds\cc3200_smartconfig\energia_energia_cc3200_CC3200-LAUNCHXL/core.a(HardwareSerial.cpp.o)
 .text._ZNK9IPAddress7printToER5Print
                0x20007560       0x3c C:\Users\Thanh\AppData\Local\Temp\VMicroBuilds\cc3200_smartconfig\energia_energia_cc3200_CC3200-LAUNCHXL/core.a(IPAddress.cpp.o)
                0x20007560                IPAddress::printTo(Print&) const
 .text._ZN9IPAddressC2Ev
                0x2000759c       0x1c C:\Users\Thanh\AppData\Local\Temp\VMicroBuilds\cc3200_smartconfig\energia_energia_cc3200_CC3200-LAUNCHXL/core.a(IPAddress.cpp.o)
                0x2000759c                IPAddress::IPAddress()
                0x2000759c                IPAddress::IPAddress()
 .text._ZN9IPAddressC2Ehhhh
                0x200075b8       0x18 C:\Users\Thanh\AppData\Local\Temp\VMicroBuilds\cc3200_smartconfig\energia_energia_cc3200_CC3200-LAUNCHXL/core.a(IPAddress.cpp.o)
                0x200075b8                IPAddress::IPAddress(unsigned char, unsigned char, unsigned char, unsigned char)
                0x200075b8                IPAddress::IPAddress(unsigned char, unsigned char, unsigned char, unsigned char)
 .text._ZN9IPAddressaSEm
                0x200075d0       0x14 C:\Users\Thanh\AppData\Local\Temp\VMicroBuilds\cc3200_smartconfig\energia_energia_cc3200_CC3200-LAUNCHXL/core.a(IPAddress.cpp.o)
                0x200075d0                IPAddress::operator=(unsigned long)
 .text.startup._GLOBAL__sub_I_INADDR_NONE
                0x200075e4       0x1c C:\Users\Thanh\AppData\Local\Temp\VMicroBuilds\cc3200_smartconfig\energia_energia_cc3200_CC3200-LAUNCHXL/core.a(IPAddress.cpp.o)
 .text._ZNK10MACAddress7printToER5Print
                0x20007600       0x60 C:\Users\Thanh\AppData\Local\Temp\VMicroBuilds\cc3200_smartconfig\energia_energia_cc3200_CC3200-LAUNCHXL/core.a(MACAddress.cpp.o)
                0x20007600                MACAddress::printTo(Print&) const
 .text.startup._GLOBAL__sub_I_MACADDR_NONE
                0x20007660       0x20 C:\Users\Thanh\AppData\Local\Temp\VMicroBuilds\cc3200_smartconfig\energia_energia_cc3200_CC3200-LAUNCHXL/core.a(MACAddress.cpp.o)
 .text._init    0x20007680       0x4c C:\Users\Thanh\AppData\Local\Temp\VMicroBuilds\cc3200_smartconfig\energia_energia_cc3200_CC3200-LAUNCHXL/core.a(main.cpp.o)
                0x20007680                _init
 .text.startup.main
                0x200076cc       0x1c C:\Users\Thanh\AppData\Local\Temp\VMicroBuilds\cc3200_smartconfig\energia_energia_cc3200_CC3200-LAUNCHXL/core.a(main.cpp.o)
                0x200076cc                main
 .text._ZN5Print5writeEPKhj
                0x200076e8       0x22 C:\Users\Thanh\AppData\Local\Temp\VMicroBuilds\cc3200_smartconfig\energia_energia_cc3200_CC3200-LAUNCHXL/core.a(Print.cpp.o)
                0x200076e8                Print::write(unsigned char const*, unsigned int)
 .text._ZN5Print5printEmi.part.2
                0x2000770a        0xc C:\Users\Thanh\AppData\Local\Temp\VMicroBuilds\cc3200_smartconfig\energia_energia_cc3200_CC3200-LAUNCHXL/core.a(Print.cpp.o)
 .text._ZN5Print5writeEPKc
                0x20007716       0x1a C:\Users\Thanh\AppData\Local\Temp\VMicroBuilds\cc3200_smartconfig\energia_energia_cc3200_CC3200-LAUNCHXL/core.a(Print.cpp.o)
                0x20007716                Print::write(char const*)
 .text._ZN5Print5printEPKc
                0x20007730        0x8 C:\Users\Thanh\AppData\Local\Temp\VMicroBuilds\cc3200_smartconfig\energia_energia_cc3200_CC3200-LAUNCHXL/core.a(Print.cpp.o)
                0x20007730                Print::print(char const*)
 .text._ZN5Print5printEc
                0x20007738        0xa C:\Users\Thanh\AppData\Local\Temp\VMicroBuilds\cc3200_smartconfig\energia_energia_cc3200_CC3200-LAUNCHXL/core.a(Print.cpp.o)
                0x20007738                Print::print(char)
 .text._ZN5Print5printERK9Printable
                0x20007742       0x10 C:\Users\Thanh\AppData\Local\Temp\VMicroBuilds\cc3200_smartconfig\energia_energia_cc3200_CC3200-LAUNCHXL/core.a(Print.cpp.o)
                0x20007742                Print::print(Printable const&)
 .text._ZN5Print7printlnEv
                0x20007752       0x18 C:\Users\Thanh\AppData\Local\Temp\VMicroBuilds\cc3200_smartconfig\energia_energia_cc3200_CC3200-LAUNCHXL/core.a(Print.cpp.o)
                0x20007752                Print::println()
 .text._ZN5Print7printlnEPKc
                0x2000776a       0x14 C:\Users\Thanh\AppData\Local\Temp\VMicroBuilds\cc3200_smartconfig\energia_energia_cc3200_CC3200-LAUNCHXL/core.a(Print.cpp.o)
                0x2000776a                Print::println(char const*)
 .text._ZN5Print7printlnERK9Printable
                0x2000777e       0x14 C:\Users\Thanh\AppData\Local\Temp\VMicroBuilds\cc3200_smartconfig\energia_energia_cc3200_CC3200-LAUNCHXL/core.a(Print.cpp.o)
                0x2000777e                Print::println(Printable const&)
 .text._ZN5Print11printNumberEmh
                0x20007792       0x3c C:\Users\Thanh\AppData\Local\Temp\VMicroBuilds\cc3200_smartconfig\energia_energia_cc3200_CC3200-LAUNCHXL/core.a(Print.cpp.o)
                0x20007792                Print::printNumber(unsigned long, unsigned char)
 .text._ZN5Print5printEmi
                0x200077ce        0xc C:\Users\Thanh\AppData\Local\Temp\VMicroBuilds\cc3200_smartconfig\energia_energia_cc3200_CC3200-LAUNCHXL/core.a(Print.cpp.o)
                0x200077ce                Print::print(unsigned long, int)
 .text._ZN5Print5printEhi
                0x200077da        0x4 C:\Users\Thanh\AppData\Local\Temp\VMicroBuilds\cc3200_smartconfig\energia_energia_cc3200_CC3200-LAUNCHXL/core.a(Print.cpp.o)
                0x200077da                Print::print(unsigned char, int)
 .text.CPUcpsie
                0x200077de       0x10 C:\Users\Thanh\AppData\Local\Energia15\packages\energia\hardware\cc3200\1.0.2\system/driverlib/libdriverlib.a(cpu.o)
                0x200077de                CPUcpsie
 .text.IntDefaultHandler
                0x200077ee        0x2 C:\Users\Thanh\AppData\Local\Energia15\packages\energia\hardware\cc3200\1.0.2\system/driverlib/libdriverlib.a(interrupt.o)
 .text.IntMasterEnable
                0x200077f0        0xa C:\Users\Thanh\AppData\Local\Energia15\packages\energia\hardware\cc3200\1.0.2\system/driverlib/libdriverlib.a(interrupt.o)
                0x200077f0                IntMasterEnable
 *fill*         0x200077fa        0x2 
 .text.IntVTableBaseSet
                0x200077fc        0xc C:\Users\Thanh\AppData\Local\Energia15\packages\energia\hardware\cc3200\1.0.2\system/driverlib/libdriverlib.a(interrupt.o)
                0x200077fc                IntVTableBaseSet
 .text.IntRegister
                0x20007808       0x10 C:\Users\Thanh\AppData\Local\Energia15\packages\energia\hardware\cc3200\1.0.2\system/driverlib/libdriverlib.a(interrupt.o)
                0x20007808                IntRegister
 .text.IntUnregister
                0x20007818       0x14 C:\Users\Thanh\AppData\Local\Energia15\packages\energia\hardware\cc3200\1.0.2\system/driverlib/libdriverlib.a(interrupt.o)
                0x20007818                IntUnregister
 .text.IntPrioritySet
                0x2000782c       0x28 C:\Users\Thanh\AppData\Local\Energia15\packages\energia\hardware\cc3200\1.0.2\system/driverlib/libdriverlib.a(interrupt.o)
                0x2000782c                IntPrioritySet
 .text.IntEnable
                0x20007854       0x68 C:\Users\Thanh\AppData\Local\Energia15\packages\energia\hardware\cc3200\1.0.2\system/driverlib/libdriverlib.a(interrupt.o)
                0x20007854                IntEnable
 .text.IntDisable
                0x200078bc       0x68 C:\Users\Thanh\AppData\Local\Energia15\packages\energia\hardware\cc3200\1.0.2\system/driverlib/libdriverlib.a(interrupt.o)
                0x200078bc                IntDisable
 .text.IntPendClear
                0x20007924       0x40 C:\Users\Thanh\AppData\Local\Energia15\packages\energia\hardware\cc3200\1.0.2\system/driverlib/libdriverlib.a(interrupt.o)
                0x20007924                IntPendClear
 .text.PinModeSet
                0x20007964       0x28 C:\Users\Thanh\AppData\Local\Energia15\packages\energia\hardware\cc3200\1.0.2\system/driverlib/libdriverlib.a(pin.o)
                0x20007964                PinModeSet
 .text.PinConfigSet
                0x2000798c       0x58 C:\Users\Thanh\AppData\Local\Energia15\packages\energia\hardware\cc3200\1.0.2\system/driverlib/libdriverlib.a(pin.o)
                0x2000798c                PinConfigSet
 .text.PinTypeUART
                0x200079e4       0x16 C:\Users\Thanh\AppData\Local\Energia15\packages\energia\hardware\cc3200\1.0.2\system/driverlib/libdriverlib.a(pin.o)
                0x200079e4                PinTypeUART
 *fill*         0x200079fa        0x2 
 .text.PRCMSysResetCauseGet
                0x200079fc       0x2c C:\Users\Thanh\AppData\Local\Energia15\packages\energia\hardware\cc3200\1.0.2\system/driverlib/libdriverlib.a(prcm.o)
                0x200079fc                PRCMSysResetCauseGet
 .text.PRCMPeripheralClkEnable
                0x20007a28       0x2c C:\Users\Thanh\AppData\Local\Energia15\packages\energia\hardware\cc3200\1.0.2\system/driverlib/libdriverlib.a(prcm.o)
                0x20007a28                PRCMPeripheralClkEnable
 .text.PRCMPeripheralClkDisable
                0x20007a54       0x1c C:\Users\Thanh\AppData\Local\Energia15\packages\energia\hardware\cc3200\1.0.2\system/driverlib/libdriverlib.a(prcm.o)
                0x20007a54                PRCMPeripheralClkDisable
 .text.PRCMPeripheralClockGet
                0x20007a70       0x48 C:\Users\Thanh\AppData\Local\Energia15\packages\energia\hardware\cc3200\1.0.2\system/driverlib/libdriverlib.a(prcm.o)
                0x20007a70                PRCMPeripheralClockGet
 .text.PRCMPeripheralReset
                0x20007ab8       0x40 C:\Users\Thanh\AppData\Local\Energia15\packages\energia\hardware\cc3200\1.0.2\system/driverlib/libdriverlib.a(prcm.o)
                0x20007ab8                PRCMPeripheralReset
 .text.PRCMPeripheralStatusGet
                0x20007af8       0x1c C:\Users\Thanh\AppData\Local\Energia15\packages\energia\hardware\cc3200\1.0.2\system/driverlib/libdriverlib.a(prcm.o)
                0x20007af8                PRCMPeripheralStatusGet
 .text.PRCMCC3200MCUInit
                0x20007b14      0x124 C:\Users\Thanh\AppData\Local\Energia15\packages\energia\hardware\cc3200\1.0.2\system/driverlib/libdriverlib.a(prcm.o)
                0x20007b14                PRCMCC3200MCUInit
 .text.SPIDmaMaskGet
                0x20007c38       0x3c C:\Users\Thanh\AppData\Local\Energia15\packages\energia\hardware\cc3200\1.0.2\system/driverlib/libdriverlib.a(spi.o)
 .text.SPIEnable
                0x20007c74        0xe C:\Users\Thanh\AppData\Local\Energia15\packages\energia\hardware\cc3200\1.0.2\system/driverlib/libdriverlib.a(spi.o)
                0x20007c74                SPIEnable
 .text.SPIDisable
                0x20007c82        0xe C:\Users\Thanh\AppData\Local\Energia15\packages\energia\hardware\cc3200\1.0.2\system/driverlib/libdriverlib.a(spi.o)
                0x20007c82                SPIDisable
 .text.SPIDmaEnable
                0x20007c90        0xc C:\Users\Thanh\AppData\Local\Energia15\packages\energia\hardware\cc3200\1.0.2\system/driverlib/libdriverlib.a(spi.o)
                0x20007c90                SPIDmaEnable
 .text.SPIDmaDisable
                0x20007c9c        0xc C:\Users\Thanh\AppData\Local\Energia15\packages\energia\hardware\cc3200\1.0.2\system/driverlib/libdriverlib.a(spi.o)
                0x20007c9c                SPIDmaDisable
 .text.SPIReset
                0x20007ca8       0x16 C:\Users\Thanh\AppData\Local\Energia15\packages\energia\hardware\cc3200\1.0.2\system/driverlib/libdriverlib.a(spi.o)
                0x20007ca8                SPIReset
 .text.SPIConfigSetExpClk
                0x20007cbe       0x5a C:\Users\Thanh\AppData\Local\Energia15\packages\energia\hardware\cc3200\1.0.2\system/driverlib/libdriverlib.a(spi.o)
                0x20007cbe                SPIConfigSetExpClk
 .text.SPIFIFOEnable
                0x20007d18        0xc C:\Users\Thanh\AppData\Local\Energia15\packages\energia\hardware\cc3200\1.0.2\system/driverlib/libdriverlib.a(spi.o)
                0x20007d18                SPIFIFOEnable
 .text.SPIFIFODisable
                0x20007d24        0xe C:\Users\Thanh\AppData\Local\Energia15\packages\energia\hardware\cc3200\1.0.2\system/driverlib/libdriverlib.a(spi.o)
                0x20007d24                SPIFIFODisable
 .text.SPIFIFOLevelSet
                0x20007d32       0x18 C:\Users\Thanh\AppData\Local\Energia15\packages\energia\hardware\cc3200\1.0.2\system/driverlib/libdriverlib.a(spi.o)
                0x20007d32                SPIFIFOLevelSet
 .text.SPIWordCountSet
                0x20007d4a       0x10 C:\Users\Thanh\AppData\Local\Energia15\packages\energia\hardware\cc3200\1.0.2\system/driverlib/libdriverlib.a(spi.o)
                0x20007d4a                SPIWordCountSet
 *fill*         0x20007d5a        0x2 
 .text.SPIIntUnregister
                0x20007d5c       0x4c C:\Users\Thanh\AppData\Local\Energia15\packages\energia\hardware\cc3200\1.0.2\system/driverlib/libdriverlib.a(spi.o)
                0x20007d5c                SPIIntUnregister
 .text.SPIIntEnable
                0x20007da8       0x3c C:\Users\Thanh\AppData\Local\Energia15\packages\energia\hardware\cc3200\1.0.2\system/driverlib/libdriverlib.a(spi.o)
                0x20007da8                SPIIntEnable
 .text.SPIIntClear
                0x20007de4       0x34 C:\Users\Thanh\AppData\Local\Energia15\packages\energia\hardware\cc3200\1.0.2\system/driverlib/libdriverlib.a(spi.o)
                0x20007de4                SPIIntClear
 .text.SPICSEnable
                0x20007e18        0xe C:\Users\Thanh\AppData\Local\Energia15\packages\energia\hardware\cc3200\1.0.2\system/driverlib/libdriverlib.a(spi.o)
                0x20007e18                SPICSEnable
 .text.SPICSDisable
                0x20007e26        0xe C:\Users\Thanh\AppData\Local\Energia15\packages\energia\hardware\cc3200\1.0.2\system/driverlib/libdriverlib.a(spi.o)
                0x20007e26                SPICSDisable
 .text.SysTickEnable
                0x20007e34       0x10 C:\Users\Thanh\AppData\Local\Energia15\packages\energia\hardware\cc3200\1.0.2\system/driverlib/libdriverlib.a(systick.o)
                0x20007e34                SysTickEnable
 .text.SysTickIntEnable
                0x20007e44       0x10 C:\Users\Thanh\AppData\Local\Energia15\packages\energia\hardware\cc3200\1.0.2\system/driverlib/libdriverlib.a(systick.o)
                0x20007e44                SysTickIntEnable
 .text.SysTickPeriodSet
                0x20007e54        0xc C:\Users\Thanh\AppData\Local\Energia15\packages\energia\hardware\cc3200\1.0.2\system/driverlib/libdriverlib.a(systick.o)
                0x20007e54                SysTickPeriodSet
 .text.UARTEnable
                0x20007e60       0x16 C:\Users\Thanh\AppData\Local\Energia15\packages\energia\hardware\cc3200\1.0.2\system/driverlib/libdriverlib.a(uart.o)
                0x20007e60                UARTEnable
 .text.UARTDisable
                0x20007e76       0x1c C:\Users\Thanh\AppData\Local\Energia15\packages\energia\hardware\cc3200\1.0.2\system/driverlib/libdriverlib.a(uart.o)
                0x20007e76                UARTDisable
 .text.UARTConfigSetExpClk
                0x20007e92       0x48 C:\Users\Thanh\AppData\Local\Energia15\packages\energia\hardware\cc3200\1.0.2\system/driverlib/libdriverlib.a(uart.o)
                0x20007e92                UARTConfigSetExpClk
 .text.UARTCharsAvail
                0x20007eda        0xc C:\Users\Thanh\AppData\Local\Energia15\packages\energia\hardware\cc3200\1.0.2\system/driverlib/libdriverlib.a(uart.o)
                0x20007eda                UARTCharsAvail
 .text.UARTSpaceAvail
                0x20007ee6        0xc C:\Users\Thanh\AppData\Local\Energia15\packages\energia\hardware\cc3200\1.0.2\system/driverlib/libdriverlib.a(uart.o)
                0x20007ee6                UARTSpaceAvail
 .text.UARTCharGetNonBlocking
                0x20007ef2        0xe C:\Users\Thanh\AppData\Local\Energia15\packages\energia\hardware\cc3200\1.0.2\system/driverlib/libdriverlib.a(uart.o)
                0x20007ef2                UARTCharGetNonBlocking
 .text.UARTCharPutNonBlocking
                0x20007f00        0xe C:\Users\Thanh\AppData\Local\Energia15\packages\energia\hardware\cc3200\1.0.2\system/driverlib/libdriverlib.a(uart.o)
                0x20007f00                UARTCharPutNonBlocking
 .text.UARTIntEnable
                0x20007f0e        0x8 C:\Users\Thanh\AppData\Local\Energia15\packages\energia\hardware\cc3200\1.0.2\system/driverlib/libdriverlib.a(uart.o)
                0x20007f0e                UARTIntEnable
 .text.UARTIntDisable
                0x20007f16        0xa C:\Users\Thanh\AppData\Local\Energia15\packages\energia\hardware\cc3200\1.0.2\system/driverlib/libdriverlib.a(uart.o)
                0x20007f16                UARTIntDisable
 .text.UARTIntStatus
                0x20007f20        0xa C:\Users\Thanh\AppData\Local\Energia15\packages\energia\hardware\cc3200\1.0.2\system/driverlib/libdriverlib.a(uart.o)
                0x20007f20                UARTIntStatus
 .text.UARTIntClear
                0x20007f2a        0x4 C:\Users\Thanh\AppData\Local\Energia15\packages\energia\hardware\cc3200\1.0.2\system/driverlib/libdriverlib.a(uart.o)
                0x20007f2a                UARTIntClear
 *fill*         0x20007f2e        0x2 
 .text.uDMAEnable
                0x20007f30        0xc C:\Users\Thanh\AppData\Local\Energia15\packages\energia\hardware\cc3200\1.0.2\system/driverlib/libdriverlib.a(udma.o)
                0x20007f30                uDMAEnable
 .text.uDMAChannelEnable
                0x20007f3c       0x14 C:\Users\Thanh\AppData\Local\Energia15\packages\energia\hardware\cc3200\1.0.2\system/driverlib/libdriverlib.a(udma.o)
                0x20007f3c                uDMAChannelEnable
 .text.uDMAControlBaseSet
                0x20007f50        0xc C:\Users\Thanh\AppData\Local\Energia15\packages\energia\hardware\cc3200\1.0.2\system/driverlib/libdriverlib.a(udma.o)
                0x20007f50                uDMAControlBaseSet
 .text.uDMAChannelAttributeEnable
                0x20007f5c       0x48 C:\Users\Thanh\AppData\Local\Energia15\packages\energia\hardware\cc3200\1.0.2\system/driverlib/libdriverlib.a(udma.o)
                0x20007f5c                uDMAChannelAttributeEnable
 .text.uDMAChannelAttributeDisable
                0x20007fa4       0x48 C:\Users\Thanh\AppData\Local\Energia15\packages\energia\hardware\cc3200\1.0.2\system/driverlib/libdriverlib.a(udma.o)
                0x20007fa4                uDMAChannelAttributeDisable
 .text.uDMAChannelControlSet
                0x20007fec       0x20 C:\Users\Thanh\AppData\Local\Energia15\packages\energia\hardware\cc3200\1.0.2\system/driverlib/libdriverlib.a(udma.o)
                0x20007fec                uDMAChannelControlSet
 .text.uDMAChannelTransferSet
                0x2000800c       0x84 C:\Users\Thanh\AppData\Local\Energia15\packages\energia\hardware\cc3200\1.0.2\system/driverlib/libdriverlib.a(udma.o)
                0x2000800c                uDMAChannelTransferSet
 .text.uDMAIntRegister
                0x20008090       0x12 C:\Users\Thanh\AppData\Local\Energia15\packages\energia\hardware\cc3200\1.0.2\system/driverlib/libdriverlib.a(udma.o)
                0x20008090                uDMAIntRegister
 *fill*         0x200080a2        0x2 
 .text.uDMAIntStatus
                0x200080a4        0xc C:\Users\Thanh\AppData\Local\Energia15\packages\energia\hardware\cc3200\1.0.2\system/driverlib/libdriverlib.a(udma.o)
                0x200080a4                uDMAIntStatus
 .text.uDMAIntClear
                0x200080b0        0xc C:\Users\Thanh\AppData\Local\Energia15\packages\energia\hardware\cc3200\1.0.2\system/driverlib/libdriverlib.a(udma.o)
                0x200080b0                uDMAIntClear
 .text.uDMAChannelAssign
                0x200080bc       0x2c C:\Users\Thanh\AppData\Local\Energia15\packages\energia\hardware\cc3200\1.0.2\system/driverlib/libdriverlib.a(udma.o)
                0x200080bc                uDMAChannelAssign
 .text.UtilsDelay
                0x200080e8        0x8 C:\Users\Thanh\AppData\Local\Energia15\packages\energia\hardware\cc3200\1.0.2\system/driverlib/libdriverlib.a(utils.o)
                0x200080e8                UtilsDelay
 .text.__aeabi_atexit
                0x200080f0        0xc c:/users/thanh/appdata/local/energia15/packages/energia/tools/arm-none-eabi-gcc/4.8.4-20140725/bin/../lib/gcc/arm-none-eabi/4.8.4/../../../../arm-none-eabi/lib/armv7e-m\libc.a(lib_a-aeabi_atexit.o)
                0x200080f0                __aeabi_atexit
 .text.__cxa_atexit
                0x200080fc       0x14 c:/users/thanh/appdata/local/energia15/packages/energia/tools/arm-none-eabi-gcc/4.8.4-20140725/bin/../lib/gcc/arm-none-eabi/4.8.4/../../../../arm-none-eabi/lib/armv7e-m\libc.a(lib_a-cxa_atexit.o)
                0x200080fc                __cxa_atexit
 .text.malloc   0x20008110       0x10 c:/users/thanh/appdata/local/energia15/packages/energia/tools/arm-none-eabi-gcc/4.8.4-20140725/bin/../lib/gcc/arm-none-eabi/4.8.4/../../../../arm-none-eabi/lib/armv7e-m\libc.a(lib_a-malloc.o)
                0x20008110                malloc
 .text._malloc_r
                0x20008120      0x538 c:/users/thanh/appdata/local/energia15/packages/energia/tools/arm-none-eabi-gcc/4.8.4-20140725/bin/../lib/gcc/arm-none-eabi/4.8.4/../../../../arm-none-eabi/lib/armv7e-m\libc.a(lib_a-mallocr.o)
                0x20008120                _malloc_r
 .text.memcmp   0x20008658       0x68 c:/users/thanh/appdata/local/energia15/packages/energia/tools/arm-none-eabi-gcc/4.8.4-20140725/bin/../lib/gcc/arm-none-eabi/4.8.4/../../../../arm-none-eabi/lib/armv7e-m\libc.a(lib_a-memcmp.o)
                0x20008658                memcmp
 .text          0x200086c0      0x134 c:/users/thanh/appdata/local/energia15/packages/energia/tools/arm-none-eabi-gcc/4.8.4-20140725/bin/../lib/gcc/arm-none-eabi/4.8.4/../../../../arm-none-eabi/lib/armv7e-m\libc.a(lib_a-memcpy.o)
                0x200086c0                memcpy
 .text.memset   0x200087f4       0x94 c:/users/thanh/appdata/local/energia15/packages/energia/tools/arm-none-eabi-gcc/4.8.4-20140725/bin/../lib/gcc/arm-none-eabi/4.8.4/../../../../arm-none-eabi/lib/armv7e-m\libc.a(lib_a-memset.o)
                0x200087f4                memset
 .text.__malloc_lock
                0x20008888        0x4 c:/users/thanh/appdata/local/energia15/packages/energia/tools/arm-none-eabi-gcc/4.8.4-20140725/bin/../lib/gcc/arm-none-eabi/4.8.4/../../../../arm-none-eabi/lib/armv7e-m\libc.a(lib_a-mlock.o)
                0x20008888                __malloc_lock
 .text.__malloc_unlock
                0x2000888c        0x4 c:/users/thanh/appdata/local/energia15/packages/energia/tools/arm-none-eabi-gcc/4.8.4-20140725/bin/../lib/gcc/arm-none-eabi/4.8.4/../../../../arm-none-eabi/lib/armv7e-m\libc.a(lib_a-mlock.o)
                0x2000888c                __malloc_unlock
 .text._sbrk_r  0x20008890       0x24 c:/users/thanh/appdata/local/energia15/packages/energia/tools/arm-none-eabi-gcc/4.8.4-20140725/bin/../lib/gcc/arm-none-eabi/4.8.4/../../../../arm-none-eabi/lib/armv7e-m\libc.a(lib_a-sbrkr.o)
                0x20008890                _sbrk_r
 .text.strcpy   0x200088b4       0xbc c:/users/thanh/appdata/local/energia15/packages/energia/tools/arm-none-eabi-gcc/4.8.4-20140725/bin/../lib/gcc/arm-none-eabi/4.8.4/../../../../arm-none-eabi/lib/armv7e-m\libc.a(lib_a-strcpy.o)
                0x200088b4                strcpy
 .text.strlen   0x20008970       0x60 c:/users/thanh/appdata/local/energia15/packages/energia/tools/arm-none-eabi-gcc/4.8.4-20140725/bin/../lib/gcc/arm-none-eabi/4.8.4/../../../../arm-none-eabi/lib/armv7e-m\libc.a(lib_a-strlen.o)
                0x20008970                strlen
 .text.__register_exitproc
                0x200089d0       0xa8 c:/users/thanh/appdata/local/energia15/packages/energia/tools/arm-none-eabi-gcc/4.8.4-20140725/bin/../lib/gcc/arm-none-eabi/4.8.4/../../../../arm-none-eabi/lib/armv7e-m\libc.a(lib_a-__atexit.o)
                0x200089d0                __register_exitproc
 .text._malloc_trim_r
                0x20008a78       0x9c c:/users/thanh/appdata/local/energia15/packages/energia/tools/arm-none-eabi-gcc/4.8.4-20140725/bin/../lib/gcc/arm-none-eabi/4.8.4/../../../../arm-none-eabi/lib/armv7e-m\libc.a(lib_a-freer.o)
                0x20008a78                _malloc_trim_r
 .text._free_r  0x20008b14      0x19c c:/users/thanh/appdata/local/energia15/packages/energia/tools/arm-none-eabi-gcc/4.8.4-20140725/bin/../lib/gcc/arm-none-eabi/4.8.4/../../../../arm-none-eabi/lib/armv7e-m\libc.a(lib_a-freer.o)
                0x20008b14                _free_r
 *(.rodata*)
 .rodata.str1.1
                0x20008cb0       0x52 C:\Users\Thanh\AppData\Local\Temp\VMicroBuilds\cc3200_smartconfig\energia_energia_cc3200_CC3200-LAUNCHXL\cc3200_smartconfig.cpp.o
 *fill*         0x20008d02        0x6 
 .rodata._ZTV4SLFS
                0x20008d08       0x30 C:\Users\Thanh\AppData\Local\Temp\VMicroBuilds\cc3200_smartconfig\energia_energia_cc3200_CC3200-LAUNCHXL\WiFi\SLFS.cpp.o
                0x20008d08                vtable for SLFS
 .rodata._ZTV10WiFiClient
                0x20008d38       0x40 C:\Users\Thanh\AppData\Local\Temp\VMicroBuilds\cc3200_smartconfig\energia_energia_cc3200_CC3200-LAUNCHXL\WiFi\WiFiClient.cpp.o
                0x20008d38                vtable for WiFiClient
 .rodata.str1.1
                0x20008d78       0x11 C:\Users\Thanh\AppData\Local\Temp\VMicroBuilds\cc3200_smartconfig\energia_energia_cc3200_CC3200-LAUNCHXL\WiFi\WiFiClient.cpp.o
 *fill*         0x20008d89        0x1 
 .rodata._SlStopCmdCtrl
                0x20008d8a        0x4 C:\Users\Thanh\AppData\Local\Temp\VMicroBuilds\cc3200_smartconfig\energia_energia_cc3200_CC3200-LAUNCHXL\WiFi\utility\device.c.o
                0x20008d8a                _SlStopCmdCtrl
 .rodata.StartResponseLUT
                0x20008d8e        0x8 C:\Users\Thanh\AppData\Local\Temp\VMicroBuilds\cc3200_smartconfig\energia_energia_cc3200_CC3200-LAUNCHXL\WiFi\utility\device.c.o
                0x20008d8e                StartResponseLUT
 *fill*         0x20008d96        0x2 
 .rodata.g_H2NSyncPattern
                0x20008d98        0x8 C:\Users\Thanh\AppData\Local\Temp\VMicroBuilds\cc3200_smartconfig\energia_energia_cc3200_CC3200-LAUNCHXL\WiFi\utility\driver.c.o
                0x20008d98                g_H2NSyncPattern
 .rodata.g_H2NCnysPattern
                0x20008da0        0x8 C:\Users\Thanh\AppData\Local\Temp\VMicroBuilds\cc3200_smartconfig\energia_energia_cc3200_CC3200-LAUNCHXL\WiFi\utility\driver.c.o
                0x20008da0                g_H2NCnysPattern
 .rodata._SlActionLookupTable
                0x20008da8       0x38 C:\Users\Thanh\AppData\Local\Temp\VMicroBuilds\cc3200_smartconfig\energia_energia_cc3200_CC3200-LAUNCHXL\WiFi\utility\driver.c.o
                0x20008da8                _SlActionLookupTable
 .rodata.OpcodeTranslateTable
                0x20008de0       0x3c C:\Users\Thanh\AppData\Local\Temp\VMicroBuilds\cc3200_smartconfig\energia_energia_cc3200_CC3200-LAUNCHXL\WiFi\utility\driver.c.o
                0x20008de0                OpcodeTranslateTable
 .rodata.RxMsgClassLUT
                0x20008e1c       0x20 C:\Users\Thanh\AppData\Local\Temp\VMicroBuilds\cc3200_smartconfig\energia_energia_cc3200_CC3200-LAUNCHXL\WiFi\utility\driver.c.o
                0x20008e1c                RxMsgClassLUT
 .rodata._SlFsReadCmdCtrl
                0x20008e3c        0x4 C:\Users\Thanh\AppData\Local\Temp\VMicroBuilds\cc3200_smartconfig\energia_energia_cc3200_CC3200-LAUNCHXL\WiFi\utility\fs.c.o
                0x20008e3c                _SlFsReadCmdCtrl
 .rodata._SlFsWriteCmdCtrl
                0x20008e40        0x4 C:\Users\Thanh\AppData\Local\Temp\VMicroBuilds\cc3200_smartconfig\energia_energia_cc3200_CC3200-LAUNCHXL\WiFi\utility\fs.c.o
                0x20008e40                _SlFsWriteCmdCtrl
 .rodata._SlGetHostByNameCtrl
                0x20008e44        0x4 C:\Users\Thanh\AppData\Local\Temp\VMicroBuilds\cc3200_smartconfig\energia_energia_cc3200_CC3200-LAUNCHXL\WiFi\utility\netapp.c.o
                0x20008e44                _SlGetHostByNameCtrl
 .rodata._SlNetAppSendTokenValueCmdCtrl
                0x20008e48        0x4 C:\Users\Thanh\AppData\Local\Temp\VMicroBuilds\cc3200_smartconfig\energia_energia_cc3200_CC3200-LAUNCHXL\WiFi\utility\netapp.c.o
                0x20008e48                _SlNetAppSendTokenValueCmdCtrl
 .rodata._SlRegisterServiceCtrl
                0x20008e4c        0x4 C:\Users\Thanh\AppData\Local\Temp\VMicroBuilds\cc3200_smartconfig\energia_energia_cc3200_CC3200-LAUNCHXL\WiFi\utility\netapp.c.o
                0x20008e4c                _SlRegisterServiceCtrl
 .rodata._SlNetCfgGetCmdCtrl
                0x20008e50        0x4 C:\Users\Thanh\AppData\Local\Temp\VMicroBuilds\cc3200_smartconfig\energia_energia_cc3200_CC3200-LAUNCHXL\WiFi\utility\netcfg.c.o
                0x20008e50                _SlNetCfgGetCmdCtrl
 .rodata._SlSendCmdCtrl
                0x20008e54        0x4 C:\Users\Thanh\AppData\Local\Temp\VMicroBuilds\cc3200_smartconfig\energia_energia_cc3200_CC3200-LAUNCHXL\WiFi\utility\socket.c.o
                0x20008e54                _SlSendCmdCtrl
 .rodata._SlSockSocketCmdCtrl
                0x20008e58        0x4 C:\Users\Thanh\AppData\Local\Temp\VMicroBuilds\cc3200_smartconfig\energia_energia_cc3200_CC3200-LAUNCHXL\WiFi\utility\socket.c.o
                0x20008e58                _SlSockSocketCmdCtrl
 .rodata._SlPayloadByProtocolLUT
                0x20008e5c       0x10 C:\Users\Thanh\AppData\Local\Temp\VMicroBuilds\cc3200_smartconfig\energia_energia_cc3200_CC3200-LAUNCHXL\WiFi\utility\socket.c.o
                0x20008e5c                _SlPayloadByProtocolLUT
 .rodata._SlSockCloseCmdCtrl
                0x20008e6c        0x4 C:\Users\Thanh\AppData\Local\Temp\VMicroBuilds\cc3200_smartconfig\energia_energia_cc3200_CC3200-LAUNCHXL\WiFi\utility\socket.c.o
                0x20008e6c                _SlSockCloseCmdCtrl
 .rodata._SlRecvCmdCtrl
                0x20008e70        0x4 C:\Users\Thanh\AppData\Local\Temp\VMicroBuilds\cc3200_smartconfig\energia_energia_cc3200_CC3200-LAUNCHXL\WiFi\utility\socket.c.o
                0x20008e70                _SlRecvCmdCtrl
 .rodata._SlSetSockOptCmdCtrl
                0x20008e74        0x4 C:\Users\Thanh\AppData\Local\Temp\VMicroBuilds\cc3200_smartconfig\energia_energia_cc3200_CC3200-LAUNCHXL\WiFi\utility\socket.c.o
                0x20008e74                _SlSetSockOptCmdCtrl
 .rodata._SlSmartConfigStartCmdCtrl
                0x20008e78        0x4 C:\Users\Thanh\AppData\Local\Temp\VMicroBuilds\cc3200_smartconfig\energia_energia_cc3200_CC3200-LAUNCHXL\WiFi\utility\wlan.c.o
                0x20008e78                _SlSmartConfigStartCmdCtrl
 .rodata._SlProfileDelCmdCtrl
                0x20008e7c        0x4 C:\Users\Thanh\AppData\Local\Temp\VMicroBuilds\cc3200_smartconfig\energia_energia_cc3200_CC3200-LAUNCHXL\WiFi\utility\wlan.c.o
                0x20008e7c                _SlProfileDelCmdCtrl
 .rodata._SlWlanSetModeCmdCtrl
                0x20008e80        0x4 C:\Users\Thanh\AppData\Local\Temp\VMicroBuilds\cc3200_smartconfig\energia_energia_cc3200_CC3200-LAUNCHXL\WiFi\utility\wlan.c.o
                0x20008e80                _SlWlanSetModeCmdCtrl
 .rodata._SlWlanCfgGetCmdCtrl
                0x20008e84        0x4 C:\Users\Thanh\AppData\Local\Temp\VMicroBuilds\cc3200_smartconfig\energia_energia_cc3200_CC3200-LAUNCHXL\WiFi\utility\wlan.c.o
                0x20008e84                _SlWlanCfgGetCmdCtrl
 .rodata._SlPolicySetCmdCtrl
                0x20008e88        0x4 C:\Users\Thanh\AppData\Local\Temp\VMicroBuilds\cc3200_smartconfig\energia_energia_cc3200_CC3200-LAUNCHXL\WiFi\utility\wlan.c.o
                0x20008e88                _SlPolicySetCmdCtrl
 .rodata._ZL14g_ulUARTConfig
                0x20008e8c       0x10 C:\Users\Thanh\AppData\Local\Temp\VMicroBuilds\cc3200_smartconfig\energia_energia_cc3200_CC3200-LAUNCHXL/core.a(HardwareSerial.cpp.o)
 .rodata._ZL14g_ulUARTPeriph
                0x20008e9c        0x8 C:\Users\Thanh\AppData\Local\Temp\VMicroBuilds\cc3200_smartconfig\energia_energia_cc3200_CC3200-LAUNCHXL/core.a(HardwareSerial.cpp.o)
 .rodata._ZL15g_ulUARTPinmode
                0x20008ea4        0x8 C:\Users\Thanh\AppData\Local\Temp\VMicroBuilds\cc3200_smartconfig\energia_energia_cc3200_CC3200-LAUNCHXL/core.a(HardwareSerial.cpp.o)
 .rodata._ZL11g_ulUARTInt
                0x20008eac        0x8 C:\Users\Thanh\AppData\Local\Temp\VMicroBuilds\cc3200_smartconfig\energia_energia_cc3200_CC3200-LAUNCHXL/core.a(HardwareSerial.cpp.o)
 *fill*         0x20008eb4        0x4 
 .rodata._ZTV14HardwareSerial
                0x20008eb8       0x20 C:\Users\Thanh\AppData\Local\Temp\VMicroBuilds\cc3200_smartconfig\energia_energia_cc3200_CC3200-LAUNCHXL/core.a(HardwareSerial.cpp.o)
                0x20008eb8                vtable for HardwareSerial
 .rodata._ZL12g_ulUARTBase
                0x20008ed8        0x8 C:\Users\Thanh\AppData\Local\Temp\VMicroBuilds\cc3200_smartconfig\energia_energia_cc3200_CC3200-LAUNCHXL/core.a(HardwareSerial.cpp.o)
 .rodata._ZTV9IPAddress
                0x20008ee0       0x10 C:\Users\Thanh\AppData\Local\Temp\VMicroBuilds\cc3200_smartconfig\energia_energia_cc3200_CC3200-LAUNCHXL/core.a(IPAddress.cpp.o)
                0x20008ee0                vtable for IPAddress
 .rodata._ZTV10MACAddress
                0x20008ef0       0x10 C:\Users\Thanh\AppData\Local\Temp\VMicroBuilds\cc3200_smartconfig\energia_energia_cc3200_CC3200-LAUNCHXL/core.a(MACAddress.cpp.o)
                0x20008ef0                vtable for MACAddress
 .rodata.g_pulEnRegs
                0x20008f00       0x18 C:\Users\Thanh\AppData\Local\Energia15\packages\energia\hardware\cc3200\1.0.2\system/driverlib/libdriverlib.a(interrupt.o)
 .rodata.g_pulDisRegs
                0x20008f18       0x18 C:\Users\Thanh\AppData\Local\Energia15\packages\energia\hardware\cc3200\1.0.2\system/driverlib/libdriverlib.a(interrupt.o)
 .rodata.g_pulUnpendRegs
                0x20008f30       0x18 C:\Users\Thanh\AppData\Local\Energia15\packages\energia\hardware\cc3200\1.0.2\system/driverlib/libdriverlib.a(interrupt.o)
 .rodata.g_pulRegs
                0x20008f48       0xd4 C:\Users\Thanh\AppData\Local\Energia15\packages\energia\hardware\cc3200\1.0.2\system/driverlib/libdriverlib.a(interrupt.o)
 .rodata.g_ulPinToPadMap
                0x2000901c      0x100 C:\Users\Thanh\AppData\Local\Energia15\packages\energia\hardware\cc3200\1.0.2\system/driverlib/libdriverlib.a(pin.o)
 .rodata.PRCM_PeriphRegsList
                0x2000911c       0xa8 C:\Users\Thanh\AppData\Local\Energia15\packages\energia\hardware\cc3200\1.0.2\system/driverlib/libdriverlib.a(prcm.o)
 .rodata.g_ppulSPIIntMap
                0x200091c4       0x24 C:\Users\Thanh\AppData\Local\Energia15\packages\energia\hardware\cc3200\1.0.2\system/driverlib/libdriverlib.a(spi.o)
 .rodata.g_ulSPIDmaMaskMap
                0x200091e8       0x18 C:\Users\Thanh\AppData\Local\Energia15\packages\energia\hardware\cc3200\1.0.2\system/driverlib/libdriverlib.a(spi.o)
 .rodata.str1.4
                0x20009200        0x4 c:/users/thanh/appdata/local/energia15/packages/energia/tools/arm-none-eabi-gcc/4.8.4-20140725/bin/../lib/gcc/arm-none-eabi/4.8.4/../../../../arm-none-eabi/lib/armv7e-m\libc.a(lib_a-impure.o)
 .rodata._global_impure_ptr
                0x20009204        0x4 c:/users/thanh/appdata/local/energia15/packages/energia/tools/arm-none-eabi-gcc/4.8.4-20140725/bin/../lib/gcc/arm-none-eabi/4.8.4/../../../../arm-none-eabi/lib/armv7e-m\libc.a(lib_a-impure.o)
                0x20009204                _global_impure_ptr
 *(.ARM.extab* .gnu.linkonce.armextab.*)
                0x20009208                . = ALIGN (0x4)
 *(.init)
                0x20009208                . = ALIGN (0x4)
                0x20009208                __preinit_array_start = .
 *(SORT(.preinit_array*))
 *(.preinit_array)
                0x20009208                __preinit_array_end = .
                0x20009208                . = ALIGN (0x4)
                0x20009208                __init_array_start = .
 *(SORT(.init_array.*))
 *(.init_array)
 .init_array    0x20009208        0x4 C:\Users\Thanh\AppData\Local\Temp\VMicroBuilds\cc3200_smartconfig\energia_energia_cc3200_CC3200-LAUNCHXL\WiFi\SLFS.cpp.o
 .init_array    0x2000920c        0x4 C:\Users\Thanh\AppData\Local\Temp\VMicroBuilds\cc3200_smartconfig\energia_energia_cc3200_CC3200-LAUNCHXL\WiFi\WiFi.cpp.o
 .init_array    0x20009210        0x4 C:\Users\Thanh\AppData\Local\Temp\VMicroBuilds\cc3200_smartconfig\energia_energia_cc3200_CC3200-LAUNCHXL/core.a(HardwareSerial.cpp.o)
 .init_array    0x20009214        0x4 C:\Users\Thanh\AppData\Local\Temp\VMicroBuilds\cc3200_smartconfig\energia_energia_cc3200_CC3200-LAUNCHXL/core.a(IPAddress.cpp.o)
 .init_array    0x20009218        0x4 C:\Users\Thanh\AppData\Local\Temp\VMicroBuilds\cc3200_smartconfig\energia_energia_cc3200_CC3200-LAUNCHXL/core.a(MACAddress.cpp.o)
                0x2000921c                __init_array_end = .
                0x2000921c                . = ALIGN (0x4)
 *(.fini)
                0x2000921c                . = ALIGN (0x4)
                0x2000921c                __fini_array_start = .
 *(.fini_array)
 *(SORT(.fini_array.*))
                0x2000921c                __fini_array_end = .
                0x20009220                . = ALIGN (0x8)
 *fill*         0x2000921c        0x4 
                0x20009220                _etext = .
                0x20009220                PROVIDE (__exidx_start, .)

.glue_7         0x20009220        0x0
 .glue_7        0x00000000        0x0 linker stubs

.glue_7t        0x20009220        0x0
 .glue_7t       0x00000000        0x0 linker stubs

.vfp11_veneer   0x20009220        0x0
 .vfp11_veneer  0x00000000        0x0 linker stubs

.v4_bx          0x20009220        0x0
 .v4_bx         0x00000000        0x0 linker stubs

.iplt           0x20009220        0x0
 .iplt          0x00000000        0x0 C:\Users\Thanh\AppData\Local\Temp\VMicroBuilds\cc3200_smartconfig\energia_energia_cc3200_CC3200-LAUNCHXL\cc3200_smartconfig.cpp.o

.rel.dyn        0x20009220        0x0
 .rel.iplt      0x00000000        0x0 C:\Users\Thanh\AppData\Local\Temp\VMicroBuilds\cc3200_smartconfig\energia_energia_cc3200_CC3200-LAUNCHXL\cc3200_smartconfig.cpp.o

.ARM            0x20009220        0x0
                0x20009220                __exidx_start = .
 *(.ARM.exidx*)
                0x20009220                __exidx_end = .
                0x20009220                __init_data = .

.data           0x20009220      0x848
                0x20009220                _data = .
 *(.data*)
 .data._ZN9WiFiClass11WiFi_statusE
                0x20009220        0x1 C:\Users\Thanh\AppData\Local\Temp\VMicroBuilds\cc3200_smartconfig\energia_energia_cc3200_CC3200-LAUNCHXL\WiFi\WiFi.cpp.o
                0x20009220                WiFiClass::WiFi_status
 *fill*         0x20009221        0x3 
 .data.__malloc_av_
                0x20009224      0x408 c:/users/thanh/appdata/local/energia15/packages/energia/tools/arm-none-eabi-gcc/4.8.4-20140725/bin/../lib/gcc/arm-none-eabi/4.8.4/../../../../arm-none-eabi/lib/armv7e-m\libc.a(lib_a-mallocr.o)
                0x20009224                __malloc_av_
 .data.__malloc_trim_threshold
                0x2000962c        0x4 c:/users/thanh/appdata/local/energia15/packages/energia/tools/arm-none-eabi-gcc/4.8.4-20140725/bin/../lib/gcc/arm-none-eabi/4.8.4/../../../../arm-none-eabi/lib/armv7e-m\libc.a(lib_a-mallocr.o)
                0x2000962c                __malloc_trim_threshold
 .data.__malloc_sbrk_base
                0x20009630        0x4 c:/users/thanh/appdata/local/energia15/packages/energia/tools/arm-none-eabi-gcc/4.8.4-20140725/bin/../lib/gcc/arm-none-eabi/4.8.4/../../../../arm-none-eabi/lib/armv7e-m\libc.a(lib_a-mallocr.o)
                0x20009630                __malloc_sbrk_base
 *fill*         0x20009634        0x4 
 .data.impure_data
                0x20009638      0x428 c:/users/thanh/appdata/local/energia15/packages/energia/tools/arm-none-eabi-gcc/4.8.4-20140725/bin/../lib/gcc/arm-none-eabi/4.8.4/../../../../arm-none-eabi/lib/armv7e-m\libc.a(lib_a-impure.o)
 .data._impure_ptr
                0x20009a60        0x4 c:/users/thanh/appdata/local/energia15/packages/energia/tools/arm-none-eabi-gcc/4.8.4-20140725/bin/../lib/gcc/arm-none-eabi/4.8.4/../../../../arm-none-eabi/lib/armv7e-m\libc.a(lib_a-impure.o)
                0x20009a60                _impure_ptr
                0x20009a68                . = ALIGN (0x8)
 *fill*         0x20009a64        0x4 
                0x20009a68                _edata = .

.igot.plt       0x20009a68        0x0
 .igot.plt      0x00000000        0x0 C:\Users\Thanh\AppData\Local\Temp\VMicroBuilds\cc3200_smartconfig\energia_energia_cc3200_CC3200-LAUNCHXL\cc3200_smartconfig.cpp.o

.bss            0x20009c00     0x9c04
                0x20009c00                _bss = .
 *(.bss*)
 .bss.SerFlash  0x20009c00       0x28 C:\Users\Thanh\AppData\Local\Temp\VMicroBuilds\cc3200_smartconfig\energia_energia_cc3200_CC3200-LAUNCHXL\WiFi\SLFS.cpp.o
                0x20009c00                SerFlash
 .bss._ZN9WiFiClass17_connectedDevicesE
                0x20009c28       0x2c C:\Users\Thanh\AppData\Local\Temp\VMicroBuilds\cc3200_smartconfig\energia_energia_cc3200_CC3200-LAUNCHXL\WiFi\WiFi.cpp.o
                0x20009c28                WiFiClass::_connectedDevices
 .bss._ZN9WiFiClass12_initializedE
                0x20009c54        0x1 C:\Users\Thanh\AppData\Local\Temp\VMicroBuilds\cc3200_smartconfig\energia_energia_cc3200_CC3200-LAUNCHXL\WiFi\WiFi.cpp.o
                0x20009c54                WiFiClass::_initialized
 *fill*         0x20009c55        0x3 
 .bss._ZN9WiFiClass7clientsE
                0x20009c58      0x940 C:\Users\Thanh\AppData\Local\Temp\VMicroBuilds\cc3200_smartconfig\energia_energia_cc3200_CC3200-LAUNCHXL\WiFi\WiFi.cpp.o
                0x20009c58                WiFiClass::clients
 .bss._ZN9WiFiClass10_typeArrayE
                0x2000a598       0x10 C:\Users\Thanh\AppData\Local\Temp\VMicroBuilds\cc3200_smartconfig\energia_energia_cc3200_CC3200-LAUNCHXL\WiFi\WiFi.cpp.o
                0x2000a598                WiFiClass::_typeArray
 .bss._ZN9WiFiClass23ipaddress_output_bufferE
                0x2000a5a8        0x8 C:\Users\Thanh\AppData\Local\Temp\VMicroBuilds\cc3200_smartconfig\energia_energia_cc3200_CC3200-LAUNCHXL\WiFi\WiFi.cpp.o
                0x2000a5a8                WiFiClass::ipaddress_output_buffer
 .bss._ZN9WiFiClass10_portArrayE
                0x2000a5b0       0x10 C:\Users\Thanh\AppData\Local\Temp\VMicroBuilds\cc3200_smartconfig\energia_energia_cc3200_CC3200-LAUNCHXL\WiFi\WiFi.cpp.o
                0x2000a5b0                WiFiClass::_portArray
 .bss.WiFi      0x2000a5c0        0x1 C:\Users\Thanh\AppData\Local\Temp\VMicroBuilds\cc3200_smartconfig\energia_energia_cc3200_CC3200-LAUNCHXL\WiFi\WiFi.cpp.o
                0x2000a5c0                WiFi
 .bss._ZN9WiFiClass4roleE
                0x2000a5c1        0x1 C:\Users\Thanh\AppData\Local\Temp\VMicroBuilds\cc3200_smartconfig\energia_energia_cc3200_CC3200-LAUNCHXL\WiFi\WiFi.cpp.o
                0x2000a5c1                WiFiClass::role
 .bss._ZN9WiFiClass20string_output_bufferE
                0x2000a5c2       0x20 C:\Users\Thanh\AppData\Local\Temp\VMicroBuilds\cc3200_smartconfig\energia_energia_cc3200_CC3200-LAUNCHXL\WiFi\WiFi.cpp.o
                0x2000a5c2                WiFiClass::string_output_buffer
 *fill*         0x2000a5e2        0x2 
 .bss._ZN9WiFiClass21_connectedDeviceCountE
                0x2000a5e4        0x4 C:\Users\Thanh\AppData\Local\Temp\VMicroBuilds\cc3200_smartconfig\energia_energia_cc3200_CC3200-LAUNCHXL\WiFi\WiFi.cpp.o
                0x2000a5e4                WiFiClass::_connectedDeviceCount
 .bss._ZN9WiFiClass15connected_bssidE
                0x2000a5e8        0x6 C:\Users\Thanh\AppData\Local\Temp\VMicroBuilds\cc3200_smartconfig\energia_energia_cc3200_CC3200-LAUNCHXL\WiFi\WiFi.cpp.o
                0x2000a5e8                WiFiClass::connected_bssid
 .bss._ZN9WiFiClass14connected_ssidE
                0x2000a5ee       0x20 C:\Users\Thanh\AppData\Local\Temp\VMicroBuilds\cc3200_smartconfig\energia_energia_cc3200_CC3200-LAUNCHXL\WiFi\WiFi.cpp.o
                0x2000a5ee                WiFiClass::connected_ssid
 *fill*         0x2000a60e        0x2 
 .bss._ZN9WiFiClass8local_IPE
                0x2000a610        0x4 C:\Users\Thanh\AppData\Local\Temp\VMicroBuilds\cc3200_smartconfig\energia_energia_cc3200_CC3200-LAUNCHXL\WiFi\WiFi.cpp.o
                0x2000a610                WiFiClass::local_IP
 .bss._ZN9WiFiClass14_latestConnectE
                0x2000a614        0x4 C:\Users\Thanh\AppData\Local\Temp\VMicroBuilds\cc3200_smartconfig\energia_energia_cc3200_CC3200-LAUNCHXL\WiFi\WiFi.cpp.o
                0x2000a614                WiFiClass::_latestConnect
 .bss._ZN9WiFiClass12_handleArrayE
                0x2000a618       0x10 C:\Users\Thanh\AppData\Local\Temp\VMicroBuilds\cc3200_smartconfig\energia_energia_cc3200_CC3200-LAUNCHXL\WiFi\WiFi.cpp.o
                0x2000a618                WiFiClass::_handleArray
 .bss._ZN9WiFiClass16_serverPortArrayE
                0x2000a628       0x10 C:\Users\Thanh\AppData\Local\Temp\VMicroBuilds\cc3200_smartconfig\energia_energia_cc3200_CC3200-LAUNCHXL\WiFi\WiFi.cpp.o
                0x2000a628                WiFiClass::_serverPortArray
 .bss.g_SpiFd   0x2000a638        0x4 C:\Users\Thanh\AppData\Local\Temp\VMicroBuilds\cc3200_smartconfig\energia_energia_cc3200_CC3200-LAUNCHXL\WiFi\utility\cc_pal.c.o
                0x2000a638                g_SpiFd
 .bss.g_ucDMAEnabled
                0x2000a63c        0x1 C:\Users\Thanh\AppData\Local\Temp\VMicroBuilds\cc3200_smartconfig\energia_energia_cc3200_CC3200-LAUNCHXL\WiFi\utility\cc_pal.c.o
                0x2000a63c                g_ucDMAEnabled
 .bss.gFirstCmdMode
                0x2000a63d        0x1 C:\Users\Thanh\AppData\Local\Temp\VMicroBuilds\cc3200_smartconfig\energia_energia_cc3200_CC3200-LAUNCHXL\WiFi\utility\driver.c.o
                0x2000a63d                gFirstCmdMode
 *fill*         0x2000a63e        0x2 
 .bss.pPingCallBackFunc
                0x2000a640        0x4 C:\Users\Thanh\AppData\Local\Temp\VMicroBuilds\cc3200_smartconfig\energia_energia_cc3200_CC3200-LAUNCHXL\WiFi\utility\driver.c.o
                0x2000a640                pPingCallBackFunc
 .bss.g_pCB     0x2000a644        0x4 C:\Users\Thanh\AppData\Local\Temp\VMicroBuilds\cc3200_smartconfig\energia_energia_cc3200_CC3200-LAUNCHXL\WiFi\utility\driver.c.o
                0x2000a644                g_pCB
 .bss.pui32Stack
                0x2000a648     0x8000 C:\Users\Thanh\AppData\Local\Temp\VMicroBuilds\cc3200_smartconfig\energia_energia_cc3200_CC3200-LAUNCHXL/core.a(startup_gcc.c.o)
 .bss.__dso_handle
                0x20012648        0x4 C:\Users\Thanh\AppData\Local\Temp\VMicroBuilds\cc3200_smartconfig\energia_energia_cc3200_CC3200-LAUNCHXL/core.a(startup_gcc.c.o)
                0x20012648                __dso_handle
 .bss.heap_end  0x2001264c        0x4 C:\Users\Thanh\AppData\Local\Temp\VMicroBuilds\cc3200_smartconfig\energia_energia_cc3200_CC3200-LAUNCHXL/core.a(startup_gcc.c.o)
 .bss.SysTickCbFuncs
                0x20012650       0x20 C:\Users\Thanh\AppData\Local\Temp\VMicroBuilds\cc3200_smartconfig\energia_energia_cc3200_CC3200-LAUNCHXL/core.a(wiring.c.o)
 .bss.milliseconds
                0x20012670        0x4 C:\Users\Thanh\AppData\Local\Temp\VMicroBuilds\cc3200_smartconfig\energia_energia_cc3200_CC3200-LAUNCHXL/core.a(wiring.c.o)
 .bss.Serial    0x20012674      0x230 C:\Users\Thanh\AppData\Local\Temp\VMicroBuilds\cc3200_smartconfig\energia_energia_cc3200_CC3200-LAUNCHXL/core.a(HardwareSerial.cpp.o)
                0x20012674                Serial
 .bss.Serial1   0x200128a4      0x230 C:\Users\Thanh\AppData\Local\Temp\VMicroBuilds\cc3200_smartconfig\energia_energia_cc3200_CC3200-LAUNCHXL/core.a(HardwareSerial.cpp.o)
                0x200128a4                Serial1
 .bss.INADDR_NONE
                0x20012ad4        0x8 C:\Users\Thanh\AppData\Local\Temp\VMicroBuilds\cc3200_smartconfig\energia_energia_cc3200_CC3200-LAUNCHXL/core.a(IPAddress.cpp.o)
                0x20012ad4                INADDR_NONE
 .bss.MACADDR_NONE
                0x20012adc        0xc C:\Users\Thanh\AppData\Local\Temp\VMicroBuilds\cc3200_smartconfig\energia_energia_cc3200_CC3200-LAUNCHXL/core.a(MACAddress.cpp.o)
                0x20012adc                MACADDR_NONE
 .bss.__malloc_max_total_mem