<?xml version="1.0"?>
<link_info>
   <banner>TI ARM Linker PC v16.9.1.LTS</banner>
   <copyright>Copyright (c) 1996-2015 Texas Instruments Incorporated</copyright>
   <link_time>0x58c42d91</link_time>
   <link_errors>0x0</link_errors>
   <output_file>provisioning_smartconfig.out</output_file>
   <entry_point>
      <name>_c_int00</name>
      <address>0x200086ad</address>
   </entry_point>
   <input_file_list>
      <input_file id="fl-2">
         <path>.\</path>
         <kind>object</kind>
         <file>gpio_if.obj</file>
         <name>gpio_if.obj</name>
      </input_file>
      <input_file id="fl-3">
         <path>.\</path>
         <kind>object</kind>
         <file>main.obj</file>
         <name>main.obj</name>
      </input_file>
      <input_file id="fl-4">
         <path>.\</path>
         <kind>object</kind>
         <file>network_common.obj</file>
         <name>network_common.obj</name>
      </input_file>
      <input_file id="fl-5">
         <path>.\</path>
         <kind>object</kind>
         <file>pinmux.obj</file>
         <name>pinmux.obj</name>
      </input_file>
      <input_file id="fl-6">
         <path>.\</path>
         <kind>object</kind>
         <file>startup_ccs.obj</file>
         <name>startup_ccs.obj</name>
      </input_file>
      <input_file id="fl-c2">
         <path>C:\ti\ccsv7\tools\compiler\ti-cgt-arm_16.9.1.LTS\lib\</path>
         <kind>archive</kind>
         <file>rtsv7M4_T_le_eabi.lib</file>
         <name>boot.obj</name>
      </input_file>
      <input_file id="fl-c3">
         <path>C:\ti\ccsv7\tools\compiler\ti-cgt-arm_16.9.1.LTS\lib\</path>
         <kind>archive</kind>
         <file>rtsv7M4_T_le_eabi.lib</file>
         <name>copy_decompress_lzss.obj</name>
      </input_file>
      <input_file id="fl-c4">
         <path>C:\ti\ccsv7\tools\compiler\ti-cgt-arm_16.9.1.LTS\lib\</path>
         <kind>archive</kind>
         <file>rtsv7M4_T_le_eabi.lib</file>
         <name>copy_decompress_none.obj</name>
      </input_file>
      <input_file id="fl-c5">
         <path>C:\ti\ccsv7\tools\compiler\ti-cgt-arm_16.9.1.LTS\lib\</path>
         <kind>archive</kind>
         <file>rtsv7M4_T_le_eabi.lib</file>
         <name>copy_zero_init.obj</name>
      </input_file>
      <input_file id="fl-c6">
         <path>C:\ti\ccsv7\tools\compiler\ti-cgt-arm_16.9.1.LTS\lib\</path>
         <kind>archive</kind>
         <file>rtsv7M4_T_le_eabi.lib</file>
         <name>exit.obj</name>
      </input_file>
      <input_file id="fl-c7">
         <path>C:\ti\ccsv7\tools\compiler\ti-cgt-arm_16.9.1.LTS\lib\</path>
         <kind>archive</kind>
         <file>rtsv7M4_T_le_eabi.lib</file>
         <name>memcpy_t2.obj</name>
      </input_file>
      <input_file id="fl-c8">
         <path>C:\ti\ccsv7\tools\compiler\ti-cgt-arm_16.9.1.LTS\lib\</path>
         <kind>archive</kind>
         <file>rtsv7M4_T_le_eabi.lib</file>
         <name>memset_t2.obj</name>
      </input_file>
      <input_file id="fl-c9">
         <path>C:\ti\ccsv7\tools\compiler\ti-cgt-arm_16.9.1.LTS\lib\</path>
         <kind>archive</kind>
         <file>rtsv7M4_T_le_eabi.lib</file>
         <name>mpu_init.obj</name>
      </input_file>
      <input_file id="fl-ca">
         <path>C:\ti\ccsv7\tools\compiler\ti-cgt-arm_16.9.1.LTS\lib\</path>
         <kind>archive</kind>
         <file>rtsv7M4_T_le_eabi.lib</file>
         <name>pre_init.obj</name>
      </input_file>
      <input_file id="fl-cb">
         <path>C:\ti\ccsv7\tools\compiler\ti-cgt-arm_16.9.1.LTS\lib\</path>
         <kind>archive</kind>
         <file>rtsv7M4_T_le_eabi.lib</file>
         <name>stkdepth_vars.obj</name>
      </input_file>
      <input_file id="fl-cc">
         <path>C:\ti\ccsv7\tools\compiler\ti-cgt-arm_16.9.1.LTS\lib\</path>
         <kind>archive</kind>
         <file>rtsv7M4_T_le_eabi.lib</file>
         <name>_lock.obj</name>
      </input_file>
      <input_file id="fl-cd">
         <path>C:\ti\ccsv7\tools\compiler\ti-cgt-arm_16.9.1.LTS\lib\</path>
         <kind>archive</kind>
         <file>rtsv7M4_T_le_eabi.lib</file>
         <name>args_main.obj</name>
      </input_file>
      <input_file id="fl-ce">
         <path>C:\ti\ccsv7\tools\compiler\ti-cgt-arm_16.9.1.LTS\lib\</path>
         <kind>archive</kind>
         <file>rtsv7M4_T_le_eabi.lib</file>
         <name>autoinit.obj</name>
      </input_file>
      <input_file id="fl-cf">
         <path>C:\ti\ccsv7\tools\compiler\ti-cgt-arm_16.9.1.LTS\lib\</path>
         <kind>archive</kind>
         <file>rtsv7M4_T_le_eabi.lib</file>
         <name>cpy_tbl.obj</name>
      </input_file>
      <input_file id="fl-d0">
         <path>C:\ti\ccsv7\tools\compiler\ti-cgt-arm_16.9.1.LTS\lib\</path>
         <kind>archive</kind>
         <file>rtsv7M4_T_le_eabi.lib</file>
         <name>startup.obj</name>
      </input_file>
      <input_file id="fl-d1">
         <path>C:\ti\CC3200SDK_1.3.0\cc3200-sdk\driverlib\ccs\Release\</path>
         <kind>archive</kind>
         <file>driverlib.a</file>
         <name>gpio.obj</name>
      </input_file>
      <input_file id="fl-d2">
         <path>C:\ti\CC3200SDK_1.3.0\cc3200-sdk\driverlib\ccs\Release\</path>
         <kind>archive</kind>
         <file>driverlib.a</file>
         <name>interrupt.obj</name>
      </input_file>
      <input_file id="fl-d3">
         <path>C:\ti\CC3200SDK_1.3.0\cc3200-sdk\driverlib\ccs\Release\</path>
         <kind>archive</kind>
         <file>driverlib.a</file>
         <name>pin.obj</name>
      </input_file>
      <input_file id="fl-d4">
         <path>C:\ti\CC3200SDK_1.3.0\cc3200-sdk\driverlib\ccs\Release\</path>
         <kind>archive</kind>
         <file>driverlib.a</file>
         <name>prcm.obj</name>
      </input_file>
      <input_file id="fl-d5">
         <path>C:\ti\CC3200SDK_1.3.0\cc3200-sdk\driverlib\ccs\Release\</path>
         <kind>archive</kind>
         <file>driverlib.a</file>
         <name>utils.obj</name>
      </input_file>
      <input_file id="fl-d6">
         <path>C:\ti\CC3200SDK_1.3.0\cc3200-sdk\driverlib\ccs\Release\</path>
         <kind>archive</kind>
         <file>driverlib.a</file>
         <name>cpu.obj</name>
      </input_file>
      <input_file id="fl-d7">
         <path>C:\ti\CC3200SDK_1.3.0\cc3200-sdk\driverlib\ccs\Release\</path>
         <kind>archive</kind>
         <file>driverlib.a</file>
         <name>flash.obj</name>
      </input_file>
      <input_file id="fl-d8">
         <path>C:\ti\CC3200SDK_1.3.0\cc3200-sdk\simplelink\ccs\NON_OS\</path>
         <kind>archive</kind>
         <file>simplelink.a</file>
         <name>device.obj</name>
      </input_file>
      <input_file id="fl-d9">
         <path>C:\ti\CC3200SDK_1.3.0\cc3200-sdk\simplelink\ccs\NON_OS\</path>
         <kind>archive</kind>
         <file>simplelink.a</file>
         <name>driver.obj</name>
      </input_file>
      <input_file id="fl-da">
         <path>C:\ti\CC3200SDK_1.3.0\cc3200-sdk\simplelink\ccs\NON_OS\</path>
         <kind>archive</kind>
         <file>simplelink.a</file>
         <name>netapp.obj</name>
      </input_file>
      <input_file id="fl-db">
         <path>C:\ti\CC3200SDK_1.3.0\cc3200-sdk\simplelink\ccs\NON_OS\</path>
         <kind>archive</kind>
         <file>simplelink.a</file>
         <name>netcfg.obj</name>
      </input_file>
      <input_file id="fl-dc">
         <path>C:\ti\CC3200SDK_1.3.0\cc3200-sdk\simplelink\ccs\NON_OS\</path>
         <kind>archive</kind>
         <file>simplelink.a</file>
         <name>nonos.obj</name>
      </input_file>
      <input_file id="fl-dd">
         <path>C:\ti\CC3200SDK_1.3.0\cc3200-sdk\simplelink\ccs\NON_OS\</path>
         <kind>archive</kind>
         <file>simplelink.a</file>
         <name>socket.obj</name>
      </input_file>
      <input_file id="fl-de">
         <path>C:\ti\CC3200SDK_1.3.0\cc3200-sdk\simplelink\ccs\NON_OS\</path>
         <kind>archive</kind>
         <file>simplelink.a</file>
         <name>wlan.obj</name>
      </input_file>
      <input_file id="fl-df">
         <path>C:\ti\CC3200SDK_1.3.0\cc3200-sdk\simplelink\ccs\NON_OS\</path>
         <kind>archive</kind>
         <file>simplelink.a</file>
         <name>cc_pal.obj</name>
      </input_file>
      <input_file id="fl-e0">
         <path>C:\ti\ccsv7\tools\compiler\ti-cgt-arm_16.9.1.LTS\lib\</path>
         <kind>archive</kind>
         <file>rtsv7M4_T_le_eabi.lib</file>
         <name>ull_div_t2.obj</name>
      </input_file>
      <input_file id="fl-e1">
         <path>C:\ti\CC3200SDK_1.3.0\cc3200-sdk\driverlib\ccs\Release\</path>
         <kind>archive</kind>
         <file>driverlib.a</file>
         <name>spi.obj</name>
      </input_file>
      <input_file id="fl-e2">
         <path>C:\ti\CC3200SDK_1.3.0\cc3200-sdk\driverlib\ccs\Release\</path>
         <kind>archive</kind>
         <file>driverlib.a</file>
         <name>timer.obj</name>
      </input_file>
      <input_file id="fl-e3">
         <path>C:\ti\CC3200SDK_1.3.0\cc3200-sdk\driverlib\ccs\Release\</path>
         <kind>archive</kind>
         <file>driverlib.a</file>
         <name>udma.obj</name>
      </input_file>
   </input_file_list>
   <object_component_list>
      <object_component id="oc-f">
         <name>.intvecs</name>
         <load_address>0x20004000</load_address>
         <run_address>0x20004000</run_address>
         <size>0x400</size>
         <input_file_ref idref="fl-6"/>
      </object_component>
      <object_component id="oc-484">
         <name>.text:_SlDrvMsgRead</name>
         <load_address>0x20004400</load_address>
         <run_address>0x20004400</run_address>
         <size>0x590</size>
         <input_file_ref idref="fl-d9"/>
      </object_component>
      <object_component id="oc-a1">
         <name>.text</name>
         <load_address>0x20004990</load_address>
         <run_address>0x20004990</run_address>
         <size>0x430</size>
         <input_file_ref idref="fl-3"/>
      </object_component>
      <object_component id="oc-132">
         <name>.text</name>
         <load_address>0x20004dc0</load_address>
         <run_address>0x20004dc0</run_address>
         <size>0x398</size>
         <input_file_ref idref="fl-2"/>
      </object_component>
      <object_component id="oc-4d1">
         <name>.text:_SlDrvRxHdrRead</name>
         <load_address>0x20005158</load_address>
         <run_address>0x20005158</run_address>
         <size>0x24c</size>
         <input_file_ref idref="fl-d9"/>
      </object_component>
      <object_component id="oc-1b6">
         <name>.text:_SlDrvReleasePoolObj</name>
         <load_address>0x200053a4</load_address>
         <run_address>0x200053a4</run_address>
         <size>0x1d0</size>
         <input_file_ref idref="fl-d9"/>
      </object_component>
      <object_component id="oc-18c">
         <name>.text:_SlDrvDriverCBInit</name>
         <load_address>0x20005574</load_address>
         <run_address>0x20005574</run_address>
         <size>0x1b4</size>
         <input_file_ref idref="fl-d9"/>
      </object_component>
      <object_component id="oc-3af">
         <name>.text:_SlDrvMsgWrite</name>
         <load_address>0x20005728</load_address>
         <run_address>0x20005728</run_address>
         <size>0x19c</size>
         <input_file_ref idref="fl-d9"/>
      </object_component>
      <object_component id="oc-33b">
         <name>.text:_SlDrvWaitForPoolObj</name>
         <load_address>0x200058c4</load_address>
         <run_address>0x200058c4</run_address>
         <size>0x190</size>
         <input_file_ref idref="fl-d9"/>
      </object_component>
      <object_component id="oc-126">
         <name>.text:PRCMCC3200MCUInit</name>
         <load_address>0x20005a54</load_address>
         <run_address>0x20005a54</run_address>
         <size>0x178</size>
         <input_file_ref idref="fl-d4"/>
      </object_component>
      <object_component id="oc-4e3">
         <name>.text:_SlFindAndSetActiveObj</name>
         <load_address>0x20005bcc</load_address>
         <run_address>0x20005bcc</run_address>
         <size>0x170</size>
         <input_file_ref idref="fl-d9"/>
      </object_component>
      <object_component id="oc-192">
         <name>.text:spi_Open</name>
         <load_address>0x20005d3c</load_address>
         <run_address>0x20005d3c</run_address>
         <size>0x148</size>
         <input_file_ref idref="fl-df"/>
      </object_component>
      <object_component id="oc-3b5">
         <name>.text:_SlDrvMsgReadCmdCtx</name>
         <load_address>0x20005e84</load_address>
         <run_address>0x20005e84</run_address>
         <size>0x144</size>
         <input_file_ref idref="fl-d9"/>
      </object_component>
      <object_component id="oc-1fb">
         <name>.text:_SlDrvDriverCBDeinit</name>
         <load_address>0x20005fc8</load_address>
         <run_address>0x20005fc8</run_address>
         <size>0x130</size>
         <input_file_ref idref="fl-d9"/>
      </object_component>
      <object_component id="oc-52a">
         <name>.text:_SlDrvNetAppEventHandler</name>
         <load_address>0x200060f8</load_address>
         <run_address>0x200060f8</run_address>
         <size>0x104</size>
         <input_file_ref idref="fl-da"/>
      </object_component>
      <object_component id="oc-db">
         <name>.text:sl_Stop</name>
         <load_address>0x200061fc</load_address>
         <run_address>0x200061fc</run_address>
         <size>0xf0</size>
         <input_file_ref idref="fl-d8"/>
      </object_component>
      <object_component id="oc-4dd">
         <name>.text:spi_Read</name>
         <load_address>0x200062ec</load_address>
         <run_address>0x200062ec</run_address>
         <size>0xf0</size>
         <input_file_ref idref="fl-df"/>
      </object_component>
      <object_component id="oc-5c8">
         <name>.text:uDMAChannelTransferSet</name>
         <load_address>0x200063dc</load_address>
         <run_address>0x200063dc</run_address>
         <size>0xf0</size>
         <input_file_ref idref="fl-e3"/>
      </object_component>
      <object_component id="oc-c9">
         <name>.text:sl_Start</name>
         <load_address>0x200064cc</load_address>
         <run_address>0x200064cc</run_address>
         <size>0xec</size>
         <input_file_ref idref="fl-d8"/>
      </object_component>
      <object_component id="oc-48a">
         <name>.text:_SlAsyncEventGenericHandler</name>
         <load_address>0x200065b8</load_address>
         <run_address>0x200065b8</run_address>
         <size>0xe8</size>
         <input_file_ref idref="fl-d9"/>
      </object_component>
      <object_component id="oc-396">
         <name>.text:_SlDrvMsgReadSpawnCtx</name>
         <load_address>0x200066a0</load_address>
         <run_address>0x200066a0</run_address>
         <size>0xe8</size>
         <input_file_ref idref="fl-d9"/>
      </object_component>
      <object_component id="oc-238">
         <name>.text:sl_NetAppMDNSRegisterUnregisterService</name>
         <load_address>0x20006788</load_address>
         <run_address>0x20006788</run_address>
         <size>0xe4</size>
         <input_file_ref idref="fl-da"/>
      </object_component>
      <object_component id="oc-4d7">
         <name>.text:_SlDrvClassifyRxMsg</name>
         <load_address>0x2000686c</load_address>
         <run_address>0x2000686c</run_address>
         <size>0xdc</size>
         <input_file_ref idref="fl-d9"/>
      </object_component>
      <object_component id="oc-586">
         <name>.text:_sl_HandleAsync_DnsGetHostByService</name>
         <load_address>0x20006948</load_address>
         <run_address>0x20006948</run_address>
         <size>0xcc</size>
         <input_file_ref idref="fl-da"/>
      </object_component>
      <object_component id="oc-e1">
         <name>.text:sl_DevGet</name>
         <load_address>0x20006a14</load_address>
         <run_address>0x20006a14</run_address>
         <size>0xcc</size>
         <input_file_ref idref="fl-d8"/>
      </object_component>
      <object_component id="oc-376">
         <name>.text:_SlRemoveFromList</name>
         <load_address>0x20006ae0</load_address>
         <run_address>0x20006ae0</run_address>
         <size>0xc4</size>
         <input_file_ref idref="fl-d9"/>
      </object_component>
      <object_component id="oc-1df">
         <name>.text:_SlDrvCmdOp</name>
         <load_address>0x20006ba4</load_address>
         <run_address>0x20006ba4</run_address>
         <size>0xc0</size>
         <input_file_ref idref="fl-d9"/>
      </object_component>
      <object_component id="oc-12c">
         <name>.text:sl_WlanSmartConfigStart</name>
         <load_address>0x20006c64</load_address>
         <run_address>0x20006c64</run_address>
         <size>0xc0</size>
         <input_file_ref idref="fl-de"/>
      </object_component>
      <object_component id="oc-2cf">
         <name>.text:_SlNonOsSemGet</name>
         <load_address>0x20006d24</load_address>
         <run_address>0x20006d24</run_address>
         <size>0xb0</size>
         <input_file_ref idref="fl-dc"/>
      </object_component>
      <object_component id="oc-355">
         <name>.text:IntDisable</name>
         <load_address>0x20006dd4</load_address>
         <run_address>0x20006dd4</run_address>
         <size>0xa8</size>
         <input_file_ref idref="fl-d2"/>
      </object_component>
      <object_component id="oc-120">
         <name>.text:IntEnable</name>
         <load_address>0x20006e7c</load_address>
         <run_address>0x20006e7c</run_address>
         <size>0xa8</size>
         <input_file_ref idref="fl-d2"/>
      </object_component>
      <object_component id="oc-36f">
         <name>.text:_SlDriverHandleError</name>
         <load_address>0x20006f24</load_address>
         <run_address>0x20006f24</run_address>
         <size>0xa4</size>
         <input_file_ref idref="fl-d9"/>
      </object_component>
      <object_component id="oc-2f2">
         <name>.text:SPIConfigSetExpClk</name>
         <load_address>0x20006fc8</load_address>
         <run_address>0x20006fc8</run_address>
         <size>0xa0</size>
         <input_file_ref idref="fl-e1"/>
      </object_component>
      <object_component id="oc-3e">
         <name>.text</name>
         <load_address>0x20007068</load_address>
         <run_address>0x20007068</run_address>
         <size>0x9c</size>
         <input_file_ref idref="fl-c7"/>
      </object_component>
      <object_component id="oc-578">
         <name>.text:_SlDrvDeviceEventHandler</name>
         <load_address>0x20007104</load_address>
         <run_address>0x20007104</run_address>
         <size>0x9a</size>
         <input_file_ref idref="fl-d8"/>
      </object_component>
      <object_component id="oc-475">
         <name>.text:IntDefaultHandler</name>
         <load_address>0x2000719e</load_address>
         <run_address>0x2000719e</run_address>
         <size>0x2</size>
         <input_file_ref idref="fl-d2"/>
      </object_component>
      <object_component id="oc-f9">
         <name>.text:sl_NetCfgSet</name>
         <load_address>0x200071a0</load_address>
         <run_address>0x200071a0</run_address>
         <size>0x98</size>
         <input_file_ref idref="fl-db"/>
      </object_component>
      <object_component id="oc-ff">
         <name>.text:sl_WlanSet</name>
         <load_address>0x20007238</load_address>
         <run_address>0x20007238</run_address>
         <size>0x98</size>
         <input_file_ref idref="fl-de"/>
      </object_component>
      <object_component id="oc-493">
         <name>.text:spi_Write</name>
         <load_address>0x200072d0</load_address>
         <run_address>0x200072d0</run_address>
         <size>0x98</size>
         <input_file_ref idref="fl-df"/>
      </object_component>
      <object_component id="oc-2ec">
         <name>.text:PRCMPeripheralClockGet</name>
         <load_address>0x20007368</load_address>
         <run_address>0x20007368</run_address>
         <size>0x94</size>
         <input_file_ref idref="fl-d4"/>
      </object_component>
      <object_component id="oc-580">
         <name>.text:_sl_HandleAsync_DnsGetHostByName</name>
         <load_address>0x200073fc</load_address>
         <run_address>0x200073fc</run_address>
         <size>0x90</size>
         <input_file_ref idref="fl-da"/>
      </object_component>
      <object_component id="oc-530">
         <name>.text:_sl_HandleAsync_PingResponse</name>
         <load_address>0x2000748c</load_address>
         <run_address>0x2000748c</run_address>
         <size>0x90</size>
         <input_file_ref idref="fl-da"/>
      </object_component>
      <object_component id="oc-e7">
         <name>.text:sl_WlanPolicySet</name>
         <load_address>0x2000751c</load_address>
         <run_address>0x2000751c</run_address>
         <size>0x90</size>
         <input_file_ref idref="fl-de"/>
      </object_component>
      <object_component id="oc-537">
         <name>.text:SetupDMAReceive</name>
         <load_address>0x200075ac</load_address>
         <run_address>0x200075ac</run_address>
         <size>0x8c</size>
         <input_file_ref idref="fl-df"/>
      </object_component>
      <object_component id="oc-4ee">
         <name>.text:SetupDMASend</name>
         <load_address>0x20007638</load_address>
         <run_address>0x20007638</run_address>
         <size>0x8c</size>
         <input_file_ref idref="fl-df"/>
      </object_component>
      <object_component id="oc-42f">
         <name>.text:_SlDrvIsTimeoutExpired</name>
         <load_address>0x200076c4</load_address>
         <run_address>0x200076c4</run_address>
         <size>0x8c</size>
         <input_file_ref idref="fl-d9"/>
      </object_component>
      <object_component id="oc-5d9">
         <name>.text:_sl_HandleAsync_InitComplete</name>
         <load_address>0x20007750</load_address>
         <run_address>0x20007750</run_address>
         <size>0x8c</size>
         <input_file_ref idref="fl-d8"/>
      </object_component>
      <object_component id="oc-419">
         <name>.text:PinConfigSet</name>
         <load_address>0x200077dc</load_address>
         <run_address>0x200077dc</run_address>
         <size>0x88</size>
         <input_file_ref idref="fl-d3"/>
      </object_component>
      <object_component id="oc-10e">
         <name>.text:sl_WlanRxFilterSet</name>
         <load_address>0x20007864</load_address>
         <run_address>0x20007864</run_address>
         <size>0x84</size>
         <input_file_ref idref="fl-de"/>
      </object_component>
      <object_component id="oc-279">
         <name>.text:GPIOIntTypeSet</name>
         <load_address>0x200078e8</load_address>
         <run_address>0x200078e8</run_address>
         <size>0x82</size>
         <input_file_ref idref="fl-d1"/>
      </object_component>
      <object_component id="oc-56">
         <name>.text</name>
         <load_address>0x2000796a</load_address>
         <run_address>0x2000796a</run_address>
         <size>0x2</size>
         <input_file_ref idref="fl-c9"/>
      </object_component>
      <object_component id="oc-5a8">
         <name>.text:_sl_HandleAsync_Connect</name>
         <load_address>0x2000796c</load_address>
         <run_address>0x2000796c</run_address>
         <size>0x80</size>
         <input_file_ref idref="fl-dd"/>
      </object_component>
      <object_component id="oc-53d">
         <name>.text:spi_Read_CPU</name>
         <load_address>0x200079ec</load_address>
         <run_address>0x200079ec</run_address>
         <size>0x80</size>
         <input_file_ref idref="fl-df"/>
      </object_component>
      <object_component id="oc-500">
         <name>.text:spi_Write_CPU</name>
         <load_address>0x20007a6c</load_address>
         <run_address>0x20007a6c</run_address>
         <size>0x80</size>
         <input_file_ref idref="fl-df"/>
      </object_component>
      <object_component id="oc-4a">
         <name>.text</name>
         <load_address>0x20007aec</load_address>
         <run_address>0x20007aec</run_address>
         <size>0x7a</size>
         <input_file_ref idref="fl-c8"/>
      </object_component>
      <object_component id="oc-99">
         <name>.text</name>
         <load_address>0x20007b66</load_address>
         <run_address>0x20007b66</run_address>
         <size>0x2</size>
         <input_file_ref idref="fl-d0"/>
      </object_component>
      <object_component id="oc-1f5">
         <name>.text:spi_Close</name>
         <load_address>0x20007b68</load_address>
         <run_address>0x20007b68</run_address>
         <size>0x78</size>
         <input_file_ref idref="fl-df"/>
      </object_component>
      <object_component id="oc-cf">
         <name>.text:_SlNonOsMainLoopTask</name>
         <load_address>0x20007be0</load_address>
         <run_address>0x20007be0</run_address>
         <size>0x74</size>
         <input_file_ref idref="fl-dc"/>
      </object_component>
      <object_component id="oc-62">
         <name>.text</name>
         <load_address>0x20007c54</load_address>
         <run_address>0x20007c54</run_address>
         <size>0x70</size>
         <input_file_ref idref="fl-ce"/>
      </object_component>
      <object_component id="oc-5e3">
         <name>.text:_SlDrvCmdSend</name>
         <load_address>0x20007cc4</load_address>
         <run_address>0x20007cc4</run_address>
         <size>0x6c</size>
         <input_file_ref idref="fl-d9"/>
      </object_component>
      <object_component id="oc-592">
         <name>.text:_sl_NetAppSendTokenValue</name>
         <load_address>0x20007d30</load_address>
         <run_address>0x20007d30</run_address>
         <size>0x6c</size>
         <input_file_ref idref="fl-da"/>
      </object_component>
      <object_component id="oc-12">
         <name>.text:decompress:lzss</name>
         <load_address>0x20007d9c</load_address>
         <run_address>0x20007d9c</run_address>
         <size>0x68</size>
         <input_file_ref idref="fl-c3"/>
      </object_component>
      <object_component id="oc-390">
         <name>.text:_SlNonOsSpawn</name>
         <load_address>0x20007e04</load_address>
         <run_address>0x20007e04</run_address>
         <size>0x64</size>
         <input_file_ref idref="fl-dc"/>
      </object_component>
      <object_component id="oc-5a2">
         <name>.text:_sl_HandleAsync_Accept</name>
         <load_address>0x20007e68</load_address>
         <run_address>0x20007e68</run_address>
         <size>0x64</size>
         <input_file_ref idref="fl-dd"/>
      </object_component>
      <object_component id="oc-108">
         <name>.text:sl_NetAppMDNSUnRegisterService</name>
         <load_address>0x20007ecc</load_address>
         <run_address>0x20007ecc</run_address>
         <size>0x64</size>
         <input_file_ref idref="fl-da"/>
      </object_component>
      <object_component id="oc-447">
         <name>.text:uDMAChannelAttributeDisable</name>
         <load_address>0x20007f30</load_address>
         <run_address>0x20007f30</run_address>
         <size>0x64</size>
         <input_file_ref idref="fl-e3"/>
      </object_component>
      <object_component id="oc-5c2">
         <name>.text:uDMAChannelAttributeEnable</name>
         <load_address>0x20007f94</load_address>
         <run_address>0x20007f94</run_address>
         <size>0x64</size>
         <input_file_ref idref="fl-e3"/>
      </object_component>
      <object_component id="oc-ed">
         <name>.text:sl_WlanProfileDel</name>
         <load_address>0x20007ff8</load_address>
         <run_address>0x20007ff8</run_address>
         <size>0x60</size>
         <input_file_ref idref="fl-de"/>
      </object_component>
      <object_component id="oc-d5">
         <name>.text:sl_WlanSetMode</name>
         <load_address>0x20008058</load_address>
         <run_address>0x20008058</run_address>
         <size>0x60</size>
         <input_file_ref idref="fl-de"/>
      </object_component>
      <object_component id="oc-361">
         <name>.text:IntPendClear</name>
         <load_address>0x200080b8</load_address>
         <run_address>0x200080b8</run_address>
         <size>0x58</size>
         <input_file_ref idref="fl-d2"/>
      </object_component>
      <object_component id="oc-268">
         <name>.text:PRCMPeripheralReset</name>
         <load_address>0x20008110</load_address>
         <run_address>0x20008110</run_address>
         <size>0x58</size>
         <input_file_ref idref="fl-d4"/>
      </object_component>
      <object_component id="oc-27f">
         <name>.text:IntPrioritySet</name>
         <load_address>0x20008168</load_address>
         <run_address>0x20008168</run_address>
         <size>0x54</size>
         <input_file_ref idref="fl-d2"/>
      </object_component>
      <object_component id="oc-1c8">
         <name>.text:_SlDrvRxIrqHandler</name>
         <load_address>0x200081bc</load_address>
         <run_address>0x200081bc</run_address>
         <size>0x54</size>
         <input_file_ref idref="fl-d9"/>
      </object_component>
      <object_component id="oc-5ae">
         <name>.text:_sl_HandleAsync_Select</name>
         <load_address>0x20008210</load_address>
         <run_address>0x20008210</run_address>
         <size>0x54</size>
         <input_file_ref idref="fl-dd"/>
      </object_component>
      <object_component id="oc-6e">
         <name>.text</name>
         <load_address>0x20008264</load_address>
         <run_address>0x20008264</run_address>
         <size>0x54</size>
         <input_file_ref idref="fl-c6"/>
      </object_component>
      <object_component id="oc-5b4">
         <name>.text:_sl_HandleAsync_Stop</name>
         <load_address>0x200082b8</load_address>
         <run_address>0x200082b8</run_address>
         <size>0x50</size>
         <input_file_ref idref="fl-d8"/>
      </object_component>
      <object_component id="oc-31c">
         <name>.text:SPIIntEnable</name>
         <load_address>0x20008308</load_address>
         <run_address>0x20008308</run_address>
         <size>0x4c</size>
         <input_file_ref idref="fl-e1"/>
      </object_component>
      <object_component id="oc-49e">
         <name>.text:SPIIntNumberGet</name>
         <load_address>0x20008354</load_address>
         <run_address>0x20008354</run_address>
         <size>0x4c</size>
         <input_file_ref idref="fl-e1"/>
      </object_component>
      <object_component id="oc-198">
         <name>.text:_SlDrvProtectAsyncRespSetting</name>
         <load_address>0x200083a0</load_address>
         <run_address>0x200083a0</run_address>
         <size>0x4c</size>
         <input_file_ref idref="fl-d9"/>
      </object_component>
      <object_component id="oc-93">
         <name>.text</name>
         <load_address>0x200083ec</load_address>
         <run_address>0x200083ec</run_address>
         <size>0x4c</size>
         <input_file_ref idref="fl-cf"/>
      </object_component>
      <object_component id="oc-441">
         <name>.text:uDMAChannelAssign</name>
         <load_address>0x20008438</load_address>
         <run_address>0x20008438</run_address>
         <size>0x4c</size>
         <input_file_ref idref="fl-e3"/>
      </object_component>
      <object_component id="oc-407">
         <name>.text:GPIOGetIntNumber</name>
         <load_address>0x20008484</load_address>
         <run_address>0x20008484</run_address>
         <size>0x48</size>
         <input_file_ref idref="fl-d1"/>
      </object_component>
      <object_component id="oc-463">
         <name>.text:SPIIntClear</name>
         <load_address>0x200084cc</load_address>
         <run_address>0x200084cc</run_address>
         <size>0x48</size>
         <input_file_ref idref="fl-e1"/>
      </object_component>
      <object_component id="oc-221">
         <name>.text:_SlDrvBasicCmd</name>
         <load_address>0x20008514</load_address>
         <run_address>0x20008514</run_address>
         <size>0x48</size>
         <input_file_ref idref="fl-d9"/>
      </object_component>
      <object_component id="oc-452">
         <name>.text:SPIDmaMaskGet</name>
         <load_address>0x2000855c</load_address>
         <run_address>0x2000855c</run_address>
         <size>0x44</size>
         <input_file_ref idref="fl-e1"/>
      </object_component>
      <object_component id="oc-558">
         <name>.text:TimerConfigure</name>
         <load_address>0x200085a0</load_address>
         <run_address>0x200085a0</run_address>
         <size>0x44</size>
         <input_file_ref idref="fl-e2"/>
      </object_component>
      <object_component id="oc-1b0">
         <name>.text:_SlDrvSyncObjWaitTimeout</name>
         <load_address>0x200085e4</load_address>
         <run_address>0x200085e4</run_address>
         <size>0x44</size>
         <input_file_ref idref="fl-d9"/>
      </object_component>
      <object_component id="oc-54a">
         <name>.text:cc_SetupTransfer</name>
         <load_address>0x20008628</load_address>
         <run_address>0x20008628</run_address>
         <size>0x44</size>
         <input_file_ref idref="fl-df"/>
      </object_component>
      <object_component id="oc-41f">
         <name>.text:PinModeSet</name>
         <load_address>0x2000866c</load_address>
         <run_address>0x2000866c</run_address>
         <size>0x40</size>
         <input_file_ref idref="fl-d3"/>
      </object_component>
      <object_component id="oc-24">
         <name>.text</name>
         <load_address>0x200086ac</load_address>
         <run_address>0x200086ac</run_address>
         <size>0x40</size>
         <input_file_ref idref="fl-c2"/>
      </object_component>
      <object_component id="oc-1a4">
         <name>.text:NwpRegisterInterruptHandler</name>
         <load_address>0x200086ec</load_address>
         <run_address>0x200086ec</run_address>
         <size>0x3e</size>
         <input_file_ref idref="fl-df"/>
      </object_component>
      <object_component id="oc-599">
         <name>.text:CopyPingResultsToReport</name>
         <load_address>0x2000872a</load_address>
         <run_address>0x2000872a</run_address>
         <size>0x3c</size>
         <input_file_ref idref="fl-da"/>
      </object_component>
      <object_component id="oc-262">
         <name>.text:PRCMPeripheralClkEnable</name>
         <load_address>0x20008768</load_address>
         <run_address>0x20008768</run_address>
         <size>0x3c</size>
         <input_file_ref idref="fl-d4"/>
      </object_component>
      <object_component id="oc-510">
         <name>.text:simplelink_timerA2_start</name>
         <load_address>0x200087a4</load_address>
         <run_address>0x200087a4</run_address>
         <size>0x3c</size>
         <input_file_ref idref="fl-df"/>
      </object_component>
      <object_component id="oc-5bc">
         <name>.text:uDMAChannelControlSet</name>
         <load_address>0x200087e0</load_address>
         <run_address>0x200087e0</run_address>
         <size>0x3c</size>
         <input_file_ref idref="fl-e3"/>
      </object_component>
      <object_component id="oc-19e">
         <name>.text:NwpPowerOff</name>
         <load_address>0x2000881c</load_address>
         <run_address>0x2000881c</run_address>
         <size>0x38</size>
         <input_file_ref idref="fl-df"/>
      </object_component>
      <object_component id="oc-f3">
         <name>.text:sl_WlanDisconnect</name>
         <load_address>0x20008854</load_address>
         <run_address>0x20008854</run_address>
         <size>0x38</size>
         <input_file_ref idref="fl-de"/>
      </object_component>
      <object_component id="oc-2b9">
         <name>.text:GPIODirModeSet</name>
         <load_address>0x2000888c</load_address>
         <run_address>0x2000888c</run_address>
         <size>0x36</size>
         <input_file_ref idref="fl-d1"/>
      </object_component>
      <object_component id="oc-2f8">
         <name>.text:PRCMPeripheralStatusGet</name>
         <load_address>0x200088c4</load_address>
         <run_address>0x200088c4</run_address>
         <size>0x34</size>
         <input_file_ref idref="fl-d4"/>
      </object_component>
      <object_component id="oc-310">
         <name>.text:SPIFIFOLevelSet</name>
         <load_address>0x200088f8</load_address>
         <run_address>0x200088f8</run_address>
         <size>0x34</size>
         <input_file_ref idref="fl-e1"/>
      </object_component>
      <object_component id="oc-2b3">
         <name>.text:PinTypeGPIO</name>
         <load_address>0x2000892c</load_address>
         <run_address>0x2000892c</run_address>
         <size>0x30</size>
         <input_file_ref idref="fl-d3"/>
      </object_component>
      <object_component id="oc-1aa">
         <name>.text:NwpPowerOn</name>
         <load_address>0x2000895c</load_address>
         <run_address>0x2000895c</run_address>
         <size>0x2c</size>
         <input_file_ref idref="fl-df"/>
      </object_component>
      <object_component id="oc-250">
         <name>.text:PRCMSysResetCauseGet</name>
         <load_address>0x20008988</load_address>
         <run_address>0x20008988</run_address>
         <size>0x2c</size>
         <input_file_ref idref="fl-d4"/>
      </object_component>
      <object_component id="oc-3a3">
         <name>.text:_SlDrvObjGlobalLockWaitForever</name>
         <load_address>0x200089b4</load_address>
         <run_address>0x200089b4</run_address>
         <size>0x2c</size>
         <input_file_ref idref="fl-d9"/>
      </object_component>
      <object_component id="oc-341">
         <name>.text:_SlDrvProtectionObjLockWaitForever</name>
         <load_address>0x200089e0</load_address>
         <run_address>0x200089e0</run_address>
         <size>0x2c</size>
         <input_file_ref idref="fl-d9"/>
      </object_component>
      <object_component id="oc-564">
         <name>.text:TimerLoadSet</name>
         <load_address>0x20008a0c</load_address>
         <run_address>0x20008a0c</run_address>
         <size>0x2a</size>
         <input_file_ref idref="fl-e2"/>
      </object_component>
      <object_component id="oc-55e">
         <name>.text:TimerPrescaleSet</name>
         <load_address>0x20008a36</load_address>
         <run_address>0x20008a36</run_address>
         <size>0x2a</size>
         <input_file_ref idref="fl-e2"/>
      </object_component>
      <object_component id="oc-26e">
         <name>.text:PRCMPeripheralClkDisable</name>
         <load_address>0x20008a60</load_address>
         <run_address>0x20008a60</run_address>
         <size>0x28</size>
         <input_file_ref idref="fl-d4"/>
      </object_component>
      <object_component id="oc-3a9">
         <name>.text:_SlDrvGlobalObjUnLock</name>
         <load_address>0x20008a88</load_address>
         <run_address>0x20008a88</run_address>
         <size>0x28</size>
         <input_file_ref idref="fl-d9"/>
      </object_component>
      <object_component id="oc-347">
         <name>.text:_SlDrvProtectionObjUnLock</name>
         <load_address>0x20008ab0</load_address>
         <run_address>0x20008ab0</run_address>
         <size>0x28</size>
         <input_file_ref idref="fl-d9"/>
      </object_component>
      <object_component id="oc-46a">
         <name>.text:_SlDrvSyncObjWaitForever</name>
         <load_address>0x20008ad8</load_address>
         <run_address>0x20008ad8</run_address>
         <size>0x28</size>
         <input_file_ref idref="fl-d9"/>
      </object_component>
      <object_component id="oc-32e">
         <name>.text:DmaSpiSwIntHandler</name>
         <load_address>0x20008b00</load_address>
         <run_address>0x20008b00</run_address>
         <size>0x24</size>
         <input_file_ref idref="fl-df"/>
      </object_component>
      <object_component id="oc-35b">
         <name>.text:IntUnregister</name>
         <load_address>0x20008b24</load_address>
         <run_address>0x20008b24</run_address>
         <size>0x24</size>
         <input_file_ref idref="fl-d2"/>
      </object_component>
      <object_component id="oc-13f">
         <name>.text</name>
         <load_address>0x20008b48</load_address>
         <run_address>0x20008b48</run_address>
         <size>0x24</size>
         <input_file_ref idref="fl-5"/>
      </object_component>
      <object_component id="oc-2e6">
         <name>.text:SPIReset</name>
         <load_address>0x20008b6c</load_address>
         <run_address>0x20008b6c</run_address>
         <size>0x22</size>
         <input_file_ref idref="fl-e1"/>
      </object_component>
      <object_component id="oc-4fa">
         <name>.text:SPIWordCountSet</name>
         <load_address>0x20008b8e</load_address>
         <run_address>0x20008b8e</run_address>
         <size>0x22</size>
         <input_file_ref idref="fl-e1"/>
      </object_component>
      <object_component id="oc-297">
         <name>.text:GPIOPinWrite</name>
         <load_address>0x20008bb0</load_address>
         <run_address>0x20008bb0</run_address>
         <size>0x20</size>
         <input_file_ref idref="fl-d1"/>
      </object_component>
      <object_component id="oc-316">
         <name>.text:IntRegister</name>
         <load_address>0x20008bd0</load_address>
         <run_address>0x20008bd0</run_address>
         <size>0x20</size>
         <input_file_ref idref="fl-d2"/>
      </object_component>
      <object_component id="oc-1ef">
         <name>.text:NwpPrePowerOffTimout0</name>
         <load_address>0x20008bf0</load_address>
         <run_address>0x20008bf0</run_address>
         <size>0x20</size>
         <input_file_ref idref="fl-df"/>
      </object_component>
      <object_component id="oc-4be">
         <name>.text:TimerGetCurrentTimestamp</name>
         <load_address>0x20008c10</load_address>
         <run_address>0x20008c10</run_address>
         <size>0x20</size>
         <input_file_ref idref="fl-df"/>
      </object_component>
      <object_component id="oc-37c">
         <name>.text:_SlDrvSyncObjSignal</name>
         <load_address>0x20008c30</load_address>
         <run_address>0x20008c30</run_address>
         <size>0x20</size>
         <input_file_ref idref="fl-d9"/>
      </object_component>
      <object_component id="oc-285">
         <name>.text:GPIOIntRegister</name>
         <load_address>0x20008c50</load_address>
         <run_address>0x20008c50</run_address>
         <size>0x1e</size>
         <input_file_ref idref="fl-d1"/>
      </object_component>
      <object_component id="oc-56a">
         <name>.text:TimerEnable</name>
         <load_address>0x20008c6e</load_address>
         <run_address>0x20008c6e</run_address>
         <size>0x1e</size>
         <input_file_ref idref="fl-e2"/>
      </object_component>
      <object_component id="oc-2fe">
         <name>.text:cc_UDMAChannelSelect</name>
         <load_address>0x20008c8c</load_address>
         <run_address>0x20008c8c</run_address>
         <size>0x1e</size>
         <input_file_ref idref="fl-df"/>
      </object_component>
      <object_component id="oc-516">
         <name>.text:TimerValueGet</name>
         <load_address>0x20008caa</load_address>
         <run_address>0x20008caa</run_address>
         <size>0x1c</size>
         <input_file_ref idref="fl-e2"/>
      </object_component>
      <object_component id="oc-429">
         <name>.text:_SlDrvStartMeasureTimeout</name>
         <load_address>0x20008cc6</load_address>
         <run_address>0x20008cc6</run_address>
         <size>0x1c</size>
         <input_file_ref idref="fl-d9"/>
      </object_component>
      <object_component id="oc-5ce">
         <name>.text:uDMAChannelEnable</name>
         <load_address>0x20008ce4</load_address>
         <run_address>0x20008ce4</run_address>
         <size>0x1c</size>
         <input_file_ref idref="fl-e3"/>
      </object_component>
      <object_component id="oc-291">
         <name>.text:GPIOIntEnable</name>
         <load_address>0x20008d00</load_address>
         <run_address>0x20008d00</run_address>
         <size>0x1a</size>
         <input_file_ref idref="fl-d1"/>
      </object_component>
      <object_component id="oc-3cd">
         <name>.text:SPIDmaDisable</name>
         <load_address>0x20008d1a</load_address>
         <run_address>0x20008d1a</run_address>
         <size>0x1a</size>
         <input_file_ref idref="fl-e1"/>
      </object_component>
      <object_component id="oc-30a">
         <name>.text:SPIDmaEnable</name>
         <load_address>0x20008d34</load_address>
         <run_address>0x20008d34</run_address>
         <size>0x1a</size>
         <input_file_ref idref="fl-e1"/>
      </object_component>
      <object_component id="oc-3c7">
         <name>.text:SPIFIFODisable</name>
         <load_address>0x20008d4e</load_address>
         <run_address>0x20008d4e</run_address>
         <size>0x1a</size>
         <input_file_ref idref="fl-e1"/>
      </object_component>
      <object_component id="oc-304">
         <name>.text:SPIFIFOEnable</name>
         <load_address>0x20008d68</load_address>
         <run_address>0x20008d68</run_address>
         <size>0x1a</size>
         <input_file_ref idref="fl-e1"/>
      </object_component>
      <object_component id="oc-3c1">
         <name>.text:SPIIntUnregister</name>
         <load_address>0x20008d82</load_address>
         <run_address>0x20008d82</run_address>
         <size>0x1a</size>
         <input_file_ref idref="fl-e1"/>
      </object_component>
      <object_component id="oc-2a3">
         <name>.text:GPIOPinRead</name>
         <load_address>0x20008d9c</load_address>
         <run_address>0x20008d9c</run_address>
         <size>0x18</size>
         <input_file_ref idref="fl-d1"/>
      </object_component>
      <object_component id="oc-2da">
         <name>.text:SPICSDisable</name>
         <load_address>0x20008db4</load_address>
         <run_address>0x20008db4</run_address>
         <size>0x18</size>
         <input_file_ref idref="fl-e1"/>
      </object_component>
      <object_component id="oc-4f4">
         <name>.text:SPICSEnable</name>
         <load_address>0x20008dcc</load_address>
         <run_address>0x20008dcc</run_address>
         <size>0x18</size>
         <input_file_ref idref="fl-e1"/>
      </object_component>
      <object_component id="oc-2e0">
         <name>.text:SPIDisable</name>
         <load_address>0x20008de4</load_address>
         <run_address>0x20008de4</run_address>
         <size>0x18</size>
         <input_file_ref idref="fl-e1"/>
      </object_component>
      <object_component id="oc-322">
         <name>.text:SPIEnable</name>
         <load_address>0x20008dfc</load_address>
         <run_address>0x20008dfc</run_address>
         <size>0x18</size>
         <input_file_ref idref="fl-e1"/>
      </object_component>
      <object_component id="oc-2c9">
         <name>.text:_SlNonOsSemSet</name>
         <load_address>0x20008e14</load_address>
         <run_address>0x20008e14</run_address>
         <size>0x18</size>
         <input_file_ref idref="fl-dc"/>
      </object_component>
      <object_component id="oc-1bc">
         <name>.text:_sl_GetStartResponseConvert</name>
         <load_address>0x20008e2c</load_address>
         <run_address>0x20008e2c</run_address>
         <size>0x18</size>
         <input_file_ref idref="fl-d8"/>
      </object_component>
      <object_component id="oc-68">
         <name>.text</name>
         <load_address>0x20008e44</load_address>
         <run_address>0x20008e44</run_address>
         <size>0x18</size>
         <input_file_ref idref="fl-cd"/>
      </object_component>
      <object_component id="oc-256">
         <name>.text:PRCMHIBRegRead</name>
         <load_address>0x20008e5c</load_address>
         <run_address>0x20008e5c</run_address>
         <size>0x16</size>
         <input_file_ref idref="fl-d4"/>
      </object_component>
      <object_component id="oc-25c">
         <name>.text:PRCMHIBRegWrite</name>
         <load_address>0x20008e72</load_address>
         <run_address>0x20008e72</run_address>
         <size>0x16</size>
         <input_file_ref idref="fl-d4"/>
      </object_component>
      <object_component id="oc-2c3">
         <name>.text:_SlDrvMemZero</name>
         <load_address>0x20008e88</load_address>
         <run_address>0x20008e88</run_address>
         <size>0x16</size>
         <input_file_ref idref="fl-d9"/>
      </object_component>
      <object_component id="oc-245">
         <name>.text:CPUcpsie</name>
         <load_address>0x20008e9e</load_address>
         <run_address>0x20008e9e</run_address>
         <size>0x14</size>
         <input_file_ref idref="fl-d6"/>
      </object_component>
      <object_component id="oc-28b">
         <name>.text:GPIOIntClear</name>
         <load_address>0x20008eb2</load_address>
         <run_address>0x20008eb2</run_address>
         <size>0x14</size>
         <input_file_ref idref="fl-d1"/>
      </object_component>
      <object_component id="oc-114">
         <name>.text:IntVTableBaseSet</name>
         <load_address>0x20008ec8</load_address>
         <run_address>0x20008ec8</run_address>
         <size>0x14</size>
         <input_file_ref idref="fl-d2"/>
      </object_component>
      <object_component id="oc-159">
         <name>.text</name>
         <load_address>0x20008edc</load_address>
         <run_address>0x20008edc</run_address>
         <size>0x14</size>
         <input_file_ref idref="fl-cc"/>
      </object_component>
      <object_component id="oc-58c">
         <name>.text:_SlDrvDispatchHttpServerEvents</name>
         <load_address>0x20008ef0</load_address>
         <run_address>0x20008ef0</run_address>
         <size>0x10</size>
         <input_file_ref idref="fl-d9"/>
      </object_component>
      <object_component id="oc-20a">
         <name>.text:_SlDrvResetCmdExt</name>
         <load_address>0x20008f00</load_address>
         <run_address>0x20008f00</run_address>
         <size>0xe</size>
         <input_file_ref idref="fl-d9"/>
      </object_component>
      <object_component id="oc-18">
         <name>.text:decompress:none</name>
         <load_address>0x20008f0e</load_address>
         <run_address>0x20008f0e</run_address>
         <size>0xe</size>
         <input_file_ref idref="fl-c4"/>
      </object_component>
      <object_component id="oc-2a">
         <name>.text</name>
         <load_address>0x20008f1c</load_address>
         <run_address>0x20008f1c</run_address>
         <size>0xe</size>
         <input_file_ref idref="fl-6"/>
      </object_component>
      <object_component id="oc-34e">
         <name>.text:NwpMaskInterrupt</name>
         <load_address>0x20008f2c</load_address>
         <run_address>0x20008f2c</run_address>
         <size>0xc</size>
         <input_file_ref idref="fl-df"/>
      </object_component>
      <object_component id="oc-368">
         <name>.text:NwpUnMaskInterrupt</name>
         <load_address>0x20008f38</load_address>
         <run_address>0x20008f38</run_address>
         <size>0xc</size>
         <input_file_ref idref="fl-df"/>
      </object_component>
      <object_component id="oc-1e">
         <name>.text:decompress:ZI</name>
         <load_address>0x20008f44</load_address>
         <run_address>0x20008f44</run_address>
         <size>0xc</size>
         <input_file_ref idref="fl-c5"/>
      </object_component>
      <object_component id="oc-11a">
         <name>.text:IntMasterEnable</name>
         <load_address>0x20008f50</load_address>
         <run_address>0x20008f50</run_address>
         <size>0xa</size>
         <input_file_ref idref="fl-d2"/>
      </object_component>
      <object_component id="oc-138">
         <name>.text:UtilsDelay</name>
         <load_address>0x20008f5a</load_address>
         <run_address>0x20008f5a</run_address>
         <size>0x6</size>
         <input_file_ref idref="fl-d5"/>
      </object_component>
      <object_component id="oc-5c">
         <name>.text</name>
         <load_address>0x20008f60</load_address>
         <run_address>0x20008f60</run_address>
         <size>0x4</size>
         <input_file_ref idref="fl-ca"/>
      </object_component>
      <object_component id="oc-4b9">
         <name>.const:g_ulPinToPadMap</name>
         <load_address>0x20008f64</load_address>
         <run_address>0x20008f64</run_address>
         <size>0x100</size>
         <input_file_ref idref="fl-d3"/>
      </object_component>
      <object_component id="oc-403">
         <name>.const:g_pulRegs</name>
         <load_address>0x20009064</load_address>
         <run_address>0x20009064</run_address>
         <size>0xd4</size>
         <input_file_ref idref="fl-d2"/>
      </object_component>
      <object_component id="oc-3f9">
         <name>.const:PRCM_PeriphRegsList</name>
         <load_address>0x20009138</load_address>
         <run_address>0x20009138</run_address>
         <size>0xa8</size>
         <input_file_ref idref="fl-d4"/>
      </object_component>
      <object_component id="oc-24c">
         <name>.const</name>
         <load_address>0x200091e0</load_address>
         <run_address>0x200091e0</run_address>
         <size>0x80</size>
         <input_file_ref idref="fl-d2"/>
      </object_component>
      <object_component id="oc-4ea">
         <name>.const:OpcodeTranslateTable</name>
         <load_address>0x20009260</load_address>
         <run_address>0x20009260</run_address>
         <size>0x3c</size>
         <input_file_ref idref="fl-d9"/>
      </object_component>
      <object_component id="oc-544">
         <name>.const:_SlActionLookupTable</name>
         <load_address>0x2000929c</load_address>
         <run_address>0x2000929c</run_address>
         <size>0x38</size>
         <input_file_ref idref="fl-d9"/>
      </object_component>
      <object_component id="oc-139">
         <name>.const:$P$T0$1</name>
         <load_address>0x200092d4</load_address>
         <run_address>0x200092d4</run_address>
         <size>0x2c</size>
         <input_file_ref idref="fl-3"/>
      </object_component>
      <object_component id="oc-509">
         <name>.const:g_ppulSPIIntMap</name>
         <load_address>0x20009300</load_address>
         <run_address>0x20009300</run_address>
         <size>0x24</size>
         <input_file_ref idref="fl-e1"/>
      </object_component>
      <object_component id="oc-527">
         <name>.const:RxMsgClassLUT</name>
         <load_address>0x20009324</load_address>
         <run_address>0x20009324</run_address>
         <size>0x20</size>
         <input_file_ref idref="fl-d9"/>
      </object_component>
      <object_component id="oc-4ca">
         <name>.const</name>
         <load_address>0x20009344</load_address>
         <run_address>0x20009344</run_address>
         <size>0x18</size>
         <input_file_ref idref="fl-e1"/>
      </object_component>
      <object_component id="oc-520">
         <name>.const:$P$T0$1</name>
         <load_address>0x2000935c</load_address>
         <run_address>0x2000935c</run_address>
         <size>0x14</size>
         <input_file_ref idref="fl-d9"/>
      </object_component>
      <object_component id="oc-435">
         <name>.const:$P$T0$1</name>
         <load_address>0x20009370</load_address>
         <run_address>0x20009370</run_address>
         <size>0x14</size>
         <input_file_ref idref="fl-dc"/>
      </object_component>
      <object_component id="oc-13c">
         <name>.const:$P$T1$2</name>
         <load_address>0x20009384</load_address>
         <run_address>0x20009384</run_address>
         <size>0x14</size>
         <input_file_ref idref="fl-3"/>
      </object_component>
      <object_component id="oc-383">
         <name>.const:StartResponseLUT</name>
         <load_address>0x20009398</load_address>
         <run_address>0x20009398</run_address>
         <size>0x8</size>
         <input_file_ref idref="fl-d8"/>
      </object_component>
      <object_component id="oc-523">
         <name>.const:g_H2NCnysPattern</name>
         <load_address>0x200093a0</load_address>
         <run_address>0x200093a0</run_address>
         <size>0x8</size>
         <input_file_ref idref="fl-d9"/>
      </object_component>
      <object_component id="oc-499">
         <name>.const:g_H2NSyncPattern</name>
         <load_address>0x200093a8</load_address>
         <run_address>0x200093a8</run_address>
         <size>0x8</size>
         <input_file_ref idref="fl-d9"/>
      </object_component>
      <object_component id="oc-210">
         <name>.const:_SlDeviceGetCmdCtrl</name>
         <load_address>0x200093b0</load_address>
         <run_address>0x200093b0</run_address>
         <size>0x4</size>
         <input_file_ref idref="fl-d8"/>
      </object_component>
      <object_component id="oc-5e9">
         <name>.const:_SlNetAppSendTokenValueCmdCtrl</name>
         <load_address>0x200093b4</load_address>
         <run_address>0x200093b4</run_address>
         <size>0x4</size>
         <input_file_ref idref="fl-da"/>
      </object_component>
      <object_component id="oc-228">
         <name>.const:_SlNetCfgSetCmdCtrl</name>
         <load_address>0x200093b8</load_address>
         <run_address>0x200093b8</run_address>
         <size>0x4</size>
         <input_file_ref idref="fl-db"/>
      </object_component>
      <object_component id="oc-219">
         <name>.const:_SlPolicySetCmdCtrl</name>
         <load_address>0x200093bc</load_address>
         <run_address>0x200093bc</run_address>
         <size>0x4</size>
         <input_file_ref idref="fl-de"/>
      </object_component>
      <object_component id="oc-21d">
         <name>.const:_SlProfileDelCmdCtrl</name>
         <load_address>0x200093c0</load_address>
         <run_address>0x200093c0</run_address>
         <size>0x4</size>
         <input_file_ref idref="fl-de"/>
      </object_component>
      <object_component id="oc-3e5">
         <name>.const:_SlRegisterServiceCtrl</name>
         <load_address>0x200093c4</load_address>
         <run_address>0x200093c4</run_address>
         <size>0x4</size>
         <input_file_ref idref="fl-da"/>
      </object_component>
      <object_component id="oc-240">
         <name>.const:_SlRxFilterSetCmdCtrl</name>
         <load_address>0x200093c8</load_address>
         <run_address>0x200093c8</run_address>
         <size>0x4</size>
         <input_file_ref idref="fl-de"/>
      </object_component>
      <object_component id="oc-275">
         <name>.const:_SlSmartConfigStartCmdCtrl</name>
         <load_address>0x200093cc</load_address>
         <run_address>0x200093cc</run_address>
         <size>0x4</size>
         <input_file_ref idref="fl-de"/>
      </object_component>
      <object_component id="oc-201">
         <name>.const:_SlStopCmdCtrl</name>
         <load_address>0x200093d0</load_address>
         <run_address>0x200093d0</run_address>
         <size>0x4</size>
         <input_file_ref idref="fl-d8"/>
      </object_component>
      <object_component id="oc-232">
         <name>.const:_SlWlanCfgSetCmdCtrl</name>
         <load_address>0x200093d4</load_address>
         <run_address>0x200093d4</run_address>
         <size>0x4</size>
         <input_file_ref idref="fl-de"/>
      </object_component>
      <object_component id="oc-1e5">
         <name>.const:_SlWlanSetModeCmdCtrl</name>
         <load_address>0x200093d8</load_address>
         <run_address>0x200093d8</run_address>
         <size>0x4</size>
         <input_file_ref idref="fl-de"/>
      </object_component>
      <object_component id="oc-626">
         <name>.cinit..data.load</name>
         <load_address>0x200093e0</load_address>
         <run_address>0x200093e0</run_address>
         <size>0x2c</size>
      </object_component>
      <object_component id="oc-624">
         <name>__TI_handler_table</name>
         <load_address>0x2000940c</load_address>
         <run_address>0x2000940c</run_address>
         <size>0xc</size>
      </object_component>
      <object_component id="oc-627">
         <name>.cinit..bss.load</name>
         <load_address>0x20009418</load_address>
         <run_address>0x20009418</run_address>
         <size>0x8</size>
      </object_component>
      <object_component id="oc-625">
         <name>__TI_cinit_table</name>
         <load_address>0x20009420</load_address>
         <run_address>0x20009420</run_address>
         <size>0x10</size>
      </object_component>
      <object_component id="oc-2ab">
         <name>.data:ulReg</name>
         <load_address>0x20017228</load_address>
         <run_address>0x20017228</run_address>
         <size>0x14</size>
         <input_file_ref idref="fl-2"/>
      </object_component>
      <object_component id="oc-29d">
         <name>.data</name>
         <load_address>0x20017258</load_address>
         <run_address>0x20017258</run_address>
         <size>0xc</size>
         <input_file_ref idref="fl-2"/>
      </object_component>
      <object_component id="oc-105">
         <name>.data</name>
         <load_address>0x20017278</load_address>
         <run_address>0x20017278</run_address>
         <size>0x8</size>
         <input_file_ref idref="fl-3"/>
      </object_component>
      <object_component id="oc-a9">
         <name>.data:$O1$$</name>
         <load_address>0x2001724c</load_address>
         <run_address>0x2001724c</run_address>
         <size>0xc</size>
         <input_file_ref idref="fl-c6"/>
      </object_component>
      <object_component id="oc-74">
         <name>.data</name>
         <load_address>0x20017280</load_address>
         <run_address>0x20017280</run_address>
         <size>0x4</size>
         <input_file_ref idref="fl-cb"/>
      </object_component>
      <object_component id="oc-ac">
         <name>.data:$O1$$</name>
         <load_address>0x20017270</load_address>
         <run_address>0x20017270</run_address>
         <size>0x8</size>
         <input_file_ref idref="fl-cc"/>
      </object_component>
      <object_component id="oc-1c5">
         <name>.data</name>
         <load_address>0x2001723c</load_address>
         <run_address>0x2001723c</run_address>
         <size>0xd</size>
         <input_file_ref idref="fl-d9"/>
      </object_component>
      <object_component id="oc-1da">
         <name>.data:g__SlNonOsCB</name>
         <load_address>0x200171ec</load_address>
         <run_address>0x200171ec</run_address>
         <size>0x3c</size>
         <input_file_ref idref="fl-dc"/>
      </object_component>
      <object_component id="oc-328">
         <name>.data</name>
         <load_address>0x20017264</load_address>
         <run_address>0x20017264</run_address>
         <size>0x9</size>
         <input_file_ref idref="fl-df"/>
      </object_component>
      <object_component id="oc-2d5">
         <name>.bss:g_StatMem</name>
         <uninitialized>true</uninitialized>
         <run_address>0x20017000</run_address>
         <size>0x168</size>
         <input_file_ref idref="fl-d9"/>
      </object_component>
      <object_component id="oc-2a0">
         <name>.common:g_ucLED1Pin</name>
         <uninitialized>true</uninitialized>
         <run_address>0x200171e7</run_address>
         <size>0x1</size>
      </object_component>
      <object_component id="oc-2a9">
         <name>.common:g_ucLED2Pin</name>
         <uninitialized>true</uninitialized>
         <run_address>0x200171e8</run_address>
         <size>0x1</size>
      </object_component>
      <object_component id="oc-2aa">
         <name>.common:g_ucLED3Pin</name>
         <uninitialized>true</uninitialized>
         <run_address>0x200171e9</run_address>
         <size>0x1</size>
      </object_component>
      <object_component id="oc-c5">
         <name>.common:g_ucConnectionSSID</name>
         <uninitialized>true</uninitialized>
         <run_address>0x200171b8</run_address>
         <size>0x24</size>
      </object_component>
      <object_component id="oc-c8">
         <name>.common:g_ucConnectionBSSID</name>
         <uninitialized>true</uninitialized>
         <run_address>0x200171dc</run_address>
         <size>0x8</size>
      </object_component>
      <object_component id="oc-2d8">
         <name>.common:RxIrqCnt</name>
         <uninitialized>true</uninitialized>
         <run_address>0x200171e4</run_address>
         <size>0x1</size>
      </object_component>
      <object_component id="oc-1c2">
         <name>.common:g_bDeviceRestartIsRequired</name>
         <uninitialized>true</uninitialized>
         <run_address>0x200171e5</run_address>
         <size>0x1</size>
      </object_component>
      <object_component id="oc-32b">
         <name>.common:g_ucDinDout</name>
         <uninitialized>true</uninitialized>
         <run_address>0x20017168</run_address>
         <size>0x50</size>
      </object_component>
      <object_component id="oc-334">
         <name>.common:g_cDummy</name>
         <uninitialized>true</uninitialized>
         <run_address>0x200171e6</run_address>
         <size>0x1</size>
      </object_component>
      <object_component id="oc-29">
         <name>.stack</name>
         <uninitialized>true</uninitialized>
         <run_address>0x2002f800</run_address>
         <size>0x0</size>
         <input_file_ref idref="fl-c2"/>
      </object_component>
      <object_component id="oc-628">
         <name>.stack</name>
         <uninitialized>true</uninitialized>
         <run_address>0x2002f800</run_address>
         <size>0x0</size>
      </object_component>
      <object_component id="oc-2a1">
         <name>.debug_info</name>
         <load_address>0x0</load_address>
         <run_address>0x0</run_address>
         <size>0x2ed</size>
         <input_file_ref idref="fl-2"/>
      </object_component>
      <object_component id="oc-2ac">
         <name>.debug_info</name>
         <load_address>0x2ed</load_address>
         <run_address>0x2ed</run_address>
         <size>0x105</size>
         <input_file_ref idref="fl-2"/>
      </object_component>
      <object_component id="oc-29e">
         <name>.debug_info</name>
         <load_address>0x3f2</load_address>
         <run_address>0x3f2</run_address>
         <size>0x166</size>
         <input_file_ref idref="fl-2"/>
      </object_component>
      <object_component id="oc-133">
         <name>.debug_info</name>
         <load_address>0x558</load_address>
         <run_address>0x558</run_address>
         <size>0xf0a</size>
         <input_file_ref idref="fl-2"/>
      </object_component>
      <object_component id="oc-4af">
         <name>.debug_info</name>
         <load_address>0x1462</load_address>
         <run_address>0x1462</run_address>
         <size>0x62</size>
         <input_file_ref idref="fl-2"/>
      </object_component>
      <object_component id="oc-39">
         <name>.debug_info</name>
         <load_address>0x14c4</load_address>
         <run_address>0x14c4</run_address>
         <size>0x84</size>
         <input_file_ref idref="fl-2"/>
      </object_component>
      <object_component id="oc-187">
         <name>.debug_info</name>
         <load_address>0x1548</load_address>
         <run_address>0x1548</run_address>
         <size>0x2c</size>
         <input_file_ref idref="fl-2"/>
      </object_component>
      <object_component id="oc-c6">
         <name>.debug_info</name>
         <load_address>0x1574</load_address>
         <run_address>0x1574</run_address>
         <size>0x943</size>
         <input_file_ref idref="fl-3"/>
      </object_component>
      <object_component id="oc-106">
         <name>.debug_info</name>
         <load_address>0x1eb7</load_address>
         <run_address>0x1eb7</run_address>
         <size>0x10b</size>
         <input_file_ref idref="fl-3"/>
      </object_component>
      <object_component id="oc-13a">
         <name>.debug_info</name>
         <load_address>0x1fc2</load_address>
         <run_address>0x1fc2</run_address>
         <size>0xda</size>
         <input_file_ref idref="fl-3"/>
      </object_component>
      <object_component id="oc-13d">
         <name>.debug_info</name>
         <load_address>0x209c</load_address>
         <run_address>0x209c</run_address>
         <size>0xda</size>
         <input_file_ref idref="fl-3"/>
      </object_component>
      <object_component id="oc-a2">
         <name>.debug_info</name>
         <load_address>0x2176</load_address>
         <run_address>0x2176</run_address>
         <size>0xb0c</size>
         <input_file_ref idref="fl-3"/>
      </object_component>
      <object_component id="oc-146">
         <name>.debug_info</name>
         <load_address>0x2c82</load_address>
         <run_address>0x2c82</run_address>
         <size>0x46a</size>
         <input_file_ref idref="fl-3"/>
      </object_component>
      <object_component id="oc-1d5">
         <name>.debug_info</name>
         <load_address>0x30ec</load_address>
         <run_address>0x30ec</run_address>
         <size>0x92</size>
         <input_file_ref idref="fl-3"/>
      </object_component>
      <object_component id="oc-178">
         <name>.debug_info</name>
         <load_address>0x317e</load_address>
         <run_address>0x317e</run_address>
         <size>0x87f</size>
         <input_file_ref idref="fl-3"/>
      </object_component>
      <object_component id="oc-17d">
         <name>.debug_info</name>
         <load_address>0x39fd</load_address>
         <run_address>0x39fd</run_address>
         <size>0x611</size>
         <input_file_ref idref="fl-3"/>
      </object_component>
      <object_component id="oc-173">
         <name>.debug_info</name>
         <load_address>0x400e</load_address>
         <run_address>0x400e</run_address>
         <size>0xa71</size>
         <input_file_ref idref="fl-3"/>
      </object_component>
      <object_component id="oc-182">
         <name>.debug_info</name>
         <load_address>0x4a7f</load_address>
         <run_address>0x4a7f</run_address>
         <size>0xc4</size>
         <input_file_ref idref="fl-3"/>
      </object_component>
      <object_component id="oc-14b">
         <name>.debug_info</name>
         <load_address>0x4b43</load_address>
         <run_address>0x4b43</run_address>
         <size>0x6c8</size>
         <input_file_ref idref="fl-3"/>
      </object_component>
      <object_component id="oc-336">
         <name>.debug_info</name>
         <load_address>0x520b</load_address>
         <run_address>0x520b</run_address>
         <size>0x39</size>
         <input_file_ref idref="fl-3"/>
      </object_component>
      <object_component id="oc-8a">
         <name>.debug_info</name>
         <load_address>0x5244</load_address>
         <run_address>0x5244</run_address>
         <size>0x2c</size>
         <input_file_ref idref="fl-3"/>
      </object_component>
      <object_component id="oc-142">
         <name>.debug_info</name>
         <load_address>0x5270</load_address>
         <run_address>0x5270</run_address>
         <size>0x159</size>
         <input_file_ref idref="fl-5"/>
      </object_component>
      <object_component id="oc-32">
         <name>.debug_info</name>
         <load_address>0x53c9</load_address>
         <run_address>0x53c9</run_address>
         <size>0x12d</size>
         <input_file_ref idref="fl-6"/>
      </object_component>
      <object_component id="oc-10">
         <name>.debug_info</name>
         <load_address>0x54f6</load_address>
         <run_address>0x54f6</run_address>
         <size>0x118</size>
         <input_file_ref idref="fl-6"/>
      </object_component>
      <object_component id="oc-2e">
         <name>.debug_info</name>
         <load_address>0x560e</load_address>
         <run_address>0x560e</run_address>
         <size>0x439</size>
         <input_file_ref idref="fl-6"/>
      </object_component>
      <object_component id="oc-25">
         <name>.debug_info</name>
         <load_address>0x5a47</load_address>
         <run_address>0x5a47</run_address>
         <size>0x160</size>
         <input_file_ref idref="fl-c2"/>
      </object_component>
      <object_component id="oc-80">
         <name>.debug_info</name>
         <load_address>0x5ba7</load_address>
         <run_address>0x5ba7</run_address>
         <size>0xf9</size>
         <input_file_ref idref="fl-c3"/>
      </object_component>
      <object_component id="oc-14">
         <name>.debug_info</name>
         <load_address>0x5ca0</load_address>
         <run_address>0x5ca0</run_address>
         <size>0x245</size>
         <input_file_ref idref="fl-c3"/>
      </object_component>
      <object_component id="oc-34">
         <name>.debug_info</name>
         <load_address>0x5ee5</load_address>
         <run_address>0x5ee5</run_address>
         <size>0x60</size>
         <input_file_ref idref="fl-c3"/>
      </object_component>
      <object_component id="oc-7b">
         <name>.debug_info</name>
         <load_address>0x5f45</load_address>
         <run_address>0x5f45</run_address>
         <size>0x46</size>
         <input_file_ref idref="fl-c3"/>
      </object_component>
      <object_component id="oc-49">
         <name>.debug_info</name>
         <load_address>0x5f8b</load_address>
         <run_address>0x5f8b</run_address>
         <size>0x140</size>
         <input_file_ref idref="fl-c4"/>
      </object_component>
      <object_component id="oc-1a">
         <name>.debug_info</name>
         <load_address>0x60cb</load_address>
         <run_address>0x60cb</run_address>
         <size>0x1df</size>
         <input_file_ref idref="fl-c4"/>
      </object_component>
      <object_component id="oc-44">
         <name>.debug_info</name>
         <load_address>0x62aa</load_address>
         <run_address>0x62aa</run_address>
         <size>0x46</size>
         <input_file_ref idref="fl-c4"/>
      </object_component>
      <object_component id="oc-82">
         <name>.debug_info</name>
         <load_address>0x62f0</load_address>
         <run_address>0x62f0</run_address>
         <size>0x2c</size>
         <input_file_ref idref="fl-c4"/>
      </object_component>
      <object_component id="oc-55">
         <name>.debug_info</name>
         <load_address>0x631c</load_address>
         <run_address>0x631c</run_address>
         <size>0x12f</size>
         <input_file_ref idref="fl-c5"/>
      </object_component>
      <object_component id="oc-22">
         <name>.debug_info</name>
         <load_address>0x644b</load_address>
         <run_address>0x644b</run_address>
         <size>0x1aa</size>
         <input_file_ref idref="fl-c5"/>
      </object_component>
      <object_component id="oc-50">
         <name>.debug_info</name>
         <load_address>0x65f5</load_address>
         <run_address>0x65f5</run_address>
         <size>0x46</size>
         <input_file_ref idref="fl-c5"/>
      </object_component>
      <object_component id="oc-b0">
         <name>.debug_info</name>
         <load_address>0x663b</load_address>
         <run_address>0x663b</run_address>
         <size>0x234</size>
         <input_file_ref idref="fl-c6"/>
      </object_component>
      <object_component id="oc-aa">
         <name>.debug_info</name>
         <load_address>0x686f</load_address>
         <run_address>0x686f</run_address>
         <size>0x185</size>
         <input_file_ref idref="fl-c6"/>
      </object_component>
      <object_component id="oc-6f">
         <name>.debug_info</name>
         <load_address>0x69f4</load_address>
         <run_address>0x69f4</run_address>
         <size>0x214</size>
         <input_file_ref idref="fl-c6"/>
      </object_component>
      <object_component id="oc-41">
         <name>.debug_info</name>
         <load_address>0x6c08</load_address>
         <run_address>0x6c08</run_address>
         <size>0x111</size>
         <input_file_ref idref="fl-c7"/>
      </object_component>
      <object_component id="oc-4c">
         <name>.debug_info</name>
         <load_address>0x6d19</load_address>
         <run_address>0x6d19</run_address>
         <size>0x13f</size>
         <input_file_ref idref="fl-c8"/>
      </object_component>
      <object_component id="oc-58">
         <name>.debug_info</name>
         <load_address>0x6e58</load_address>
         <run_address>0x6e58</run_address>
         <size>0x138</size>
         <input_file_ref idref="fl-c9"/>
      </object_component>
      <object_component id="oc-5f">
         <name>.debug_info</name>
         <load_address>0x6f90</load_address>
         <run_address>0x6f90</run_address>
         <size>0x148</size>
         <input_file_ref idref="fl-ca"/>
      </object_component>
      <object_component id="oc-75">
         <name>.debug_info</name>
         <load_address>0x70d8</load_address>
         <run_address>0x70d8</run_address>
         <size>0x109</size>
         <input_file_ref idref="fl-cb"/>
      </object_component>
      <object_component id="oc-161">
         <name>.debug_info</name>
         <load_address>0x71e1</load_address>
         <run_address>0x71e1</run_address>
         <size>0x124</size>
         <input_file_ref idref="fl-cc"/>
      </object_component>
      <object_component id="oc-ad">
         <name>.debug_info</name>
         <load_address>0x7305</load_address>
         <run_address>0x7305</run_address>
         <size>0x113</size>
         <input_file_ref idref="fl-cc"/>
      </object_component>
      <object_component id="oc-15a">
         <name>.debug_info</name>
         <load_address>0x7418</load_address>
         <run_address>0x7418</run_address>
         <size>0x21f</size>
         <input_file_ref idref="fl-cc"/>
      </object_component>
      <object_component id="oc-a8">
         <name>.debug_info</name>
         <load_address>0x7637</load_address>
         <run_address>0x7637</run_address>
         <size>0x166</size>
         <input_file_ref idref="fl-cd"/>
      </object_component>
      <object_component id="oc-6b">
         <name>.debug_info</name>
         <load_address>0x779d</load_address>
         <run_address>0x779d</run_address>
         <size>0x167</size>
         <input_file_ref idref="fl-cd"/>
      </object_component>
      <object_component id="oc-152">
         <name>.debug_info</name>
         <load_address>0x7904</load_address>
         <run_address>0x7904</run_address>
         <size>0x5e</size>
         <input_file_ref idref="fl-cd"/>
      </object_component>
      <object_component id="oc-a0">
         <name>.debug_info</name>
         <load_address>0x7962</load_address>
         <run_address>0x7962</run_address>
         <size>0x2e9</size>
         <input_file_ref idref="fl-ce"/>
      </object_component>
      <object_component id="oc-64">
         <name>.debug_info</name>
         <load_address>0x7c4b</load_address>
         <run_address>0x7c4b</run_address>
         <size>0x190</size>
         <input_file_ref idref="fl-ce"/>
      </object_component>
      <object_component id="oc-bb">
         <name>.debug_info</name>
         <load_address>0x7ddb</load_address>
         <run_address>0x7ddb</run_address>
         <size>0x39</size>
         <input_file_ref idref="fl-ce"/>
      </object_component>
      <object_component id="oc-16c">
         <name>.debug_info</name>
         <load_address>0x7e14</load_address>
         <run_address>0x7e14</run_address>
         <size>0x39</size>
         <input_file_ref idref="fl-ce"/>
      </object_component>
      <object_component id="oc-c0">
         <name>.debug_info</name>
         <load_address>0x7e4d</load_address>
         <run_address>0x7e4d</run_address>
         <size>0xcd</size>
         <input_file_ref idref="fl-ce"/>
      </object_component>
      <object_component id="oc-b7">
         <name>.debug_info</name>
         <load_address>0x7f1a</load_address>
         <run_address>0x7f1a</run_address>
         <size>0x1e0</size>
         <input_file_ref idref="fl-cf"/>
      </object_component>
      <object_component id="oc-96">
         <name>.debug_info</name>
         <load_address>0x80fa</load_address>
         <run_address>0x80fa</run_address>
         <size>0x183</size>
         <input_file_ref idref="fl-cf"/>
      </object_component>
      <object_component id="oc-167">
[...]
         <name>IntUnregister</name>
         <value>0x20008b25</value>
         <object_component_ref idref="oc-35b"/>
      </symbol>
      <symbol id="sm-397">
         <name>IntMasterEnable</name>
         <value>0x20008f51</value>
         <object_component_ref idref="oc-11a"/>
      </symbol>
      <symbol id="sm-3c6">
         <name>PinTypeGPIO</name>
         <value>0x2000892d</value>
         <object_component_ref idref="oc-2b3"/>
      </symbol>
      <symbol id="sm-3c7">
         <name>PinConfigSet</name>
         <value>0x200077dd</value>
         <object_component_ref idref="oc-419"/>
      </symbol>
      <symbol id="sm-3c8">
         <name>PinModeSet</name>
         <value>0x2000866d</value>
         <object_component_ref idref="oc-41f"/>
      </symbol>
      <symbol id="sm-45b">
         <name>PRCMPeripheralReset</name>
         <value>0x20008111</value>
         <object_component_ref idref="oc-268"/>
      </symbol>
      <symbol id="sm-45c">
         <name>PRCMPeripheralClkEnable</name>
         <value>0x20008769</value>
         <object_component_ref idref="oc-262"/>
      </symbol>
      <symbol id="sm-45d">
         <name>PRCMPeripheralClockGet</name>
         <value>0x20007369</value>
         <object_component_ref idref="oc-2ec"/>
      </symbol>
      <symbol id="sm-45e">
         <name>PRCMCC3200MCUInit</name>
         <value>0x20005a55</value>
         <object_component_ref idref="oc-126"/>
      </symbol>
      <symbol id="sm-45f">
         <name>PRCMHIBRegWrite</name>
         <value>0x20008e73</value>
         <object_component_ref idref="oc-25c"/>
      </symbol>
      <symbol id="sm-460">
         <name>PRCMSysResetCauseGet</name>
         <value>0x20008989</value>
         <object_component_ref idref="oc-250"/>
      </symbol>
      <symbol id="sm-461">
         <name>PRCMPeripheralStatusGet</name>
         <value>0x200088c5</value>
         <object_component_ref idref="oc-2f8"/>
      </symbol>
      <symbol id="sm-462">
         <name>PRCMPeripheralClkDisable</name>
         <value>0x20008a61</value>
         <object_component_ref idref="oc-26e"/>
      </symbol>
      <symbol id="sm-463">
         <name>PRCMHIBRegRead</name>
         <value>0x20008e5d</value>
         <object_component_ref idref="oc-256"/>
      </symbol>
      <symbol id="sm-467">
         <name>UtilsDelay</name>
         <value>0x20008f5b</value>
         <object_component_ref idref="oc-138"/>
      </symbol>
      <symbol id="sm-471">
         <name>CPUcpsie</name>
         <value>0x20008e9f</value>
         <object_component_ref idref="oc-245"/>
      </symbol>
      <symbol id="sm-510">
         <name>_sl_HandleAsync_InitComplete</name>
         <value>0x20007751</value>
         <object_component_ref idref="oc-5d9"/>
      </symbol>
      <symbol id="sm-511">
         <name>_SlDrvDeviceEventHandler</name>
         <value>0x20007105</value>
         <object_component_ref idref="oc-578"/>
      </symbol>
      <symbol id="sm-512">
         <name>_sl_HandleAsync_Stop</name>
         <value>0x200082b9</value>
         <object_component_ref idref="oc-5b4"/>
      </symbol>
      <symbol id="sm-513">
         <name>sl_Stop</name>
         <value>0x200061fd</value>
         <object_component_ref idref="oc-db"/>
      </symbol>
      <symbol id="sm-514">
         <name>sl_Start</name>
         <value>0x200064cd</value>
         <object_component_ref idref="oc-c9"/>
      </symbol>
      <symbol id="sm-515">
         <name>sl_DevGet</name>
         <value>0x20006a15</value>
         <object_component_ref idref="oc-e1"/>
      </symbol>
      <symbol id="sm-77e">
         <name>RxIrqCnt</name>
         <value>0x200171e4</value>
      </symbol>
      <symbol id="sm-77f">
         <name>g_bDeviceRestartIsRequired</name>
         <value>0x200171e5</value>
      </symbol>
      <symbol id="sm-780">
         <name>_SlDrvProtectionObjUnLock</name>
         <value>0x20008ab1</value>
         <object_component_ref idref="oc-347"/>
      </symbol>
      <symbol id="sm-781">
         <name>_SlDrvBasicCmd</name>
         <value>0x20008515</value>
         <object_component_ref idref="oc-221"/>
      </symbol>
      <symbol id="sm-782">
         <name>_SlDrvMsgReadSpawnCtx</name>
         <value>0x200066a1</value>
         <object_component_ref idref="oc-396"/>
      </symbol>
      <symbol id="sm-783">
         <name>_SlDrvDispatchHttpServerEvents</name>
         <value>0x20008ef1</value>
         <object_component_ref idref="oc-58c"/>
      </symbol>
      <symbol id="sm-784">
         <name>_SlDriverHandleError</name>
         <value>0x20006f25</value>
         <object_component_ref idref="oc-36f"/>
      </symbol>
      <symbol id="sm-785">
         <name>_SlDrvDriverCBDeinit</name>
         <value>0x20005fc9</value>
         <object_component_ref idref="oc-1fb"/>
      </symbol>
      <symbol id="sm-786">
         <name>_SlDrvStartMeasureTimeout</name>
         <value>0x20008cc7</value>
         <object_component_ref idref="oc-429"/>
      </symbol>
      <symbol id="sm-787">
         <name>_SlDrvResetCmdExt</name>
         <value>0x20008f01</value>
         <object_component_ref idref="oc-20a"/>
      </symbol>
      <symbol id="sm-788">
         <name>_SlDrvIsTimeoutExpired</name>
         <value>0x200076c5</value>
         <object_component_ref idref="oc-42f"/>
      </symbol>
      <symbol id="sm-789">
         <name>_SlDrvProtectAsyncRespSetting</name>
         <value>0x200083a1</value>
         <object_component_ref idref="oc-198"/>
      </symbol>
      <symbol id="sm-78a">
         <name>_SlDrvReleasePoolObj</name>
         <value>0x200053a5</value>
         <object_component_ref idref="oc-1b6"/>
      </symbol>
      <symbol id="sm-78b">
         <name>OpcodeTranslateTable</name>
         <value>0x20009260</value>
         <object_component_ref idref="oc-4ea"/>
      </symbol>
      <symbol id="sm-78c">
         <name>pPingCallBackFunc</name>
         <value>0x20017244</value>
         <object_component_ref idref="oc-1c5"/>
      </symbol>
      <symbol id="sm-78d">
         <name>_SlDrvDriverCBInit</name>
         <value>0x20005575</value>
         <object_component_ref idref="oc-18c"/>
      </symbol>
      <symbol id="sm-78e">
         <name>g_pCB</name>
         <value>0x20017240</value>
         <object_component_ref idref="oc-1c5"/>
      </symbol>
      <symbol id="sm-78f">
         <name>_SlDrvProtectionObjLockWaitForever</name>
         <value>0x200089e1</value>
         <object_component_ref idref="oc-341"/>
      </symbol>
      <symbol id="sm-790">
         <name>_SlDrvCmdOp</name>
         <value>0x20006ba5</value>
         <object_component_ref idref="oc-1df"/>
      </symbol>
      <symbol id="sm-791">
         <name>_SlDrvSyncObjWaitTimeout</name>
         <value>0x200085e5</value>
         <object_component_ref idref="oc-1b0"/>
      </symbol>
      <symbol id="sm-792">
         <name>_SlDrvGlobalObjUnLock</name>
         <value>0x20008a89</value>
         <object_component_ref idref="oc-3a9"/>
      </symbol>
      <symbol id="sm-793">
         <name>_SlDrvMemZero</name>
         <value>0x20008e89</value>
         <object_component_ref idref="oc-2c3"/>
      </symbol>
      <symbol id="sm-794">
         <name>_SlDrvWaitForPoolObj</name>
         <value>0x200058c5</value>
         <object_component_ref idref="oc-33b"/>
      </symbol>
      <symbol id="sm-795">
         <name>_SlDrvSyncObjSignal</name>
         <value>0x20008c31</value>
         <object_component_ref idref="oc-37c"/>
      </symbol>
      <symbol id="sm-796">
         <name>_SlDrvRxIrqHandler</name>
         <value>0x200081bd</value>
         <object_component_ref idref="oc-1c8"/>
      </symbol>
      <symbol id="sm-797">
         <name>_SlDrvSyncObjWaitForever</name>
         <value>0x20008ad9</value>
         <object_component_ref idref="oc-46a"/>
      </symbol>
      <symbol id="sm-798">
         <name>g_SlDeviceStatus</name>
         <value>0x2001723c</value>
         <object_component_ref idref="oc-1c5"/>
      </symbol>
      <symbol id="sm-799">
         <name>_SlDrvCmdSend</name>
         <value>0x20007cc5</value>
         <object_component_ref idref="oc-5e3"/>
      </symbol>
      <symbol id="sm-79a">
         <name>_SlActionLookupTable</name>
         <value>0x2000929c</value>
         <object_component_ref idref="oc-544"/>
      </symbol>
      <symbol id="sm-821">
         <name>sl_NetAppMDNSUnRegisterService</name>
         <value>0x20007ecd</value>
         <object_component_ref idref="oc-108"/>
      </symbol>
      <symbol id="sm-822">
         <name>_SlNetAppSendTokenValueCmdCtrl</name>
         <value>0x200093b4</value>
         <object_component_ref idref="oc-5e9"/>
      </symbol>
      <symbol id="sm-823">
         <name>_sl_HandleAsync_DnsGetHostByName</name>
         <value>0x200073fd</value>
         <object_component_ref idref="oc-580"/>
      </symbol>
      <symbol id="sm-824">
         <name>_sl_HandleAsync_PingResponse</name>
         <value>0x2000748d</value>
         <object_component_ref idref="oc-530"/>
      </symbol>
      <symbol id="sm-825">
         <name>_SlDrvNetAppEventHandler</name>
         <value>0x200060f9</value>
         <object_component_ref idref="oc-52a"/>
      </symbol>
      <symbol id="sm-826">
         <name>_sl_HandleAsync_DnsGetHostByService</name>
         <value>0x20006949</value>
         <object_component_ref idref="oc-586"/>
      </symbol>
      <symbol id="sm-827">
         <name>_sl_NetAppSendTokenValue</name>
         <value>0x20007d31</value>
         <object_component_ref idref="oc-592"/>
      </symbol>
      <symbol id="sm-828">
         <name>sl_NetAppMDNSRegisterUnregisterService</name>
         <value>0x20006789</value>
         <object_component_ref idref="oc-238"/>
      </symbol>
      <symbol id="sm-84a">
         <name>sl_NetCfgSet</name>
         <value>0x200071a1</value>
         <object_component_ref idref="oc-f9"/>
      </symbol>
      <symbol id="sm-892">
         <name>_SlNonOsSemSet</name>
         <value>0x20008e15</value>
         <object_component_ref idref="oc-2c9"/>
      </symbol>
      <symbol id="sm-893">
         <name>_SlNonOsSpawn</name>
         <value>0x20007e05</value>
         <object_component_ref idref="oc-390"/>
      </symbol>
      <symbol id="sm-894">
         <name>_SlNonOsSemGet</name>
         <value>0x20006d25</value>
         <object_component_ref idref="oc-2cf"/>
      </symbol>
      <symbol id="sm-895">
         <name>_SlNonOsMainLoopTask</name>
         <value>0x20007be1</value>
         <object_component_ref idref="oc-cf"/>
      </symbol>
      <symbol id="sm-896">
         <name>g__SlNonOsCB</name>
         <value>0x200171ec</value>
         <object_component_ref idref="oc-1da"/>
      </symbol>
      <symbol id="sm-8bd">
         <name>_sl_HandleAsync_Connect</name>
         <value>0x2000796d</value>
         <object_component_ref idref="oc-5a8"/>
      </symbol>
      <symbol id="sm-8be">
         <name>_sl_HandleAsync_Select</name>
         <value>0x20008211</value>
         <object_component_ref idref="oc-5ae"/>
      </symbol>
      <symbol id="sm-8bf">
         <name>_sl_HandleAsync_Accept</name>
         <value>0x20007e69</value>
         <object_component_ref idref="oc-5a2"/>
      </symbol>
      <symbol id="sm-968">
         <name>sl_WlanDisconnect</name>
         <value>0x20008855</value>
         <object_component_ref idref="oc-f3"/>
      </symbol>
      <symbol id="sm-969">
         <name>sl_WlanPolicySet</name>
         <value>0x2000751d</value>
         <object_component_ref idref="oc-e7"/>
      </symbol>
      <symbol id="sm-96a">
         <name>sl_WlanSmartConfigStart</name>
         <value>0x20006c65</value>
         <object_component_ref idref="oc-12c"/>
      </symbol>
      <symbol id="sm-96b">
         <name>sl_WlanProfileDel</name>
         <value>0x20007ff9</value>
         <object_component_ref idref="oc-ed"/>
      </symbol>
      <symbol id="sm-96c">
         <name>sl_WlanRxFilterSet</name>
         <value>0x20007865</value>
         <object_component_ref idref="oc-10e"/>
      </symbol>
      <symbol id="sm-96d">
         <name>sl_WlanSet</name>
         <value>0x20007239</value>
         <object_component_ref idref="oc-ff"/>
      </symbol>
      <symbol id="sm-96e">
         <name>sl_WlanSetMode</name>
         <value>0x20008059</value>
         <object_component_ref idref="oc-d5"/>
      </symbol>
      <symbol id="sm-a8e">
         <name>g_ucDinDout</name>
         <value>0x20017168</value>
      </symbol>
      <symbol id="sm-a8f">
         <name>g_cDummy</name>
         <value>0x200171e6</value>
      </symbol>
      <symbol id="sm-a90">
         <name>NwpMaskInterrupt</name>
         <value>0x20008f2d</value>
         <object_component_ref idref="oc-34e"/>
      </symbol>
      <symbol id="sm-a91">
         <name>NwpPrePowerOffTimout0</name>
         <value>0x20008bf1</value>
         <object_component_ref idref="oc-1ef"/>
      </symbol>
      <symbol id="sm-a92">
         <name>NwpRegisterInterruptHandler</name>
         <value>0x200086ed</value>
         <object_component_ref idref="oc-1a4"/>
      </symbol>
      <symbol id="sm-a93">
         <name>g_pHostIntHdl</name>
         <value>0x20017268</value>
         <object_component_ref idref="oc-328"/>
      </symbol>
      <symbol id="sm-a94">
         <name>simplelink_timerA2_start</name>
         <value>0x200087a5</value>
         <object_component_ref idref="oc-510"/>
      </symbol>
      <symbol id="sm-a95">
         <name>NwpUnMaskInterrupt</name>
         <value>0x20008f39</value>
         <object_component_ref idref="oc-368"/>
      </symbol>
      <symbol id="sm-a96">
         <name>NwpPowerOff</name>
         <value>0x2000881d</value>
         <object_component_ref idref="oc-19e"/>
      </symbol>
      <symbol id="sm-a97">
         <name>TimerGetCurrentTimestamp</name>
         <value>0x20008c11</value>
         <object_component_ref idref="oc-4be"/>
      </symbol>
      <symbol id="sm-a98">
         <name>spi_Read</name>
         <value>0x200062ed</value>
         <object_component_ref idref="oc-4dd"/>
      </symbol>
      <symbol id="sm-a99">
         <name>DmaSpiSwIntHandler</name>
         <value>0x20008b01</value>
         <object_component_ref idref="oc-32e"/>
      </symbol>
      <symbol id="sm-a9a">
         <name>NwpPowerOn</name>
         <value>0x2000895d</value>
         <object_component_ref idref="oc-1aa"/>
      </symbol>
      <symbol id="sm-a9b">
         <name>spi_Close</name>
         <value>0x20007b69</value>
         <object_component_ref idref="oc-1f5"/>
      </symbol>
      <symbol id="sm-a9c">
         <name>spi_Write</name>
         <value>0x200072d1</value>
         <object_component_ref idref="oc-493"/>
      </symbol>
      <symbol id="sm-a9d">
         <name>spi_Open</name>
         <value>0x20005d3d</value>
         <object_component_ref idref="oc-192"/>
      </symbol>
      <symbol id="sm-a9e">
         <name>g_ucDMAEnabled</name>
         <value>0x2001726c</value>
         <object_component_ref idref="oc-328"/>
      </symbol>
      <symbol id="sm-a9f">
         <name>g_SpiFd</name>
         <value>0x20017264</value>
         <object_component_ref idref="oc-328"/>
      </symbol>
      <symbol id="sm-b5b">
         <name>SPIFIFODisable</name>
         <value>0x20008d4f</value>
         <object_component_ref idref="oc-3c7"/>
      </symbol>
      <symbol id="sm-b5c">
         <name>SPICSEnable</name>
         <value>0x20008dcd</value>
         <object_component_ref idref="oc-4f4"/>
      </symbol>
      <symbol id="sm-b5d">
         <name>SPIDisable</name>
         <value>0x20008de5</value>
         <object_component_ref idref="oc-2e0"/>
      </symbol>
      <symbol id="sm-b5e">
         <name>SPIFIFOEnable</name>
         <value>0x20008d69</value>
         <object_component_ref idref="oc-304"/>
      </symbol>
      <symbol id="sm-b5f">
         <name>SPIWordCountSet</name>
         <value>0x20008b8f</value>
         <object_component_ref idref="oc-4fa"/>
      </symbol>
      <symbol id="sm-b60">
         <name>SPIEnable</name>
         <value>0x20008dfd</value>
         <object_component_ref idref="oc-322"/>
      </symbol>
      <symbol id="sm-b61">
         <name>SPIDmaEnable</name>
         <value>0x20008d35</value>
         <object_component_ref idref="oc-30a"/>
      </symbol>
      <symbol id="sm-b62">
         <name>SPIConfigSetExpClk</name>
         <value>0x20006fc9</value>
         <object_component_ref idref="oc-2f2"/>
      </symbol>
      <symbol id="sm-b63">
         <name>SPIIntUnregister</name>
         <value>0x20008d83</value>
         <object_component_ref idref="oc-3c1"/>
      </symbol>
      <symbol id="sm-b64">
         <name>SPIFIFOLevelSet</name>
         <value>0x200088f9</value>
         <object_component_ref idref="oc-310"/>
      </symbol>
      <symbol id="sm-b65">
         <name>SPIDmaDisable</name>
         <value>0x20008d1b</value>
         <object_component_ref idref="oc-3cd"/>
      </symbol>
      <symbol id="sm-b66">
         <name>SPIReset</name>
         <value>0x20008b6d</value>
         <object_component_ref idref="oc-2e6"/>
      </symbol>
      <symbol id="sm-b67">
         <name>SPIIntEnable</name>
         <value>0x20008309</value>
         <object_component_ref idref="oc-31c"/>
      </symbol>
      <symbol id="sm-b68">
         <name>SPIIntClear</name>
         <value>0x200084cd</value>
         <object_component_ref idref="oc-463"/>
      </symbol>
      <symbol id="sm-b69">
         <name>SPICSDisable</name>
         <value>0x20008db5</value>
         <object_component_ref idref="oc-2da"/>
      </symbol>
      <symbol id="sm-b9c">
         <name>TimerLoadSet</name>
         <value>0x20008a0d</value>
         <object_component_ref idref="oc-564"/>
      </symbol>
      <symbol id="sm-b9d">
         <name>TimerEnable</name>
         <value>0x20008c6f</value>
         <object_component_ref idref="oc-56a"/>
      </symbol>
      <symbol id="sm-b9e">
         <name>TimerValueGet</name>
         <value>0x20008cab</value>
         <object_component_ref idref="oc-516"/>
      </symbol>
      <symbol id="sm-b9f">
         <name>TimerPrescaleSet</name>
         <value>0x20008a37</value>
         <object_component_ref idref="oc-55e"/>
      </symbol>
      <symbol id="sm-ba0">
         <name>TimerConfigure</name>
         <value>0x200085a1</value>
         <object_component_ref idref="oc-558"/>
      </symbol>
      <symbol id="sm-bf7">
         <name>uDMAChannelControlSet</name>
         <value>0x200087e1</value>
         <object_component_ref idref="oc-5bc"/>
      </symbol>
      <symbol id="sm-bf8">
         <name>uDMAChannelAttributeEnable</name>
         <value>0x20007f95</value>
         <object_component_ref idref="oc-5c2"/>
      </symbol>
      <symbol id="sm-bf9">
         <name>uDMAChannelTransferSet</name>
         <value>0x200063dd</value>
         <object_component_ref idref="oc-5c8"/>
      </symbol>
      <symbol id="sm-bfa">
         <name>uDMAChannelAssign</name>
         <value>0x20008439</value>
         <object_component_ref idref="oc-441"/>
      </symbol>
      <symbol id="sm-bfb">
         <name>uDMAChannelAttributeDisable</name>
         <value>0x20007f31</value>
         <object_component_ref idref="oc-447"/>
      </symbol>
      <symbol id="sm-bfc">
         <name>uDMAChannelEnable</name>
         <value>0x20008ce5</value>
         <object_component_ref idref="oc-5ce"/>
      </symbol>
      <symbol id="sm-bfd">
         <name>__TI_static_base__</name>
         <value>0x200093e0</value>
      </symbol>
      <symbol id="sm-c00">
         <name>SHT$$INIT_ARRAY$$Limit</name>
         <value>0x0</value>
      </symbol>
      <symbol id="sm-c01">
         <name>SHT$$INIT_ARRAY$$Base</name>
         <value>0x0</value>
      </symbol>
   </symbol_table>
   <title>Link successful</title>
</link_info>
